Component: Arm Compiler for Embedded 6.23 Tool: armlink [5f102400]

==============================================================================

Section Cross References

    startup_stm32f103xb.o(STACK) refers (Special) to heapauxi.o(.text) for __use_two_region_memory
    startup_stm32f103xb.o(HEAP) refers (Special) to heapauxi.o(.text) for __use_two_region_memory
    startup_stm32f103xb.o(RESET) refers (Special) to heapauxi.o(.text) for __use_two_region_memory
    startup_stm32f103xb.o(RESET) refers to startup_stm32f103xb.o(STACK) for __initial_sp
    startup_stm32f103xb.o(RESET) refers to startup_stm32f103xb.o(.text) for Reset_Handler
    startup_stm32f103xb.o(RESET) refers to stm32f1xx_it.o(.text.NMI_Handler) for NMI_Handler
    startup_stm32f103xb.o(RESET) refers to stm32f1xx_it.o(.text.HardFault_Handler) for HardFault_Handler
    startup_stm32f103xb.o(RESET) refers to stm32f1xx_it.o(.text.MemManage_Handler) for MemManage_Handler
    startup_stm32f103xb.o(RESET) refers to stm32f1xx_it.o(.text.BusFault_Handler) for BusFault_Handler
    startup_stm32f103xb.o(RESET) refers to stm32f1xx_it.o(.text.UsageFault_Handler) for UsageFault_Handler
    startup_stm32f103xb.o(RESET) refers to stm32f1xx_it.o(.text.SVC_Handler) for SVC_Handler
    startup_stm32f103xb.o(RESET) refers to stm32f1xx_it.o(.text.DebugMon_Handler) for DebugMon_Handler
    startup_stm32f103xb.o(RESET) refers to stm32f1xx_it.o(.text.PendSV_Handler) for PendSV_Handler
    startup_stm32f103xb.o(RESET) refers to stm32f1xx_it.o(.text.SysTick_Handler) for SysTick_Handler
    startup_stm32f103xb.o(RESET) refers to stm32f1xx_it.o(.text.DMA1_Channel1_IRQHandler) for DMA1_Channel1_IRQHandler
    startup_stm32f103xb.o(RESET) refers to stm32f1xx_it.o(.text.DMA1_Channel3_IRQHandler) for DMA1_Channel3_IRQHandler
    startup_stm32f103xb.o(RESET) refers to stm32f1xx_it.o(.text.ADC1_2_IRQHandler) for ADC1_2_IRQHandler
    startup_stm32f103xb.o(RESET) refers to stm32f1xx_it.o(.text.USB_LP_CAN1_RX0_IRQHandler) for USB_LP_CAN1_RX0_IRQHandler
    startup_stm32f103xb.o(RESET) refers to stm32f1xx_it.o(.text.TIM3_IRQHandler) for TIM3_IRQHandler
    startup_stm32f103xb.o(.text) refers (Special) to heapauxi.o(.text) for __use_two_region_memory
    startup_stm32f103xb.o(.text) refers to system_stm32f1xx.o(.text.SystemInit) for SystemInit
    startup_stm32f103xb.o(.text) refers to __main.o(!!!main) for __main
    startup_stm32f103xb.o(.text) refers to startup_stm32f103xb.o(HEAP) for Heap_Mem
    startup_stm32f103xb.o(.text) refers to startup_stm32f103xb.o(STACK) for Stack_Mem
    st7789.o(.text.ST7789_TransmitCommand) refers to stm32f1xx_hal_gpio.o(.text.HAL_GPIO_WritePin) for HAL_GPIO_WritePin
    st7789.o(.text.ST7789_TransmitCommand) refers to main.o(.bss.hspi1) for hspi1
    st7789.o(.text.ST7789_TransmitCommand) refers to stm32f1xx_hal_spi.o(.text.HAL_SPI_Transmit) for HAL_SPI_Transmit
    st7789.o(.ARM.exidx.text.ST7789_TransmitCommand) refers to st7789.o(.text.ST7789_TransmitCommand) for [Anonymous Symbol]
    st7789.o(.text.ST7789_TransmitSingleData) refers to stm32f1xx_hal_gpio.o(.text.HAL_GPIO_WritePin) for HAL_GPIO_WritePin
    st7789.o(.text.ST7789_TransmitSingleData) refers to main.o(.bss.hspi1) for hspi1
    st7789.o(.text.ST7789_TransmitSingleData) refers to stm32f1xx_hal_spi.o(.text.HAL_SPI_Transmit) for HAL_SPI_Transmit
    st7789.o(.ARM.exidx.text.ST7789_TransmitSingleData) refers to st7789.o(.text.ST7789_TransmitSingleData) for [Anonymous Symbol]
    st7789.o(.text.ST7789_TransmitData) refers to stm32f1xx_hal_gpio.o(.text.HAL_GPIO_WritePin) for HAL_GPIO_WritePin
    st7789.o(.text.ST7789_TransmitData) refers to main.o(.bss.hspi1) for hspi1
    st7789.o(.text.ST7789_TransmitData) refers to stm32f1xx_hal_spi.o(.text.HAL_SPI_Transmit) for HAL_SPI_Transmit
    st7789.o(.ARM.exidx.text.ST7789_TransmitData) refers to st7789.o(.text.ST7789_TransmitData) for [Anonymous Symbol]
    st7789.o(.text.ST7789_Reset) refers to stm32f1xx_hal.o(.text.HAL_Delay) for HAL_Delay
    st7789.o(.text.ST7789_Reset) refers to stm32f1xx_hal_gpio.o(.text.HAL_GPIO_WritePin) for HAL_GPIO_WritePin
    st7789.o(.ARM.exidx.text.ST7789_Reset) refers to st7789.o(.text.ST7789_Reset) for [Anonymous Symbol]
    st7789.o(.text.ST7789_SetRotation) refers to st7789.o(.data..L_MergedGlobals) for .L_MergedGlobals
    st7789.o(.text.ST7789_SetRotation) refers to stm32f1xx_hal_gpio.o(.text.HAL_GPIO_WritePin) for HAL_GPIO_WritePin
    st7789.o(.text.ST7789_SetRotation) refers to main.o(.bss.hspi1) for hspi1
    st7789.o(.text.ST7789_SetRotation) refers to stm32f1xx_hal_spi.o(.text.HAL_SPI_Transmit) for HAL_SPI_Transmit
    st7789.o(.ARM.exidx.text.ST7789_SetRotation) refers to st7789.o(.text.ST7789_SetRotation) for [Anonymous Symbol]
    st7789.o(.text.ST7789_InvertColors) refers to stm32f1xx_hal_gpio.o(.text.HAL_GPIO_WritePin) for HAL_GPIO_WritePin
    st7789.o(.text.ST7789_InvertColors) refers to main.o(.bss.hspi1) for hspi1
[...]
    HAL_ADC_ErrorCallback                    0x080026b1   Thumb Code     2  stm32f1xx_hal_adc.o(.text.HAL_ADC_ErrorCallback)
    HAL_ADC_GetValue                         0x080026b5   Thumb Code     6  stm32f1xx_hal_adc.o(.text.HAL_ADC_GetValue)
    HAL_ADC_IRQHandler                       0x080026bd   Thumb Code   256  stm32f1xx_hal_adc.o(.text.HAL_ADC_IRQHandler)
    HAL_ADC_Init                             0x080027bd   Thumb Code   328  stm32f1xx_hal_adc.o(.text.HAL_ADC_Init)
    HAL_ADC_LevelOutOfWindowCallback         0x08002905   Thumb Code     2  stm32f1xx_hal_adc.o(.text.HAL_ADC_LevelOutOfWindowCallback)
    HAL_ADC_MspInit                          0x08002909   Thumb Code   258  stm32f1xx_hal_msp.o(.text.HAL_ADC_MspInit)
    HAL_ADC_PollForConversion                0x08002a0d   Thumb Code   474  stm32f1xx_hal_adc.o(.text.HAL_ADC_PollForConversion)
    HAL_ADC_Start                            0x08002be9   Thumb Code   334  stm32f1xx_hal_adc.o(.text.HAL_ADC_Start)
    HAL_ADC_Start_DMA                        0x08002d39   Thumb Code   424  stm32f1xx_hal_adc.o(.text.HAL_ADC_Start_DMA)
    HAL_ADC_Stop                             0x08002ee1   Thumb Code   112  stm32f1xx_hal_adc.o(.text.HAL_ADC_Stop)
    HAL_DMA_IRQHandler                       0x08002f51   Thumb Code   412  stm32f1xx_hal_dma.o(.text.HAL_DMA_IRQHandler)
    HAL_DMA_Init                             0x080030ed   Thumb Code   116  stm32f1xx_hal_dma.o(.text.HAL_DMA_Init)
    HAL_DMA_Start_IT                         0x08003161   Thumb Code   160  stm32f1xx_hal_dma.o(.text.HAL_DMA_Start_IT)
    HAL_Delay                                0x08003201   Thumb Code    40  stm32f1xx_hal.o(.text.HAL_Delay)
    HAL_FLASHEx_Erase                        0x08003229   Thumb Code   238  stm32f1xx_hal_flash_ex.o(.text.HAL_FLASHEx_Erase)
    HAL_FLASH_Lock                           0x08003319   Thumb Code    20  stm32f1xx_hal_flash.o(.text.HAL_FLASH_Lock)
    HAL_FLASH_Program                        0x0800332d   Thumb Code   278  stm32f1xx_hal_flash.o(.text.HAL_FLASH_Program)
    HAL_FLASH_Unlock                         0x08003445   Thumb Code    46  stm32f1xx_hal_flash.o(.text.HAL_FLASH_Unlock)
    HAL_GPIO_Init                            0x08003475   Thumb Code   530  stm32f1xx_hal_gpio.o(.text.HAL_GPIO_Init)
    HAL_GPIO_ReadPin                         0x08003689   Thumb Code    10  stm32f1xx_hal_gpio.o(.text.HAL_GPIO_ReadPin)
    HAL_GPIO_WritePin                        0x08003695   Thumb Code    10  stm32f1xx_hal_gpio.o(.text.HAL_GPIO_WritePin)
    HAL_GetTick                              0x080036a1   Thumb Code    12  stm32f1xx_hal.o(.text.HAL_GetTick)
    HAL_IncTick                              0x080036ad   Thumb Code    26  stm32f1xx_hal.o(.text.HAL_IncTick)
    HAL_Init                                 0x080036c9   Thumb Code    38  stm32f1xx_hal.o(.text.HAL_Init)
    HAL_InitTick                             0x080036f1   Thumb Code    72  stm32f1xx_hal.o(.text.HAL_InitTick)
    HAL_MspInit                              0x08003739   Thumb Code    66  stm32f1xx_hal_msp.o(.text.HAL_MspInit)
    HAL_NVIC_EnableIRQ                       0x0800377d   Thumb Code    34  stm32f1xx_hal_cortex.o(.text.HAL_NVIC_EnableIRQ)
    HAL_NVIC_SetPriority                     0x080037a1   Thumb Code    86  stm32f1xx_hal_cortex.o(.text.HAL_NVIC_SetPriority)
    HAL_NVIC_SetPriorityGrouping             0x080037f9   Thumb Code    32  stm32f1xx_hal_cortex.o(.text.HAL_NVIC_SetPriorityGrouping)
    HAL_PCDEx_PMAConfig                      0x08003819   Thumb Code    64  stm32f1xx_hal_pcd_ex.o(.text.HAL_PCDEx_PMAConfig)
    HAL_PCDEx_SetConnectionState             0x08003859   Thumb Code     2  usbd_conf.o(.text.HAL_PCDEx_SetConnectionState)
    HAL_PCD_DataInStageCallback              0x0800385d   Thumb Code    16  usbd_conf.o(.text.HAL_PCD_DataInStageCallback)
    HAL_PCD_DataOutStageCallback             0x0800386d   Thumb Code    18  usbd_conf.o(.text.HAL_PCD_DataOutStageCallback)
    HAL_PCD_EP_Close                         0x08003881   Thumb Code    82  stm32f1xx_hal_pcd.o(.text.HAL_PCD_EP_Close)
    HAL_PCD_EP_ClrStall                      0x080038d5   Thumb Code    96  stm32f1xx_hal_pcd.o(.text.HAL_PCD_EP_ClrStall)
    HAL_PCD_EP_GetRxCount                    0x08003935   Thumb Code    14  stm32f1xx_hal_pcd.o(.text.HAL_PCD_EP_GetRxCount)
    HAL_PCD_EP_Open                          0x08003945   Thumb Code   108  stm32f1xx_hal_pcd.o(.text.HAL_PCD_EP_Open)
    HAL_PCD_EP_Receive                       0x080039b1   Thumb Code    46  stm32f1xx_hal_pcd.o(.text.HAL_PCD_EP_Receive)
    HAL_PCD_EP_SetStall                      0x080039e1   Thumb Code   104  stm32f1xx_hal_pcd.o(.text.HAL_PCD_EP_SetStall)
    HAL_PCD_EP_Transmit                      0x08003a49   Thumb Code    40  stm32f1xx_hal_pcd.o(.text.HAL_PCD_EP_Transmit)
    HAL_PCD_IRQHandler                       0x08003a71   Thumb Code  1190  stm32f1xx_hal_pcd.o(.text.HAL_PCD_IRQHandler)
    HAL_PCD_Init                             0x08003f19   Thumb Code   328  stm32f1xx_hal_pcd.o(.text.HAL_PCD_Init)
    HAL_PCD_MspInit                          0x08004061   Thumb Code    68  usbd_conf.o(.text.HAL_PCD_MspInit)
    HAL_PCD_ResetCallback                    0x080040a5   Thumb Code    36  usbd_conf.o(.text.HAL_PCD_ResetCallback)
    HAL_PCD_ResumeCallback                   0x080040c9   Thumb Code     8  usbd_conf.o(.text.HAL_PCD_ResumeCallback)
    HAL_PCD_SOFCallback                      0x080040d1   Thumb Code     8  usbd_conf.o(.text.HAL_PCD_SOFCallback)
    HAL_PCD_SetAddress                       0x080040d9   Thumb Code    42  stm32f1xx_hal_pcd.o(.text.HAL_PCD_SetAddress)
    HAL_PCD_SetupStageCallback               0x08004105   Thumb Code    14  usbd_conf.o(.text.HAL_PCD_SetupStageCallback)
    HAL_PCD_Start                            0x08004115   Thumb Code    46  stm32f1xx_hal_pcd.o(.text.HAL_PCD_Start)
    HAL_PCD_SuspendCallback                  0x08004145   Thumb Code    38  usbd_conf.o(.text.HAL_PCD_SuspendCallback)
    HAL_RCCEx_GetPeriphCLKFreq               0x0800416d   Thumb Code   228  stm32f1xx_hal_rcc_ex.o(.text.HAL_RCCEx_GetPeriphCLKFreq)
    HAL_RCCEx_PeriphCLKConfig                0x08004265   Thumb Code   258  stm32f1xx_hal_rcc_ex.o(.text.HAL_RCCEx_PeriphCLKConfig)
    HAL_RCC_ClockConfig                      0x08004369   Thumb Code   442  stm32f1xx_hal_rcc.o(.text.HAL_RCC_ClockConfig)
    HAL_RCC_GetPCLK2Freq                     0x08004525   Thumb Code    38  stm32f1xx_hal_rcc.o(.text.HAL_RCC_GetPCLK2Freq)
    HAL_RCC_OscConfig                        0x0800454d   Thumb Code  1024  stm32f1xx_hal_rcc.o(.text.HAL_RCC_OscConfig)
    HAL_SPI_Init                             0x0800494d   Thumb Code   130  stm32f1xx_hal_spi.o(.text.HAL_SPI_Init)
    HAL_SPI_MspInit                          0x080049d1   Thumb Code   166  stm32f1xx_hal_msp.o(.text.HAL_SPI_MspInit)
    HAL_SPI_Transmit                         0x08004a79   Thumb Code   584  stm32f1xx_hal_spi.o(.text.HAL_SPI_Transmit)
    HAL_SYSTICK_Config                       0x08004cc1   Thumb Code    44  stm32f1xx_hal_cortex.o(.text.HAL_SYSTICK_Config)
    HAL_TIMEx_BreakCallback                  0x08004ced   Thumb Code     2  stm32f1xx_hal_tim_ex.o(.text.HAL_TIMEx_BreakCallback)
    HAL_TIMEx_CommutCallback                 0x08004cf1   Thumb Code     2  stm32f1xx_hal_tim_ex.o(.text.HAL_TIMEx_CommutCallback)
    HAL_TIMEx_ConfigBreakDeadTime            0x08004cf5   Thumb Code    76  stm32f1xx_hal_tim_ex.o(.text.HAL_TIMEx_ConfigBreakDeadTime)
    HAL_TIMEx_MasterConfigSynchronization    0x08004d41   Thumb Code    68  stm32f1xx_hal_tim_ex.o(.text.HAL_TIMEx_MasterConfigSynchronization)
    HAL_TIMEx_PWMN_Start                     0x08004d85   Thumb Code    56  stm32f1xx_hal_tim_ex.o(.text.HAL_TIMEx_PWMN_Start)
    HAL_TIMEx_PWMN_Stop                      0x08004dbd   Thumb Code    92  stm32f1xx_hal_tim_ex.o(.text.HAL_TIMEx_PWMN_Stop)
    HAL_TIM_Base_Init                        0x08004e19   Thumb Code   200  stm32f1xx_hal_tim.o(.text.HAL_TIM_Base_Init)
    HAL_TIM_Base_MspInit                     0x08004ee1   Thumb Code   108  stm32f1xx_hal_msp.o(.text.HAL_TIM_Base_MspInit)
    HAL_TIM_Base_Start_IT                    0x08004f4d   Thumb Code    32  stm32f1xx_hal_tim.o(.text.HAL_TIM_Base_Start_IT)
    HAL_TIM_ConfigClockSource                0x08004f6d   Thumb Code   402  stm32f1xx_hal_tim.o(.text.HAL_TIM_ConfigClockSource)
    HAL_TIM_Encoder_Init                     0x08005101   Thumb Code   312  stm32f1xx_hal_tim.o(.text.HAL_TIM_Encoder_Init)
    HAL_TIM_Encoder_MspInit                  0x08005239   Thumb Code   246  stm32f1xx_hal_msp.o(.text.HAL_TIM_Encoder_MspInit)
    HAL_TIM_Encoder_Start                    0x08005331   Thumb Code    58  stm32f1xx_hal_tim.o(.text.HAL_TIM_Encoder_Start)
    HAL_TIM_IC_CaptureCallback               0x0800536d   Thumb Code     2  stm32f1xx_hal_tim.o(.text.HAL_TIM_IC_CaptureCallback)
    HAL_TIM_IRQHandler                       0x08005371   Thumb Code   368  stm32f1xx_hal_tim.o(.text.HAL_TIM_IRQHandler)
    HAL_TIM_MspPostInit                      0x080054e1   Thumb Code   222  stm32f1xx_hal_msp.o(.text.HAL_TIM_MspPostInit)
    HAL_TIM_OC_DelayElapsedCallback          0x080055c1   Thumb Code     2  stm32f1xx_hal_tim.o(.text.HAL_TIM_OC_DelayElapsedCallback)
    HAL_TIM_PWM_ConfigChannel                0x080055c5   Thumb Code   510  stm32f1xx_hal_tim.o(.text.HAL_TIM_PWM_ConfigChannel)
    HAL_TIM_PWM_Init                         0x080057c5   Thumb Code   200  stm32f1xx_hal_tim.o(.text.HAL_TIM_PWM_Init)
    HAL_TIM_PWM_MspInit                      0x0800588d   Thumb Code     2  stm32f1xx_hal_tim.o(.text.HAL_TIM_PWM_MspInit)
    HAL_TIM_PWM_PulseFinishedCallback        0x08005891   Thumb Code     2  stm32f1xx_hal_tim.o(.text.HAL_TIM_PWM_PulseFinishedCallback)
    HAL_TIM_PWM_Start                        0x08005895   Thumb Code    86  stm32f1xx_hal_tim.o(.text.HAL_TIM_PWM_Start)
    HAL_TIM_PWM_Stop                         0x080058ed   Thumb Code   112  stm32f1xx_hal_tim.o(.text.HAL_TIM_PWM_Stop)
    HAL_TIM_PeriodElapsedCallback            0x0800595d   Thumb Code   254  main.o(.text.HAL_TIM_PeriodElapsedCallback)
    HAL_TIM_TriggerCallback                  0x08005a5d   Thumb Code     2  stm32f1xx_hal_tim.o(.text.HAL_TIM_TriggerCallback)
    HardFault_Handler                        0x08005a61   Thumb Code     2  stm32f1xx_it.o(.text.HardFault_Handler)
    MX_USB_DEVICE_Init                       0x08005a65   Thumb Code   114  usb_device.o(.text.MX_USB_DEVICE_Init)
    MemManage_Handler                        0x08005ad9   Thumb Code     2  stm32f1xx_it.o(.text.MemManage_Handler)
    NMI_Handler                              0x08005add   Thumb Code     2  stm32f1xx_it.o(.text.NMI_Handler)
    PendSV_Handler                           0x08005ae1   Thumb Code     2  stm32f1xx_it.o(.text.PendSV_Handler)
    PowerStage_CloseLoop_CVCC_1kHz           0x08005ae5   Thumb Code  1410  main.o(.text.PowerStage_CloseLoop_CVCC_1kHz)
    ST7789_Color_GetFromRGB                  0x08006069   Thumb Code    20  st7789.o(.text.ST7789_Color_GetFromRGB)
    ST7789_DrawFilledRectangle               0x0800607d   Thumb Code    44  st7789.o(.text.ST7789_DrawFilledRectangle)
    ST7789_DrawPixel                         0x080060a9   Thumb Code   106  st7789.o(.text.ST7789_DrawPixel)
    ST7789_Fill                              0x08006115   Thumb Code   296  st7789.o(.text.ST7789_Fill)
    ST7789_FillScreen                        0x0800623d   Thumb Code    42  st7789.o(.text.ST7789_FillScreen)
    ST7789_Init                              0x08006269   Thumb Code  1878  st7789.o(.text.ST7789_Init)
    ST7789_PutChar                           0x080069c1   Thumb Code   514  st7789.o(.text.ST7789_PutChar)
    ST7789_PutString                         0x08006bc5   Thumb Code   144  st7789.o(.text.ST7789_PutString)
    ST7789_SetRotation                       0x08006c55   Thumb Code   176  st7789.o(.text.ST7789_SetRotation)
    SVC_Handler                              0x08006e61   Thumb Code     2  stm32f1xx_it.o(.text.SVC_Handler)
    SysTick_Handler                          0x08006e65   Thumb Code     4  stm32f1xx_it.o(.text.SysTick_Handler)
    SystemInit                               0x08006e69   Thumb Code    80  system_stm32f1xx.o(.text.SystemInit)
    TIM3_IRQHandler                          0x08006eb9   Thumb Code    12  stm32f1xx_it.o(.text.TIM3_IRQHandler)
    UI_Solider_EncoderAdjust                 0x08006ec5   Thumb Code   110  ui_solider.o(.text.UI_Solider_EncoderAdjust)
    UI_Solider_Enter                         0x08006f35   Thumb Code    74  ui_solider.o(.text.UI_Solider_Enter)
    UI_Solider_Exit                          0x08006f81   Thumb Code    14  ui_solider.o(.text.UI_Solider_Exit)
    UI_Solider_Init                          0x08006f91   Thumb Code   126  ui_solider.o(.text.UI_Solider_Init)
    UI_Solider_SelectPreset                  0x08007011   Thumb Code    40  ui_solider.o(.text.UI_Solider_SelectPreset)
    UI_Solider_Task                          0x08007039   Thumb Code  1120  ui_solider.o(.text.UI_Solider_Task)
    USBD_CDC_GetDeviceQualifierDescriptor    0x080075c1   Thumb Code    16  usbd_cdc.o(.text.USBD_CDC_GetDeviceQualifierDescriptor)
    USBD_CDC_ReceivePacket                   0x08007685   Thumb Code    44  usbd_cdc.o(.text.USBD_CDC_ReceivePacket)
    USBD_CDC_RegisterInterface               0x080076b1   Thumb Code    14  usbd_cdc.o(.text.USBD_CDC_RegisterInterface)
    USBD_CDC_SetRxBuffer                     0x080076c1   Thumb Code    12  usbd_cdc.o(.text.USBD_CDC_SetRxBuffer)
    USBD_CDC_SetTxBuffer                     0x080076cd   Thumb Code    16  usbd_cdc.o(.text.USBD_CDC_SetTxBuffer)
    USBD_ClrClassConfig                      0x080077a5   Thumb Code    14  usbd_core.o(.text.USBD_ClrClassConfig)
    USBD_CtlContinueRx                       0x080077b5   Thumb Code    16  usbd_ioreq.o(.text.USBD_CtlContinueRx)
    USBD_CtlContinueSendData                 0x080077c5   Thumb Code    16  usbd_ioreq.o(.text.USBD_CtlContinueSendData)
    USBD_CtlError                            0x080077d5   Thumb Code    22  usbd_ctlreq.o(.text.USBD_CtlError)
    USBD_CtlPrepareRx                        0x080077ed   Thumb Code    26  usbd_ioreq.o(.text.USBD_CtlPrepareRx)
    USBD_CtlReceiveStatus                    0x08007809   Thumb Code    22  usbd_ioreq.o(.text.USBD_CtlReceiveStatus)
    USBD_CtlSendData                         0x08007821   Thumb Code    26  usbd_ioreq.o(.text.USBD_CtlSendData)
    USBD_CtlSendStatus                       0x0800783d   Thumb Code    22  usbd_ioreq.o(.text.USBD_CtlSendStatus)
    USBD_FS_ConfigStrDescriptor              0x08007855   Thumb Code    24  usbd_desc.o(.text.USBD_FS_ConfigStrDescriptor)
    USBD_FS_DeviceDescriptor                 0x08007879   Thumb Code    14  usbd_desc.o(.text.USBD_FS_DeviceDescriptor)
    USBD_FS_InterfaceStrDescriptor           0x08007889   Thumb Code    24  usbd_desc.o(.text.USBD_FS_InterfaceStrDescriptor)
    USBD_FS_LangIDStrDescriptor              0x080078b1   Thumb Code    14  usbd_desc.o(.text.USBD_FS_LangIDStrDescriptor)
    USBD_FS_ManufacturerStrDescriptor        0x080078c1   Thumb Code    24  usbd_desc.o(.text.USBD_FS_ManufacturerStrDescriptor)
    USBD_FS_ProductStrDescriptor             0x080078e5   Thumb Code    24  usbd_desc.o(.text.USBD_FS_ProductStrDescriptor)
    USBD_FS_SerialStrDescriptor              0x08007915   Thumb Code   368  usbd_desc.o(.text.USBD_FS_SerialStrDescriptor)
    USBD_GetString                           0x08007a85   Thumb Code   210  usbd_ctlreq.o(.text.USBD_GetString)
    USBD_Init                                0x08007b59   Thumb Code    48  usbd_core.o(.text.USBD_Init)
    USBD_LL_ClearStallEP                     0x08007b89   Thumb Code    34  usbd_conf.o(.text.USBD_LL_ClearStallEP)
    USBD_LL_CloseEP                          0x08007bad   Thumb Code    34  usbd_conf.o(.text.USBD_LL_CloseEP)
    USBD_LL_DataInStage                      0x08007bd1   Thumb Code   202  usbd_core.o(.text.USBD_LL_DataInStage)
    USBD_LL_DataOutStage                     0x08007c9d   Thumb Code   124  usbd_core.o(.text.USBD_LL_DataOutStage)
    USBD_LL_GetRxDataSize                    0x08007d19   Thumb Code     8  usbd_conf.o(.text.USBD_LL_GetRxDataSize)
    USBD_LL_Init                             0x08007d21   Thumb Code   134  usbd_conf.o(.text.USBD_LL_Init)
    USBD_LL_IsStallEP                        0x08007da9   Thumb Code    34  usbd_conf.o(.text.USBD_LL_IsStallEP)
    USBD_LL_OpenEP                           0x08007dcd   Thumb Code    40  usbd_conf.o(.text.USBD_LL_OpenEP)
    USBD_LL_PrepareReceive                   0x08007df5   Thumb Code    34  usbd_conf.o(.text.USBD_LL_PrepareReceive)
    USBD_LL_Reset                            0x08007e19   Thumb Code    84  usbd_core.o(.text.USBD_LL_Reset)
    USBD_LL_Resume                           0x08007e6d   Thumb Code    20  usbd_core.o(.text.USBD_LL_Resume)
    USBD_LL_SOF                              0x08007e81   Thumb Code    28  usbd_core.o(.text.USBD_LL_SOF)
    USBD_LL_SetSpeed                         0x08007e9d   Thumb Code     8  usbd_core.o(.text.USBD_LL_SetSpeed)
    USBD_LL_SetUSBAddress                    0x08007ea5   Thumb Code    34  usbd_conf.o(.text.USBD_LL_SetUSBAddress)
    USBD_LL_SetupStage                       0x08007ec9   Thumb Code    92  usbd_core.o(.text.USBD_LL_SetupStage)
    USBD_LL_StallEP                          0x08007f25   Thumb Code    34  usbd_conf.o(.text.USBD_LL_StallEP)
    USBD_LL_Start                            0x08007f49   Thumb Code    34  usbd_conf.o(.text.USBD_LL_Start)
    USBD_LL_Suspend                          0x08007f6d   Thumb Code    20  usbd_core.o(.text.USBD_LL_Suspend)
    USBD_LL_Transmit                         0x08007f81   Thumb Code    34  usbd_conf.o(.text.USBD_LL_Transmit)
    USBD_ParseSetupRequest                   0x08007fa5   Thumb Code    22  usbd_ctlreq.o(.text.USBD_ParseSetupRequest)
    USBD_RegisterClass                       0x08007fbd   Thumb Code    14  usbd_core.o(.text.USBD_RegisterClass)
    USBD_SetClassConfig                      0x08007fcd   Thumb Code    28  usbd_core.o(.text.USBD_SetClassConfig)
    USBD_Start                               0x08007fe9   Thumb Code    10  usbd_core.o(.text.USBD_Start)
    USBD_StdDevReq                           0x08007ff5   Thumb Code   746  usbd_ctlreq.o(.text.USBD_StdDevReq)
    USBD_StdEPReq                            0x080082e1   Thumb Code   328  usbd_ctlreq.o(.text.USBD_StdEPReq)
    USBD_StdItfReq                           0x08008429   Thumb Code    84  usbd_ctlreq.o(.text.USBD_StdItfReq)
    USBD_static_free                         0x0800847d   Thumb Code     2  usbd_conf.o(.text.USBD_static_free)
    USBD_static_malloc                       0x08008481   Thumb Code    10  usbd_conf.o(.text.USBD_static_malloc)
    USB_ActivateEndpoint                     0x0800848d   Thumb Code   648  stm32f1xx_ll_usb.o(.text.USB_ActivateEndpoint)
    USB_CoreInit                             0x08008715   Thumb Code     4  stm32f1xx_ll_usb.o(.text.USB_CoreInit)
    USB_DeactivateEndpoint                   0x08008719   Thumb Code   222  stm32f1xx_ll_usb.o(.text.USB_DeactivateEndpoint)
    USB_DevConnect                           0x080087f9   Thumb Code     4  stm32f1xx_ll_usb.o(.text.USB_DevConnect)
    USB_DevDisconnect                        0x080087fd   Thumb Code     4  stm32f1xx_ll_usb.o(.text.USB_DevDisconnect)
    USB_DevInit                              0x08008801   Thumb Code    38  stm32f1xx_ll_usb.o(.text.USB_DevInit)
    USB_DisableGlobalInt                     0x08008829   Thumb Code    20  stm32f1xx_ll_usb.o(.text.USB_DisableGlobalInt)
    USB_EP0_OutStart                         0x0800883d   Thumb Code     4  stm32f1xx_ll_usb.o(.text.USB_EP0_OutStart)
    USB_EPClearStall                         0x08008841   Thumb Code   116  stm32f1xx_ll_usb.o(.text.USB_EPClearStall)
    USB_EPSetStall                           0x080088b5   Thumb Code    50  stm32f1xx_ll_usb.o(.text.USB_EPSetStall)
    USB_EPStartXfer                          0x080088e9   Thumb Code   666  stm32f1xx_ll_usb.o(.text.USB_EPStartXfer)
    USB_EnableGlobalInt                      0x08008b85   Thumb Code    18  stm32f1xx_ll_usb.o(.text.USB_EnableGlobalInt)
    USB_LP_CAN1_RX0_IRQHandler               0x08008b99   Thumb Code    12  stm32f1xx_it.o(.text.USB_LP_CAN1_RX0_IRQHandler)
    USB_ReadInterrupts                       0x08008ba5   Thumb Code     6  stm32f1xx_ll_usb.o(.text.USB_ReadInterrupts)
    USB_ReadPMA                              0x08008bad   Thumb Code   180  stm32f1xx_ll_usb.o(.text.USB_ReadPMA)
    USB_SetCurrentMode                       0x08008c61   Thumb Code     4  stm32f1xx_ll_usb.o(.text.USB_SetCurrentMode)
    USB_SetDevAddress                        0x08008c65   Thumb Code    14  stm32f1xx_ll_usb.o(.text.USB_SetDevAddress)
    UsageFault_Handler                       0x08008c75   Thumb Code     2  stm32f1xx_it.o(.text.UsageFault_Handler)
    handle_temp                              0x08009ec5   Thumb Code   378  main.o(.text.handle_temp)
    main                                     0x0800a041   Thumb Code  1644  main.o(.text.main)
    _btod_d2e                                0x0800ad25   Thumb Code    62  btod.o(CL$$btod_d2e)
    _d2e_denorm_low                          0x0800ad63   Thumb Code    70  btod.o(CL$$btod_d2e_denorm_low)
    _d2e_norm_op1                            0x0800ada9   Thumb Code    96  btod.o(CL$$btod_d2e_norm_op1)
    __btod_div_common                        0x0800ae09   Thumb Code   696  btod.o(CL$$btod_div_common)
    _e2e                                     0x0800b141   Thumb Code   220  btod.o(CL$$btod_e2e)
    _btod_ediv                               0x0800b21d   Thumb Code    42  btod.o(CL$$btod_ediv)
    _btod_emul                               0x0800b247   Thumb Code    42  btod.o(CL$$btod_emul)
    __btod_mult_common                       0x0800b271   Thumb Code   580  btod.o(CL$$btod_mult_common)
    __ARM_fpclassify                         0x0800b4b5   Thumb Code    40  fpclassify.o(i.__ARM_fpclassify)
    __mathlib_flt_divzero                    0x0800b4dd   Thumb Code    10  funder.o(i.__mathlib_flt_divzero)
    __mathlib_flt_infnan                     0x0800b4e7   Thumb Code     6  funder.o(i.__mathlib_flt_infnan)
    __mathlib_flt_invalid                    0x0800b4ed   Thumb Code     8  funder.o(i.__mathlib_flt_invalid)
    _is_digit                                0x0800b4f5   Thumb Code    14  __printf_wp.o(i._is_digit)
    __mathlib_logf                           0x0800b505   Thumb Code     0  logf.o(i.logf)
    logf                                     0x0800b505   Thumb Code   362  logf.o(i.logf)
    _get_lc_numeric                          0x0800b695   Thumb Code    44  lc_numeric_c.o(locale$$code)
    __fpl_dretinf                            0x0800b6c1   Thumb Code    12  dretinf.o(x$fpl$dretinf)
    __aeabi_f2d                              0x0800b6cd   Thumb Code     0  f2d.o(x$fpl$f2d)
    _f2d                                     0x0800b6cd   Thumb Code    86  f2d.o(x$fpl$f2d)
    __aeabi_fadd                             0x0800b725   Thumb Code     0  faddsub_clz.o(x$fpl$fadd)
    _fadd                                    0x0800b725   Thumb Code   196  faddsub_clz.o(x$fpl$fadd)
    __fpl_fcheck_NaN1                        0x0800b7e9   Thumb Code     6  fcheck1.o(x$fpl$fcheck1)
    __aeabi_fcmpeq                           0x0800b7f5   Thumb Code     0  fcmp.o(x$fpl$fcmp)
    _feq                                     0x0800b7f5   Thumb Code    14  fcmp.o(x$fpl$fcmp)
    _fneq                                    0x0800b803   Thumb Code    14  fcmp.o(x$fpl$fcmp)
    __aeabi_fcmpgt                           0x0800b811   Thumb Code     0  fcmp.o(x$fpl$fcmp)
    _fgr                                     0x0800b811   Thumb Code    14  fcmp.o(x$fpl$fcmp)
    __aeabi_fcmpge                           0x0800b81f   Thumb Code     0  fcmp.o(x$fpl$fcmp)
    _fgeq                                    0x0800b81f   Thumb Code    14  fcmp.o(x$fpl$fcmp)
    __aeabi_fcmple                           0x0800b82d   Thumb Code     0  fcmp.o(x$fpl$fcmp)
    _fleq                                    0x0800b82d   Thumb Code    14  fcmp.o(x$fpl$fcmp)
    __aeabi_fcmplt                           0x0800b83b   Thumb Code     0  fcmp.o(x$fpl$fcmp)
    _fls                                     0x0800b83b   Thumb Code    14  fcmp.o(x$fpl$fcmp)
    __fpl_fcmp_Inf                           0x0800b849   Thumb Code    24  fcmpi.o(x$fpl$fcmpinf)
    __aeabi_fdiv                             0x0800b861   Thumb Code     0  fdiv.o(x$fpl$fdiv)
    _fdiv                                    0x0800b861   Thumb Code   384  fdiv.o(x$fpl$fdiv)
    __aeabi_cfcmpeq                          0x0800b9e5   Thumb Code     0  feqf.o(x$fpl$feqf)
    _fcmpeq                                  0x0800b9e5   Thumb Code   104  feqf.o(x$fpl$feqf)
    __aeabi_f2iz                             0x0800ba4d   Thumb Code     0  ffix.o(x$fpl$ffix)
    _ffix                                    0x0800ba4d   Thumb Code    54  ffix.o(x$fpl$ffix)
    __aeabi_f2uiz                            0x0800ba85   Thumb Code     0  ffixu.o(x$fpl$ffixu)
    _ffixu                                   0x0800ba85   Thumb Code    62  ffixu.o(x$fpl$ffixu)
    __aeabi_i2f                              0x0800bac5   Thumb Code     0  fflt_clz.o(x$fpl$fflt)
    _fflt                                    0x0800bac5   Thumb Code    48  fflt_clz.o(x$fpl$fflt)
    __aeabi_ui2f                             0x0800baf5   Thumb Code     0  fflt_clz.o(x$fpl$ffltu)
    _ffltu                                   0x0800baf5   Thumb Code    38  fflt_clz.o(x$fpl$ffltu)
    _fcmpge                                  0x0800bb1d   Thumb Code   104  fgeqf.o(x$fpl$fgeqf)
    __aeabi_cfcmple                          0x0800bb85   Thumb Code     0  fleqf.o(x$fpl$fleqf)
    _fcmple                                  0x0800bb85   Thumb Code   104  fleqf.o(x$fpl$fleqf)
    __fpl_fcmple_InfNaN                      0x0800bbd7   Thumb Code     0  fleqf.o(x$fpl$fleqf)
    __aeabi_fmul                             0x0800bbed   Thumb Code     0  fmul.o(x$fpl$fmul)
    _fmul                                    0x0800bbed   Thumb Code   258  fmul.o(x$fpl$fmul)
    __fpl_fnaninf                            0x0800bcef   Thumb Code   140  fnaninf.o(x$fpl$fnaninf)
    __fpl_fretinf                            0x0800bd7b   Thumb Code    10  fretinf.o(x$fpl$fretinf)
    __aeabi_fsub                             0x0800bd85   Thumb Code     0  faddsub_clz.o(x$fpl$fsub)
    _fsub                                    0x0800bd85   Thumb Code   234  faddsub_clz.o(x$fpl$fsub)
    _printf_fp_dec                           0x0800be6f   Thumb Code     4  printf1.o(x$fpl$printf1)
    __fpl_return_NaN                         0x0800be73   Thumb Code   100  retnan.o(x$fpl$retnan)
    __ARM_scalbnf                            0x0800bed7   Thumb Code    76  scalbnf.o(x$fpl$scalbnf)
    __fpl_cmpreturn                          0x0800bf23   Thumb Code    48  trapv.o(x$fpl$trapveneer)
    __I$use$fp                               0x0800bf52   Number         0  usenofp.o(x$fpl$usenofp)
    AHBPrescTable                            0x0800c04e   Data          16  system_stm32f1xx.o(.rodata.AHBPrescTable)
    APBPrescTable                            0x0800c05e   Data           8  system_stm32f1xx.o(.rodata.APBPrescTable)
    ST7789_Font5x7                           0x0800c066   Data         475  st7789_font.o(.rodata.ST7789_Font5x7)
    Region$$Table$$Base                      0x0800c2c4   Number         0  anon$$obj.o(Region$$Table)
    Region$$Table$$Limit                     0x0800c2e4   Number         0  anon$$obj.o(Region$$Table)
    ST7789_Width                             0x20000000   Data           2  st7789.o(.data..L_MergedGlobals)
    ST7789_Height                            0x20000002   Data           2  st7789.o(.data..L_MergedGlobals)
    uwTickFreq                               0x20000048   Data           1  stm32f1xx_hal.o(.data..L_MergedGlobals)
    uwTickPrio                               0x2000004c   Data           4  stm32f1xx_hal.o(.data..L_MergedGlobals)
    FS_Desc                                  0x20000050   Data          28  usbd_desc.o(.data.FS_Desc)
    PowerStage                               0x2000006c   Data          64  main.o(.data.PowerStage)
    SystemCoreClock                          0x200000ac   Data           4  system_stm32f1xx.o(.data.SystemCoreClock)
    USBD_CDC                                 0x200000b0   Data          56  usbd_cdc.o(.data.USBD_CDC)
    USBD_CDC_CfgFSDesc                       0x200000e8   Data          67  usbd_cdc.o(.data.USBD_CDC_CfgFSDesc)
    USBD_CDC_CfgHSDesc                       0x2000012c   Data          67  usbd_cdc.o(.data.USBD_CDC_CfgHSDesc)
    USBD_CDC_OtherSpeedCfgDesc               0x2000017c   Data          67  usbd_cdc.o(.data.USBD_CDC_OtherSpeedCfgDesc)
    USBD_FS_DeviceDesc                       0x200001c0   Data          18  usbd_desc.o(.data.USBD_FS_DeviceDesc)
    USBD_Interface_fops_FS                   0x200001d4   Data          16  usbd_cdc_if.o(.data.USBD_Interface_fops_FS)
    USBD_LangIDDesc                          0x200001e4   Data           4  usbd_desc.o(.data.USBD_LangIDDesc)
    USBD_StringSerial                        0x200001e8   Data          26  usbd_desc.o(.data.USBD_StringSerial)
    __libspace_start                         0x20000208   Data          96  libspace.o(.bss)
    __temporary_stack_top$libspace           0x20000268   Data           0  libspace.o(.bss)
    adc1_dma_ready                           0x20000268   Data           1  main.o(.bss..L_MergedGlobals)
    raw                                      0x2000026c   Data           2  main.o(.bss..L_MergedGlobals)
    duty_buck                                0x2000026e   Data           2  main.o(.bss..L_MergedGlobals)
    duty_boost                               0x20000270   Data           2  main.o(.bss..L_MergedGlobals)
    adc_calib_offset                         0x2000027c   Data           4  main.o(.bss..L_MergedGlobals)
    lastTime_readTemp                        0x20000290   Data           4  main.o(.bss..L_MergedGlobals)
    temp_new                                 0x20000294   Data           4  main.o(.bss..L_MergedGlobals)
    adc1_dma_buf                             0x200002b0   Data           8  main.o(.bss..L_MergedGlobals)
    hadc1                                    0x20000320   Data          48  main.o(.bss..L_MergedGlobals.2)
    hadc2                                    0x20000350   Data          48  main.o(.bss..L_MergedGlobals.2)
    USBD_StrDesc                             0x200004e4   Data         512  usbd_desc.o(.bss.USBD_StrDesc)
    UserRxBufferFS                           0x20000904   Data          64  usbd_cdc_if.o(.bss.UserRxBufferFS)
    UserTxBufferFS                           0x20000944   Data          64  usbd_cdc_if.o(.bss.UserTxBufferFS)
    hUsbDeviceFS                             0x20000984   Data         708  usb_device.o(.bss.hUsbDeviceFS)
    hdma_adc1                                0x20000c48   Data          68  main.o(.bss.hdma_adc1)
    hdma_spi1_tx                             0x20000c8c   Data          68  main.o(.bss.hdma_spi1_tx)
    hpcd_USB_FS                              0x20000cd0   Data         620  usbd_conf.o(.bss.hpcd_USB_FS)
    hspi1                                    0x20000f3c   Data          88  main.o(.bss.hspi1)
    htim1                                    0x20000f94   Data          64  main.o(.bss.htim1)
    htim2                                    0x20000fd4   Data          64  main.o(.bss.htim2)
    htim3                                    0x20001014   Data          64  main.o(.bss.htim3)
    htim4                                    0x20001054   Data          64  main.o(.bss.htim4)
    pFlash                                   0x20001098   Data          32  stm32f1xx_hal_flash.o(.bss.pFlash)
    uwTick                                   0x200010dc   Data           4  stm32f1xx_hal.o(.bss.uwTick)



==============================================================================

Memory Map of the image

  Image Entry point : 0x080000ed

  Load Region LR_IROM1 (Base: 0x08000000, Size: 0x0000c508, Max: 0x00010000, ABSOLUTE, COMPRESSED[0x0000c400])

    Execution Region ER_IROM1 (Exec base: 0x08000000, Load base: 0x08000000, Size: 0x0000c300, Max: 0x00010000, ABSOLUTE)

    Exec Addr    Load Addr    Size         Type   Attr      Idx    E Section Name        Object

    0x08000000   0x08000000   0x000000ec   Data   RO            3    RESET               startup_stm32f103xb.o
    0x080000ec   0x080000ec   0x00000008   Code   RO         1590  * !!!main             c_w.l(__main.o)
    0x080000f4   0x080000f4   0x0000005c   Code   RO         1902    !!!scatter          c_w.l(__scatter.o)
    0x08000150   0x08000150   0x0000005a   Code   RO         1900    !!dczerorl2         c_w.l(__dczerorl2.o)
    0x080001aa   0x080001aa   0x00000002   PAD
    0x080001ac   0x080001ac   0x00000002   Code   RO         1903    !!handler_null      c_w.l(__scatter.o)
    0x080001ae   0x080001ae   0x00000002   PAD
    0x080001b0   0x080001b0   0x0000001c   Code   RO         1906    !!handler_zi        c_w.l(__scatter_zi.o)
    0x080001cc   0x080001cc   0x00000000   Code   RO         1581    .ARM.Collect$$_printf_percent$$00000000  c_w.l(_printf_percent.o)
    0x080001cc   0x080001cc   0x00000006   Code   RO         1580    .ARM.Collect$$_printf_percent$$00000003  c_w.l(_printf_f.o)
    0x080001d2   0x080001d2   0x00000006   Code   RO         1579    .ARM.Collect$$_printf_percent$$0000000A  c_w.l(_printf_u.o)
    0x080001d8   0x080001d8   0x00000004   Code   RO         1642    .ARM.Collect$$_printf_percent$$00000017  c_w.l(_printf_percent_end.o)
    0x080001dc   0x080001dc   0x00000002   Code   RO         1759    .ARM.Collect$$libinit$$00000000  c_w.l(libinit.o)
    0x080001de   0x080001de   0x00000000   Code   RO         1761    .ARM.Collect$$libinit$$00000002  c_w.l(libinit2.o)
    0x080001de   0x080001de   0x00000000   Code   RO         1763    .ARM.Collect$$libinit$$00000004  c_w.l(libinit2.o)
    0x080001de   0x080001de   0x00000000   Code   RO         1765    .ARM.Collect$$libinit$$00000006  c_w.l(libinit2.o)
    0x080001de   0x080001de   0x00000000   Code   RO         1768    .ARM.Collect$$libinit$$0000000C  c_w.l(libinit2.o)
    0x080001de   0x080001de   0x00000000   Code   RO         1770    .ARM.Collect$$libinit$$0000000E  c_w.l(libinit2.o)
    0x080001de   0x080001de   0x00000000   Code   RO         1772    .ARM.Collect$$libinit$$00000010  c_w.l(libinit2.o)
    0x080001de   0x080001de   0x00000006   Code   RO         1773    .ARM.Collect$$libinit$$00000011  c_w.l(libinit2.o)
    0x080001e4   0x080001e4   0x00000000   Code   RO         1775    .ARM.Collect$$libinit$$00000013  c_w.l(libinit2.o)
    0x080001e4   0x080001e4   0x00000000   Code   RO         1777    .ARM.Collect$$libinit$$00000015  c_w.l(libinit2.o)
    0x080001e4   0x080001e4   0x00000000   Code   RO         1779    .ARM.Collect$$libinit$$00000017  c_w.l(libinit2.o)
    0x080001e4   0x080001e4   0x0000000a   Code   RO         1780    .ARM.Collect$$libinit$$00000018  c_w.l(libinit2.o)
    0x080001ee   0x080001ee   0x00000000   Code   RO         1781    .ARM.Collect$$libinit$$00000019  c_w.l(libinit2.o)
    0x080001ee   0x080001ee   0x00000000   Code   RO         1783    .ARM.Collect$$libinit$$0000001B  c_w.l(libinit2.o)
    0x080001ee   0x080001ee   0x00000000   Code   RO         1785    .ARM.Collect$$libinit$$0000001D  c_w.l(libinit2.o)
    0x080001ee   0x080001ee   0x00000000   Code   RO         1787    .ARM.Collect$$libinit$$0000001F  c_w.l(libinit2.o)
    0x080001ee   0x080001ee   0x00000000   Code   RO         1789    .ARM.Collect$$libinit$$00000021  c_w.l(libinit2.o)
    0x080001ee   0x080001ee   0x00000000   Code   RO         1791    .ARM.Collect$$libinit$$00000023  c_w.l(libinit2.o)
    0x080001ee   0x080001ee   0x00000000   Code   RO         1793    .ARM.Collect$$libinit$$00000025  c_w.l(libinit2.o)
    0x080001ee   0x080001ee   0x00000000   Code   RO         1795    .ARM.Collect$$libinit$$00000027  c_w.l(libinit2.o)
    0x080001ee   0x080001ee   0x00000000   Code   RO         1799    .ARM.Collect$$libinit$$0000002E  c_w.l(libinit2.o)
    0x080001ee   0x080001ee   0x00000000   Code   RO         1801    .ARM.Collect$$libinit$$00000030  c_w.l(libinit2.o)
    0x080001ee   0x080001ee   0x00000000   Code   RO         1803    .ARM.Collect$$libinit$$00000032  c_w.l(libinit2.o)
    0x080001ee   0x080001ee   0x00000000   Code   RO         1805    .ARM.Collect$$libinit$$00000034  c_w.l(libinit2.o)
    0x080001ee   0x080001ee   0x00000002   Code   RO         1806    .ARM.Collect$$libinit$$00000035  c_w.l(libinit2.o)
    0x080001f0   0x080001f0   0x00000002   Code   RO         1846    .ARM.Collect$$libshutdown$$00000000  c_w.l(libshutdown.o)
    0x080001f2   0x080001f2   0x00000000   Code   RO         1857    .ARM.Collect$$libshutdown$$00000002  c_w.l(libshutdown2.o)
    0x080001f2   0x080001f2   0x00000000   Code   RO         1859    .ARM.Collect$$libshutdown$$00000004  c_w.l(libshutdown2.o)
    0x080001f2   0x080001f2   0x00000000   Code   RO         1862    .ARM.Collect$$libshutdown$$00000007  c_w.l(libshutdown2.o)
    0x080001f2   0x080001f2   0x00000000   Code   RO         1865    .ARM.Collect$$libshutdown$$0000000A  c_w.l(libshutdown2.o)
    0x080001f2   0x080001f2   0x00000000   Code   RO         1867    .ARM.Collect$$libshutdown$$0000000C  c_w.l(libshutdown2.o)
    0x080001f2   0x080001f2   0x00000000   Code   RO         1870    .ARM.Collect$$libshutdown$$0000000F  c_w.l(libshutdown2.o)
    0x080001f2   0x080001f2   0x00000002   Code   RO         1871    .ARM.Collect$$libshutdown$$00000010  c_w.l(libshutdown2.o)
    0x080001f4   0x080001f4   0x00000000   Code   RO         1629    .ARM.Collect$$rtentry$$00000000  c_w.l(__rtentry.o)
    0x080001f4   0x080001f4   0x00000000   Code   RO         1675    .ARM.Collect$$rtentry$$00000002  c_w.l(__rtentry2.o)
    0x080001f4   0x080001f4   0x00000006   Code   RO         1687    .ARM.Collect$$rtentry$$00000004  c_w.l(__rtentry4.o)
    0x080001fa   0x080001fa   0x00000000   Code   RO         1677    .ARM.Collect$$rtentry$$00000009  c_w.l(__rtentry2.o)
    0x080001fa   0x080001fa   0x00000004   Code   RO         1678    .ARM.Collect$$rtentry$$0000000A  c_w.l(__rtentry2.o)
    0x080001fe   0x080001fe   0x00000000   Code   RO         1680    .ARM.Collect$$rtentry$$0000000C  c_w.l(__rtentry2.o)
    0x080001fe   0x080001fe   0x00000008   Code   RO         1681    .ARM.Collect$$rtentry$$0000000D  c_w.l(__rtentry2.o)
    0x08000206   0x08000206   0x00000002   Code   RO         1809    .ARM.Collect$$rtexit$$00000000  c_w.l(rtexit.o)
    0x08000208   0x08000208   0x00000000   Code   RO         1820    .ARM.Collect$$rtexit$$00000002  c_w.l(rtexit2.o)
    0x08000208   0x08000208   0x00000004   Code   RO         1821    .ARM.Collect$$rtexit$$00000003  c_w.l(rtexit2.o)
    0x0800020c   0x0800020c   0x00000006   Code   RO         1822    .ARM.Collect$$rtexit$$00000004  c_w.l(rtexit2.o)
    0x08000212   0x08000212   0x00000002   PAD
    0x08000214   0x08000214   0x00000040   Code   RO            4    .text               startup_stm32f103xb.o
    0x08000254   0x08000254   0x00000040   Code   RO         1551    .text               c_w.l(noretval__2snprintf.o)
    0x08000294   0x08000294   0x0000004e   Code   RO         1555    .text               c_w.l(_printf_pad.o)
    0x080002e2   0x080002e2   0x00000002   PAD
    0x080002e4   0x080002e4   0x00000078   Code   RO         1557    .text               c_w.l(_printf_dec.o)
    0x0800035c   0x0800035c   0x00000138   Code   RO         1571    .text               c_w.l(__printf_flags_wp.o)
    0x08000494   0x08000494   0x0000003e   Code   RO         1582    .text               c_w.l(strlen.o)
    0x080004d2   0x080004d2   0x00000056   Code   RO         1584    .text               c_w.l(strncpy.o)
    0x08000528   0x08000528   0x00000080   Code   RO         1586    .text               c_w.l(strcmpv7m.o)
    0x080005a8   0x080005a8   0x00000006   Code   RO         1588    .text               c_w.l(heapauxi.o)
    0x080005ae   0x080005ae   0x00000016   Code   RO         1630    .text               c_w.l(_rserrno.o)
    0x080005c4   0x080005c4   0x000000b2   Code   RO         1632    .text               c_w.l(_printf_intcommon.o)
    0x08000676   0x08000676   0x0000041c   Code   RO         1634    .text               c_w.l(_printf_fp_dec.o)
    0x08000a92   0x08000a92   0x00000002   PAD
    0x08000a94   0x08000a94   0x00000030   Code   RO         1638    .text               c_w.l(_printf_char_common.o)
    0x08000ac4   0x08000ac4   0x00000010   Code   RO         1640    .text               c_w.l(_snputc.o)
    0x08000ad4   0x08000ad4   0x00000044   Code   RO         1643    .text               c_w.l(rt_memclr.o)
    0x08000b18   0x08000b18   0x00000008   Code   RO         1692    .text               c_w.l(rt_locale_intlibspace.o)
    0x08000b20   0x08000b20   0x00000008   Code   RO         1697    .text               c_w.l(rt_errno_addr_intlibspace.o)
    0x08000b28   0x08000b28   0x0000008a   Code   RO         1699    .text               c_w.l(lludiv10.o)
    0x08000bb2   0x08000bb2   0x00000002   PAD
    0x08000bb4   0x08000bb4   0x00000080   Code   RO         1701    .text               c_w.l(_printf_fp_infnan.o)
    0x08000c34   0x08000c34   0x000000e4   Code   RO         1705    .text               c_w.l(bigflt0.o)
    0x08000d18   0x08000d18   0x0000004e   Code   RO         1735    .text               c_w.l(rt_memclr_w.o)
    0x08000d66   0x08000d66   0x00000002   PAD
    0x08000d68   0x08000d68   0x00000008   Code   RO         1745    .text               c_w.l(libspace.o)
    0x08000d70   0x08000d70   0x0000004a   Code   RO         1748    .text               c_w.l(sys_stackheap_outer.o)
    0x08000dba   0x08000dba   0x00000012   Code   RO         1752    .text               c_w.l(exit.o)
    0x08000dcc   0x08000dcc   0x0000000c   Code   RO         1832    .text               c_w.l(sys_exit.o)
    0x08000dd8   0x08000dd8   0x00000002   Code   RO         1847    .text               c_w.l(use_no_semi.o)
    0x08000dda   0x08000dda   0x00000000   Code   RO         1849    .text               c_w.l(indicate_semi.o)
    0x08000dda   0x08000dda   0x00000002   PAD
    0x08000ddc   0x08000ddc   0x0000001e   Code   RO          344    .text.ADC1_2_IRQHandler  stm32f1xx_it.o
    0x08000dfa   0x08000dfa   0x00000002   PAD
    0x08000dfc   0x08000dfc   0x00000046   Code   RO          892    .text.ADC_ConversionStop_Disable  stm32f1xx_hal_adc.o
    0x08000e42   0x08000e42   0x00000002   PAD
    0x08000e44   0x08000e44   0x00000052   Code   RO          914    .text.ADC_DMAConvCplt  stm32f1xx_hal_adc.o
    0x08000e96   0x08000e96   0x00000002   PAD
    0x08000e98   0x08000e98   0x00000016   Code   RO          918    .text.ADC_DMAError  stm32f1xx_hal_adc.o
    0x08000eae   0x08000eae   0x00000002   PAD
    0x08000eb0   0x08000eb0   0x00000006   Code   RO          916    .text.ADC_DMAHalfConvCplt  stm32f1xx_hal_adc.o
    0x08000eb6   0x08000eb6   0x00000002   PAD
    0x08000eb8   0x08000eb8   0x0000009e   Code   RO          900    .text.ADC_Enable    stm32f1xx_hal_adc.o
    0x08000f56   0x08000f56   0x00000002   PAD
    0x08000f58   0x08000f58   0x00000380   Code   RO           71    .text.BBUI_Init     ui.o
    0x080012d8   0x080012d8   0x00000fce   Code   RO           75    .text.BBUI_Task     ui.o
    0x080022a6   0x080022a6   0x00000002   PAD
    0x080022a8   0x080022a8   0x00000002   Code   RO          328    .text.BusFault_Handler  stm32f1xx_it.o
    0x080022aa   0x080022aa   0x00000002   PAD
    0x080022ac   0x080022ac   0x00000004   Code   RO          305    .text.CDC_Control_FS  usbd_cdc_if.o
    0x080022b0   0x080022b0   0x00000004   Code   RO          303    .text.CDC_DeInit_FS  usbd_cdc_if.o
    0x080022b4   0x080022b4   0x0000002c   Code   RO          301    .text.CDC_Init_FS   usbd_cdc_if.o
    0x080022e0   0x080022e0   0x0000001c   Code   RO          307    .text.CDC_Receive_FS  usbd_cdc_if.o
    0x080022fc   0x080022fc   0x0000000c   Code   RO          340    .text.DMA1_Channel1_IRQHandler  stm32f1xx_it.o
    0x08002308   0x08002308   0x0000000c   Code   RO          342    .text.DMA1_Channel3_IRQHandler  stm32f1xx_it.o
    0x08002314   0x08002314   0x00000002   Code   RO          334    .text.DebugMon_Handler  stm32f1xx_it.o
    0x08002316   0x08002316   0x00000002   PAD
    0x08002318   0x08002318   0x0000000a   Code   RO          166    .text.Error_Handler  main.o
    0x08002322   0x08002322   0x00000002   PAD
    0x08002324   0x08002324   0x000000c6   Code   RO          809    .text.FLASH_WaitForLastOperation  stm32f1xx_hal_flash.o
    0x080023ea   0x080023ea   0x00000002   PAD
    0x080023ec   0x080023ec   0x000000f6   Code   RO          950    .text.HAL_ADCEx_Calibration_Start  stm32f1xx_hal_adc_ex.o
    0x080024e2   0x080024e2   0x00000002   PAD
    0x080024e4   0x080024e4   0x00000002   Code   RO          970    .text.HAL_ADCEx_InjectedConvCpltCallback  stm32f1xx_hal_adc_ex.o
    0x080024e6   0x080024e6   0x00000002   PAD
    0x080024e8   0x080024e8   0x0000013e   Code   RO          934    .text.HAL_ADC_ConfigChannel  stm32f1xx_hal_adc.o
    0x08002626   0x08002626   0x00000002   PAD
    0x08002628   0x08002628   0x00000082   Code   RO          160    .text.HAL_ADC_ConvCpltCallback  main.o
    0x080026aa   0x080026aa   0x00000002   PAD
    0x080026ac   0x080026ac   0x00000002   Code   RO          930    .text.HAL_ADC_ConvHalfCpltCallback  stm32f1xx_hal_adc.o
    0x080026ae   0x080026ae   0x00000002   PAD
    0x080026b0   0x080026b0   0x00000002   Code   RO          932    .text.HAL_ADC_ErrorCallback  stm32f1xx_hal_adc.o
    0x080026b2   0x080026b2   0x00000002   PAD
    0x080026b4   0x080026b4   0x00000006   Code   RO          922    .text.HAL_ADC_GetValue  stm32f1xx_hal_adc.o
    0x080026ba   0x080026ba   0x00000002   PAD
    0x080026bc   0x080026bc   0x00000100   Code   RO          924    .text.HAL_ADC_IRQHandler  stm32f1xx_hal_adc.o
    0x080027bc   0x080027bc   0x00000148   Code   RO          888    .text.HAL_ADC_Init  stm32f1xx_hal_adc.o
    0x08002904   0x08002904   0x00000002   Code   RO          928    .text.HAL_ADC_LevelOutOfWindowCallback  stm32f1xx_hal_adc.o
    0x08002906   0x08002906   0x00000002   PAD
    0x08002908   0x08002908   0x00000102   Code   RO          359    .text.HAL_ADC_MspInit  stm32f1xx_hal_msp.o
    0x08002a0a   0x08002a0a   0x00000002   PAD
    0x08002a0c   0x08002a0c   0x000001da   Code   RO          904    .text.HAL_ADC_PollForConversion  stm32f1xx_hal_adc.o
    0x08002be6   0x08002be6   0x00000002   PAD
    0x08002be8   0x08002be8   0x0000014e   Code   RO          898    .text.HAL_ADC_Start  stm32f1xx_hal_adc.o
    0x08002d36   0x08002d36   0x00000002   PAD
    0x08002d38   0x08002d38   0x000001a8   Code   RO          912    .text.HAL_ADC_Start_DMA  stm32f1xx_hal_adc.o
    0x08002ee0   0x08002ee0   0x00000070   Code   RO          902    .text.HAL_ADC_Stop  stm32f1xx_hal_adc.o
    0x08002f50   0x08002f50   0x0000019c   Code   RO          705    .text.HAL_DMA_IRQHandler  stm32f1xx_hal_dma.o
    0x080030ec   0x080030ec   0x00000074   Code   RO          691    .text.HAL_DMA_Init  stm32f1xx_hal_dma.o
    0x08003160   0x08003160   0x000000a0   Code   RO          697    .text.HAL_DMA_Start_IT  stm32f1xx_hal_dma.o
    0x08003200   0x08003200   0x00000028   Code   RO          575    .text.HAL_Delay     stm32f1xx_hal.o
    0x08003228   0x08003228   0x000000ee   Code   RO          840    .text.HAL_FLASHEx_Erase  stm32f1xx_hal_flash_ex.o
    0x08003316   0x08003316   0x00000002   PAD
    0x08003318   0x08003318   0x00000014   Code   RO          821    .text.HAL_FLASH_Lock  stm32f1xx_hal_flash.o
    0x0800332c   0x0800332c   0x00000116   Code   RO          807    .text.HAL_FLASH_Program  stm32f1xx_hal_flash.o
    0x08003442   0x08003442   0x00000002   PAD
    0x08003444   0x08003444   0x0000002e   Code   RO          819    .text.HAL_FLASH_Unlock  stm32f1xx_hal_flash.o
    0x08003472   0x08003472   0x00000002   PAD
    0x08003474   0x08003474   0x00000212   Code   RO          667    .text.HAL_GPIO_Init  stm32f1xx_hal_gpio.o
    0x08003686   0x08003686   0x00000002   PAD
    0x08003688   0x08003688   0x0000000a   Code   RO          671    .text.HAL_GPIO_ReadPin  stm32f1xx_hal_gpio.o
    0x08003692   0x08003692   0x00000002   PAD
    0x08003694   0x08003694   0x0000000a   Code   RO          673    .text.HAL_GPIO_WritePin  stm32f1xx_hal_gpio.o
    0x0800369e   0x0800369e   0x00000002   PAD
    0x080036a0   0x080036a0   0x0000000c   Code   RO          567    .text.HAL_GetTick   stm32f1xx_hal.o
    0x080036ac   0x080036ac   0x0000001a   Code   RO          565    .text.HAL_IncTick   stm32f1xx_hal.o
    0x080036c6   0x080036c6   0x00000002   PAD
    0x080036c8   0x080036c8   0x00000026   Code   RO          555    .text.HAL_Init      stm32f1xx_hal.o
    0x080036ee   0x080036ee   0x00000002   PAD
    0x080036f0   0x080036f0   0x00000048   Code   RO          557    .text.HAL_InitTick  stm32f1xx_hal.o
    0x08003738   0x08003738   0x00000042   Code   RO          357    .text.HAL_MspInit   stm32f1xx_hal_msp.o
    0x0800377a   0x0800377a   0x00000002   PAD
    0x0800377c   0x0800377c   0x00000022   Code   RO          727    .text.HAL_NVIC_EnableIRQ  stm32f1xx_hal_cortex.o
    0x0800379e   0x0800379e   0x00000002   PAD
    0x080037a0   0x080037a0   0x00000056   Code   RO          725    .text.HAL_NVIC_SetPriority  stm32f1xx_hal_cortex.o
    0x080037f6   0x080037f6   0x00000002   PAD
    0x080037f8   0x080037f8   0x00000020   Code   RO          723    .text.HAL_NVIC_SetPriorityGrouping  stm32f1xx_hal_cortex.o
    0x08003818   0x08003818   0x00000040   Code   RO          471    .text.HAL_PCDEx_PMAConfig  stm32f1xx_hal_pcd_ex.o
    0x08003858   0x08003858   0x00000002   Code   RO          262    .text.HAL_PCDEx_SetConnectionState  usbd_conf.o
    0x0800385a   0x0800385a   0x00000002   PAD
    0x0800385c   0x0800385c   0x00000010   Code   RO          210    .text.HAL_PCD_DataInStageCallback  usbd_conf.o
    0x0800386c   0x0800386c   0x00000012   Code   RO          208    .text.HAL_PCD_DataOutStageCallback  usbd_conf.o
    0x0800387e   0x0800387e   0x00000002   PAD
    0x08003880   0x08003880   0x00000052   Code   RO          443    .text.HAL_PCD_EP_Close  stm32f1xx_hal_pcd.o
    0x080038d2   0x080038d2   0x00000002   PAD
    0x080038d4   0x080038d4   0x00000060   Code   RO          453    .text.HAL_PCD_EP_ClrStall  stm32f1xx_hal_pcd.o
    0x08003934   0x08003934   0x0000000e   Code   RO          447    .text.HAL_PCD_EP_GetRxCount  stm32f1xx_hal_pcd.o
    0x08003942   0x08003942   0x00000002   PAD
    0x08003944   0x08003944   0x0000006c   Code   RO          441    .text.HAL_PCD_EP_Open  stm32f1xx_hal_pcd.o
    0x080039b0   0x080039b0   0x0000002e   Code   RO          445    .text.HAL_PCD_EP_Receive  stm32f1xx_hal_pcd.o
    0x080039de   0x080039de   0x00000002   PAD
    0x080039e0   0x080039e0   0x00000068   Code   RO          451    .text.HAL_PCD_EP_SetStall  stm32f1xx_hal_pcd.o
    0x08003a48   0x08003a48   0x00000028   Code   RO          449    .text.HAL_PCD_EP_Transmit  stm32f1xx_hal_pcd.o
    0x08003a70   0x08003a70   0x000004a6   Code   RO          411    .text.HAL_PCD_IRQHandler  stm32f1xx_hal_pcd.o
    0x08003f16   0x08003f16   0x00000002   PAD
    0x08003f18   0x08003f18   0x00000148   Code   RO          399    .text.HAL_PCD_Init  stm32f1xx_hal_pcd.o
    0x08004060   0x08004060   0x00000044   Code   RO          202    .text.HAL_PCD_MspInit  usbd_conf.o
    0x080040a4   0x080040a4   0x00000024   Code   RO          214    .text.HAL_PCD_ResetCallback  usbd_conf.o
    0x080040c8   0x080040c8   0x00000008   Code   RO          218    .text.HAL_PCD_ResumeCallback  usbd_conf.o
    0x080040d0   0x080040d0   0x00000008   Code   RO          212    .text.HAL_PCD_SOFCallback  usbd_conf.o
    0x080040d8   0x080040d8   0x0000002a   Code   RO          415    .text.HAL_PCD_SetAddress  stm32f1xx_hal_pcd.o
    0x08004102   0x08004102   0x00000002   PAD
    0x08004104   0x08004104   0x0000000e   Code   RO          206    .text.HAL_PCD_SetupStageCallback  usbd_conf.o
    0x08004112   0x08004112   0x00000002   PAD
    0x08004114   0x08004114   0x0000002e   Code   RO          409    .text.HAL_PCD_Start  stm32f1xx_hal_pcd.o
    0x08004142   0x08004142   0x00000002   PAD
    0x08004144   0x08004144   0x00000026   Code   RO          216    .text.HAL_PCD_SuspendCallback  usbd_conf.o
    0x0800416a   0x0800416a   0x00000002   PAD
    0x0800416c   0x0800416c   0x000000f8   Code   RO          657    .text.HAL_RCCEx_GetPeriphCLKFreq  stm32f1xx_hal_rcc_ex.o
    0x08004264   0x08004264   0x00000102   Code   RO          653    .text.HAL_RCCEx_PeriphCLKConfig  stm32f1xx_hal_rcc_ex.o
    0x08004366   0x08004366   0x00000002   PAD
    0x08004368   0x08004368   0x000001ba   Code   RO          619    .text.HAL_RCC_ClockConfig  stm32f1xx_hal_rcc.o
    0x08004522   0x08004522   0x00000002   PAD
    0x08004524   0x08004524   0x00000026   Code   RO          633    .text.HAL_RCC_GetPCLK2Freq  stm32f1xx_hal_rcc.o
    0x0800454a   0x0800454a   0x00000002   PAD
    0x0800454c   0x0800454c   0x00000400   Code   RO          617    .text.HAL_RCC_OscConfig  stm32f1xx_hal_rcc.o
    0x0800494c   0x0800494c   0x00000082   Code   RO          984    .text.HAL_SPI_Init  stm32f1xx_hal_spi.o
    0x080049ce   0x080049ce   0x00000002   PAD
    0x080049d0   0x080049d0   0x000000a6   Code   RO          363    .text.HAL_SPI_MspInit  stm32f1xx_hal_msp.o
    0x08004a76   0x08004a76   0x00000002   PAD
    0x08004a78   0x08004a78   0x00000248   Code   RO          992    .text.HAL_SPI_Transmit  stm32f1xx_hal_spi.o
    0x08004cc0   0x08004cc0   0x0000002c   Code   RO          735    .text.HAL_SYSTICK_Config  stm32f1xx_hal_cortex.o
    0x08004cec   0x08004cec   0x00000002   Code   RO         1387    .text.HAL_TIMEx_BreakCallback  stm32f1xx_hal_tim_ex.o
    0x08004cee   0x08004cee   0x00000002   PAD
    0x08004cf0   0x08004cf0   0x00000002   Code   RO         1383    .text.HAL_TIMEx_CommutCallback  stm32f1xx_hal_tim_ex.o
    0x08004cf2   0x08004cf2   0x00000002   PAD
    0x08004cf4   0x08004cf4   0x0000004c   Code   RO         1379    .text.HAL_TIMEx_ConfigBreakDeadTime  stm32f1xx_hal_tim_ex.o
    0x08004d40   0x08004d40   0x00000044   Code   RO         1377    .text.HAL_TIMEx_MasterConfigSynchronization  stm32f1xx_hal_tim_ex.o
    0x08004d84   0x08004d84   0x00000038   Code   RO         1347    .text.HAL_TIMEx_PWMN_Start  stm32f1xx_hal_tim_ex.o
    0x08004dbc   0x08004dbc   0x0000005c   Code   RO         1349    .text.HAL_TIMEx_PWMN_Stop  stm32f1xx_hal_tim_ex.o
    0x08004e18   0x08004e18   0x000000c8   Code   RO         1096    .text.HAL_TIM_Base_Init  stm32f1xx_hal_tim.o
    0x08004ee0   0x08004ee0   0x0000006c   Code   RO          367    .text.HAL_TIM_Base_MspInit  stm32f1xx_hal_msp.o
    0x08004f4c   0x08004f4c   0x00000020   Code   RO         1110    .text.HAL_TIM_Base_Start_IT  stm32f1xx_hal_tim.o
    0x08004f6c   0x08004f6c   0x00000192   Code   RO         1272    .text.HAL_TIM_ConfigClockSource  stm32f1xx_hal_tim.o
    0x080050fe   0x080050fe   0x00000002   PAD
    0x08005100   0x08005100   0x00000138   Code   RO         1210    .text.HAL_TIM_Encoder_Init  stm32f1xx_hal_tim.o
    0x08005238   0x08005238   0x000000f6   Code   RO          369    .text.HAL_TIM_Encoder_MspInit  stm32f1xx_hal_msp.o
    0x0800532e   0x0800532e   0x00000002   PAD
    0x08005330   0x08005330   0x0000003a   Code   RO         1218    .text.HAL_TIM_Encoder_Start  stm32f1xx_hal_tim.o
    0x0800536a   0x0800536a   0x00000002   PAD
    0x0800536c   0x0800536c   0x00000002   Code   RO         1232    .text.HAL_TIM_IC_CaptureCallback  stm32f1xx_hal_tim.o
    0x0800536e   0x0800536e   0x00000002   PAD
    0x08005370   0x08005370   0x00000170   Code   RO         1230    .text.HAL_TIM_IRQHandler  stm32f1xx_hal_tim.o
    0x080054e0   0x080054e0   0x000000de   Code   RO          371    .text.HAL_TIM_MspPostInit  stm32f1xx_hal_msp.o
    0x080055be   0x080055be   0x00000002   PAD
    0x080055c0   0x080055c0   0x00000002   Code   RO         1234    .text.HAL_TIM_OC_DelayElapsedCallback  stm32f1xx_hal_tim.o
    0x080055c2   0x080055c2   0x00000002   PAD
    0x080055c4   0x080055c4   0x000001fe   Code   RO         1250    .text.HAL_TIM_PWM_ConfigChannel  stm32f1xx_hal_tim.o
    0x080057c2   0x080057c2   0x00000002   PAD
    0x080057c4   0x080057c4   0x000000c8   Code   RO         1150    .text.HAL_TIM_PWM_Init  stm32f1xx_hal_tim.o
    0x0800588c   0x0800588c   0x00000002   Code   RO         1152    .text.HAL_TIM_PWM_MspInit  stm32f1xx_hal_tim.o
    0x0800588e   0x0800588e   0x00000002   PAD
    0x08005890   0x08005890   0x00000002   Code   RO         1236    .text.HAL_TIM_PWM_PulseFinishedCallback  stm32f1xx_hal_tim.o
    0x08005892   0x08005892   0x00000002   PAD
    0x08005894   0x08005894   0x00000056   Code   RO         1158    .text.HAL_TIM_PWM_Start  stm32f1xx_hal_tim.o
    0x080058ea   0x080058ea   0x00000002   PAD
    0x080058ec   0x080058ec   0x00000070   Code   RO         1160    .text.HAL_TIM_PWM_Stop  stm32f1xx_hal_tim.o
    0x0800595c   0x0800595c   0x000000fe   Code   RO          158    .text.HAL_TIM_PeriodElapsedCallback  main.o
    0x08005a5a   0x08005a5a   0x00000002   PAD
    0x08005a5c   0x08005a5c   0x00000002   Code   RO         1240    .text.HAL_TIM_TriggerCallback  stm32f1xx_hal_tim.o
    0x08005a5e   0x08005a5e   0x00000002   PAD
    0x08005a60   0x08005a60   0x00000002   Code   RO          324    .text.HardFault_Handler  stm32f1xx_it.o
    0x08005a62   0x08005a62   0x00000002   PAD
    0x08005a64   0x08005a64   0x00000072   Code   RO          193    .text.MX_USB_DEVICE_Init  usb_device.o
    0x08005ad6   0x08005ad6   0x00000002   PAD
    0x08005ad8   0x08005ad8   0x00000002   Code   RO          326    .text.MemManage_Handler  stm32f1xx_it.o
    0x08005ada   0x08005ada   0x00000002   PAD
    0x08005adc   0x08005adc   0x00000002   Code   RO          322    .text.NMI_Handler   stm32f1xx_it.o
    0x08005ade   0x08005ade   0x00000002   PAD
    0x08005ae0   0x08005ae0   0x00000002   Code   RO          336    .text.PendSV_Handler  stm32f1xx_it.o
    0x08005ae2   0x08005ae2   0x00000002   PAD
    0x08005ae4   0x08005ae4   0x00000582   Code   RO          152    .text.PowerStage_CloseLoop_CVCC_1kHz  main.o
    0x08006066   0x08006066   0x00000002   PAD
    0x08006068   0x08006068   0x00000014   Code   RO           49    .text.ST7789_Color_GetFromRGB  st7789.o
    0x0800607c   0x0800607c   0x0000002c   Code   RO           33    .text.ST7789_DrawFilledRectangle  st7789.o
    0x080060a8   0x080060a8   0x0000006a   Code   RO           31    .text.ST7789_DrawPixel  st7789.o
    0x08006112   0x08006112   0x00000002   PAD
    0x08006114   0x08006114   0x00000128   Code   RO           27    .text.ST7789_Fill   st7789.o
    0x0800623c   0x0800623c   0x0000002a   Code   RO           25    .text.ST7789_FillScreen  st7789.o
    0x08006266   0x08006266   0x00000002   PAD
    0x08006268   0x08006268   0x00000756   Code   RO           23    .text.ST7789_Init   st7789.o
    0x080069be   0x080069be   0x00000002   PAD
    0x080069c0   0x080069c0   0x00000202   Code   RO           45    .text.ST7789_PutChar  st7789.o
    0x08006bc2   0x08006bc2   0x00000002   PAD
    0x08006bc4   0x08006bc4   0x00000090   Code   RO           47    .text.ST7789_PutString  st7789.o
    0x08006c54   0x08006c54   0x000000c0   Code   RO           19    .text.ST7789_SetRotation  st7789.o
    0x08006d14   0x08006d14   0x0000014c   Code   RO           29    .text.ST7789_SetWindowAddress  st7789.o
    0x08006e60   0x08006e60   0x00000002   Code   RO          332    .text.SVC_Handler   stm32f1xx_it.o
    0x08006e62   0x08006e62   0x00000002   PAD
    0x08006e64   0x08006e64   0x00000004   Code   RO          338    .text.SysTick_Handler  stm32f1xx_it.o
    0x08006e68   0x08006e68   0x00000050   Code   RO         1399    .text.SystemInit    system_stm32f1xx.o
    0x08006eb8   0x08006eb8   0x0000000c   Code   RO          348    .text.TIM3_IRQHandler  stm32f1xx_it.o
    0x08006ec4   0x08006ec4   0x0000006e   Code   RO          128    .text.UI_Solider_EncoderAdjust  ui_solider.o
    0x08006f32   0x08006f32   0x00000002   PAD
    0x08006f34   0x08006f34   0x0000004a   Code   RO          114    .text.UI_Solider_Enter  ui_solider.o
    0x08006f7e   0x08006f7e   0x00000002   PAD
    0x08006f80   0x08006f80   0x0000000e   Code   RO          116    .text.UI_Solider_Exit  ui_solider.o
    0x08006f8e   0x08006f8e   0x00000002   PAD
    0x08006f90   0x08006f90   0x0000007e   Code   RO          112    .text.UI_Solider_Init  ui_solider.o
    0x0800700e   0x0800700e   0x00000002   PAD
    0x08007010   0x08007010   0x00000028   Code   RO          126    .text.UI_Solider_SelectPreset  ui_solider.o
    0x08007038   0x08007038   0x0000049c   Code   RO          130    .text.UI_Solider_Task  ui_solider.o
    0x080074d4   0x080074d4   0x0000004c   Code   RO         1513    .text.USBD_CDC_DataIn  usbd_cdc.o
    0x08007520   0x08007520   0x00000030   Code   RO         1515    .text.USBD_CDC_DataOut  usbd_cdc.o
    0x08007550   0x08007550   0x00000042   Code   RO         1507    .text.USBD_CDC_DeInit  usbd_cdc.o
    0x08007592   0x08007592   0x00000002   PAD
    0x08007594   0x08007594   0x0000002c   Code   RO         1511    .text.USBD_CDC_EP0_RxReady  usbd_cdc.o
    0x080075c0   0x080075c0   0x00000010   Code   RO         1523    .text.USBD_CDC_GetDeviceQualifierDescriptor  usbd_cdc.o
    0x080075d0   0x080075d0   0x00000010   Code   RO         1519    .text.USBD_CDC_GetFSCfgDesc  usbd_cdc.o
    0x080075e0   0x080075e0   0x00000010   Code   RO         1517    .text.USBD_CDC_GetHSCfgDesc  usbd_cdc.o
    0x080075f0   0x080075f0   0x00000010   Code   RO         1521    .text.USBD_CDC_GetOtherSpeedCfgDesc  usbd_cdc.o
    0x08007600   0x08007600   0x00000082   Code   RO         1505    .text.USBD_CDC_Init  usbd_cdc.o
    0x08007682   0x08007682   0x00000002   PAD
    0x08007684   0x08007684   0x0000002c   Code   RO         1533    .text.USBD_CDC_ReceivePacket  usbd_cdc.o
    0x080076b0   0x080076b0   0x0000000e   Code   RO         1525    .text.USBD_CDC_RegisterInterface  usbd_cdc.o
    0x080076be   0x080076be   0x00000002   PAD
    0x080076c0   0x080076c0   0x0000000c   Code   RO         1529    .text.USBD_CDC_SetRxBuffer  usbd_cdc.o
    0x080076cc   0x080076cc   0x00000010   Code   RO         1527    .text.USBD_CDC_SetTxBuffer  usbd_cdc.o
    0x080076dc   0x080076dc   0x000000c6   Code   RO         1509    .text.USBD_CDC_Setup  usbd_cdc.o
    0x080077a2   0x080077a2   0x00000002   PAD
    0x080077a4   0x080077a4   0x0000000e   Code   RO         1428    .text.USBD_ClrClassConfig  usbd_core.o
    0x080077b2   0x080077b2   0x00000002   PAD
    0x080077b4   0x080077b4   0x00000010   Code   RO         1489    .text.USBD_CtlContinueRx  usbd_ioreq.o
    0x080077c4   0x080077c4   0x00000010   Code   RO         1485    .text.USBD_CtlContinueSendData  usbd_ioreq.o
    0x080077d4   0x080077d4   0x00000016   Code   RO         1464    .text.USBD_CtlError  usbd_ctlreq.o
    0x080077ea   0x080077ea   0x00000002   PAD
    0x080077ec   0x080077ec   0x0000001a   Code   RO         1487    .text.USBD_CtlPrepareRx  usbd_ioreq.o
    0x08007806   0x08007806   0x00000002   PAD
    0x08007808   0x08007808   0x00000016   Code   RO         1493    .text.USBD_CtlReceiveStatus  usbd_ioreq.o
    0x0800781e   0x0800781e   0x00000002   PAD
    0x08007820   0x08007820   0x0000001a   Code   RO         1483    .text.USBD_CtlSendData  usbd_ioreq.o
    0x0800783a   0x0800783a   0x00000002   PAD
    0x0800783c   0x0800783c   0x00000016   Code   RO         1491    .text.USBD_CtlSendStatus  usbd_ioreq.o
    0x08007852   0x08007852   0x00000002   PAD
    0x08007854   0x08007854   0x00000024   Code   RO          284    .text.USBD_FS_ConfigStrDescriptor  usbd_desc.o
    0x08007878   0x08007878   0x0000000e   Code   RO          274    .text.USBD_FS_DeviceDescriptor  usbd_desc.o
    0x08007886   0x08007886   0x00000002   PAD
    0x08007888   0x08007888   0x00000028   Code   RO          286    .text.USBD_FS_InterfaceStrDescriptor  usbd_desc.o
    0x080078b0   0x080078b0   0x0000000e   Code   RO          276    .text.USBD_FS_LangIDStrDescriptor  usbd_desc.o
    0x080078be   0x080078be   0x00000002   PAD
    0x080078c0   0x080078c0   0x00000024   Code   RO          278    .text.USBD_FS_ManufacturerStrDescriptor  usbd_desc.o
    0x080078e4   0x080078e4   0x00000030   Code   RO          280    .text.USBD_FS_ProductStrDescriptor  usbd_desc.o
    0x08007914   0x08007914   0x00000170   Code   RO          282    .text.USBD_FS_SerialStrDescriptor  usbd_desc.o
    0x08007a84   0x08007a84   0x000000d2   Code   RO         1472    .text.USBD_GetString  usbd_ctlreq.o
    0x08007b56   0x08007b56   0x00000002   PAD
    0x08007b58   0x08007b58   0x00000030   Code   RO         1414    .text.USBD_Init     usbd_core.o
    0x08007b88   0x08007b88   0x00000022   Code   RO          244    .text.USBD_LL_ClearStallEP  usbd_conf.o
    0x08007baa   0x08007baa   0x00000002   PAD
    0x08007bac   0x08007bac   0x00000022   Code   RO          238    .text.USBD_LL_CloseEP  usbd_conf.o
    0x08007bce   0x08007bce   0x00000002   PAD
    0x08007bd0   0x08007bd0   0x000000ca   Code   RO         1434    .text.USBD_LL_DataInStage  usbd_core.o
    0x08007c9a   0x08007c9a   0x00000002   PAD
    0x08007c9c   0x08007c9c   0x0000007c   Code   RO         1432    .text.USBD_LL_DataOutStage  usbd_core.o
    0x08007d18   0x08007d18   0x00000008   Code   RO          254    .text.USBD_LL_GetRxDataSize  usbd_conf.o
    0x08007d20   0x08007d20   0x00000086   Code   RO          228    .text.USBD_LL_Init  usbd_conf.o
    0x08007da6   0x08007da6   0x00000002   PAD
    0x08007da8   0x08007da8   0x00000022   Code   RO          246    .text.USBD_LL_IsStallEP  usbd_conf.o
    0x08007dca   0x08007dca   0x00000002   PAD
    0x08007dcc   0x08007dcc   0x00000028   Code   RO          236    .text.USBD_LL_OpenEP  usbd_conf.o
    0x08007df4   0x08007df4   0x00000022   Code   RO          252    .text.USBD_LL_PrepareReceive  usbd_conf.o
    0x08007e16   0x08007e16   0x00000002   PAD
    0x08007e18   0x08007e18   0x00000054   Code   RO         1436    .text.USBD_LL_Reset  usbd_core.o
    0x08007e6c   0x08007e6c   0x00000014   Code   RO         1442    .text.USBD_LL_Resume  usbd_core.o
    0x08007e80   0x08007e80   0x0000001c   Code   RO         1444    .text.USBD_LL_SOF   usbd_core.o
    0x08007e9c   0x08007e9c   0x00000008   Code   RO         1438    .text.USBD_LL_SetSpeed  usbd_core.o
    0x08007ea4   0x08007ea4   0x00000022   Code   RO          248    .text.USBD_LL_SetUSBAddress  usbd_conf.o
    0x08007ec6   0x08007ec6   0x00000002   PAD
    0x08007ec8   0x08007ec8   0x0000005c   Code   RO         1430    .text.USBD_LL_SetupStage  usbd_core.o
    0x08007f24   0x08007f24   0x00000022   Code   RO          242    .text.USBD_LL_StallEP  usbd_conf.o
    0x08007f46   0x08007f46   0x00000002   PAD
    0x08007f48   0x08007f48   0x00000022   Code   RO          232    .text.USBD_LL_Start  usbd_conf.o
    0x08007f6a   0x08007f6a   0x00000002   PAD
    0x08007f6c   0x08007f6c   0x00000014   Code   RO         1440    .text.USBD_LL_Suspend  usbd_core.o
    0x08007f80   0x08007f80   0x00000022   Code   RO          250    .text.USBD_LL_Transmit  usbd_conf.o
    0x08007fa2   0x08007fa2   0x00000002   PAD
    0x08007fa4   0x08007fa4   0x00000016   Code   RO         1470    .text.USBD_ParseSetupRequest  usbd_ctlreq.o
    0x08007fba   0x08007fba   0x00000002   PAD
    0x08007fbc   0x08007fbc   0x0000000e   Code   RO         1418    .text.USBD_RegisterClass  usbd_core.o
    0x08007fca   0x08007fca   0x00000002   PAD
    0x08007fcc   0x08007fcc   0x0000001c   Code   RO         1426    .text.USBD_SetClassConfig  usbd_core.o
    0x08007fe8   0x08007fe8   0x0000000a   Code   RO         1420    .text.USBD_Start    usbd_core.o
    0x08007ff2   0x08007ff2   0x00000002   PAD
    0x08007ff4   0x08007ff4   0x000002ea   Code   RO         1462    .text.USBD_StdDevReq  usbd_ctlreq.o
    0x080082de   0x080082de   0x00000002   PAD
    0x080082e0   0x080082e0   0x00000148   Code   RO         1468    .text.USBD_StdEPReq  usbd_ctlreq.o
    0x08008428   0x08008428   0x00000054   Code   RO         1466    .text.USBD_StdItfReq  usbd_ctlreq.o
    0x0800847c   0x0800847c   0x00000002   Code   RO          260    .text.USBD_static_free  usbd_conf.o
    0x0800847e   0x0800847e   0x00000002   PAD
    0x08008480   0x08008480   0x0000000a   Code   RO          258    .text.USBD_static_malloc  usbd_conf.o
    0x0800848a   0x0800848a   0x00000002   PAD
    0x0800848c   0x0800848c   0x00000288   Code   RO          503    .text.USB_ActivateEndpoint  stm32f1xx_ll_usb.o
    0x08008714   0x08008714   0x00000004   Code   RO          487    .text.USB_CoreInit  stm32f1xx_ll_usb.o
    0x08008718   0x08008718   0x000000de   Code   RO          505    .text.USB_DeactivateEndpoint  stm32f1xx_ll_usb.o
    0x080087f6   0x080087f6   0x00000002   PAD
    0x080087f8   0x080087f8   0x00000004   Code   RO          523    .text.USB_DevConnect  stm32f1xx_ll_usb.o
    0x080087fc   0x080087fc   0x00000004   Code   RO          525    .text.USB_DevDisconnect  stm32f1xx_ll_usb.o
    0x08008800   0x08008800   0x00000026   Code   RO          495    .text.USB_DevInit   stm32f1xx_ll_usb.o
    0x08008826   0x08008826   0x00000002   PAD
    0x08008828   0x08008828   0x00000014   Code   RO          491    .text.USB_DisableGlobalInt  stm32f1xx_ll_usb.o
    0x0800883c   0x0800883c   0x00000004   Code   RO          539    .text.USB_EP0_OutStart  stm32f1xx_ll_usb.o
    0x08008840   0x08008840   0x00000074   Code   RO          517    .text.USB_EPClearStall  stm32f1xx_ll_usb.o
    0x080088b4   0x080088b4   0x00000032   Code   RO          515    .text.USB_EPSetStall  stm32f1xx_ll_usb.o
    0x080088e6   0x080088e6   0x00000002   PAD
    0x080088e8   0x080088e8   0x0000029a   Code   RO          507    .text.USB_EPStartXfer  stm32f1xx_ll_usb.o
    0x08008b82   0x08008b82   0x00000002   PAD
    0x08008b84   0x08008b84   0x00000012   Code   RO          489    .text.USB_EnableGlobalInt  stm32f1xx_ll_usb.o
    0x08008b96   0x08008b96   0x00000002   PAD
    0x08008b98   0x08008b98   0x0000000c   Code   RO          346    .text.USB_LP_CAN1_RX0_IRQHandler  stm32f1xx_it.o
    0x08008ba4   0x08008ba4   0x00000006   Code   RO          527    .text.USB_ReadInterrupts  stm32f1xx_ll_usb.o
    0x08008baa   0x08008baa   0x00000002   PAD
    0x08008bac   0x08008bac   0x000000b4   Code   RO          545    .text.USB_ReadPMA   stm32f1xx_ll_usb.o
    0x08008c60   0x08008c60   0x00000004   Code   RO          493    .text.USB_SetCurrentMode  stm32f1xx_ll_usb.o
    0x08008c64   0x08008c64   0x0000000e   Code   RO          521    .text.USB_SetDevAddress  stm32f1xx_ll_usb.o
    0x08008c72   0x08008c72   0x00000002   PAD
    0x08008c74   0x08008c74   0x00000002   Code   RO          330    .text.UsageFault_Handler  stm32f1xx_it.o
    0x08008c76   0x08008c76   0x00000002   PAD
    0x08008c78   0x08008c78   0x0000022c   Code   RO           81    .text.draw_graph_live_info  ui.o
    0x08008ea4   0x08008ea4   0x0000026c   Code   RO           87    .text.draw_menu     ui.o
    0x08009110   0x08009110   0x0000011c   Code   RO           77    .text.draw_number_measurements  ui.o
    0x0800922c   0x0800922c   0x00000160   Code   RO           79    .text.draw_number_status  ui.o
    0x0800938c   0x0800938c   0x00000514   Code   RO           93    .text.draw_set_value_at  ui.o
    0x080098a0   0x080098a0   0x000000e2   Code   RO           91    .text.draw_text_diff  ui.o
    0x08009982   0x08009982   0x00000002   PAD
    0x08009984   0x08009984   0x000000da   Code   RO          134    .text.draw_text_diff  ui_solider.o
    0x08009a5e   0x08009a5e   0x00000002   PAD
    0x08009a60   0x08009a60   0x00000394   Code   RO           73    .text.enter_live_mode  ui.o
    0x08009df4   0x08009df4   0x00000068   Code   RO           95    .text.graph_clear_column  ui.o
    0x08009e5c   0x08009e5c   0x00000068   Code   RO          136    .text.graph_clear_column  ui_solider.o
    0x08009ec4   0x08009ec4   0x0000017a   Code   RO          156    .text.handle_temp   main.o
    0x0800a03e   0x0800a03e   0x00000002   PAD
    0x0800a040   0x0800a040   0x0000066c   Code   RO          162    .text.main          main.o
    0x0800a6ac   0x0800a6ac   0x00000244   Code   RO           89    .text.ui_flash_save  ui.o
    0x0800a8f0   0x0800a8f0   0x00000434   Code   RO          132    .text.update_values  ui_solider.o
    0x0800ad24   0x0800ad24   0x0000003e   Code   RO         1708    CL$$btod_d2e        c_w.l(btod.o)
    0x0800ad62   0x0800ad62   0x00000046   Code   RO         1710    CL$$btod_d2e_denorm_low  c_w.l(btod.o)
    0x0800ada8   0x0800ada8   0x00000060   Code   RO         1709    CL$$btod_d2e_norm_op1  c_w.l(btod.o)
    0x0800ae08   0x0800ae08   0x00000338   Code   RO         1718    CL$$btod_div_common  c_w.l(btod.o)
    0x0800b140   0x0800b140   0x000000dc   Code   RO         1715    CL$$btod_e2e        c_w.l(btod.o)
    0x0800b21c   0x0800b21c   0x0000002a   Code   RO         1712    CL$$btod_ediv       c_w.l(btod.o)
    0x0800b246   0x0800b246   0x0000002a   Code   RO         1711    CL$$btod_emul       c_w.l(btod.o)
    0x0800b270   0x0800b270   0x00000244   Code   RO         1717    CL$$btod_mult_common  c_w.l(btod.o)
    0x0800b4b4   0x0800b4b4   0x00000028   Code   RO         1743    i.__ARM_fpclassify  m_ws.l(fpclassify.o)
    0x0800b4dc   0x0800b4dc   0x0000000a   Code   RO         1660    i.__mathlib_flt_divzero  m_ws.l(funder.o)
    0x0800b4e6   0x0800b4e6   0x00000006   Code   RO         1661    i.__mathlib_flt_infnan  m_ws.l(funder.o)
    0x0800b4ec   0x0800b4ec   0x00000008   Code   RO         1663    i.__mathlib_flt_invalid  m_ws.l(funder.o)
    0x0800b4f4   0x0800b4f4   0x0000000e   Code   RO         1569    i._is_digit         c_w.l(__printf_wp.o)
    0x0800b502   0x0800b502   0x00000002   PAD
    0x0800b504   0x0800b504   0x00000190   Code   RO         1625    i.logf              m_ws.l(logf.o)
    0x0800b694   0x0800b694   0x0000002c   Code   RO         1733    locale$$code        c_w.l(lc_numeric_c.o)
    0x0800b6c0   0x0800b6c0   0x0000000c   Code   RO         1645    x$fpl$dretinf       fz_ws.l(dretinf.o)
    0x0800b6cc   0x0800b6cc   0x00000056   Code   RO         1592    x$fpl$f2d           fz_ws.l(f2d.o)
    0x0800b722   0x0800b722   0x00000002   PAD
    0x0800b724   0x0800b724   0x000000c4   Code   RO         1594    x$fpl$fadd          fz_ws.l(faddsub_clz.o)
    0x0800b7e8   0x0800b7e8   0x0000000c   Code   RO         1737    x$fpl$fcheck1       fz_ws.l(fcheck1.o)
    0x0800b7f4   0x0800b7f4   0x00000054   Code   RO         1600    x$fpl$fcmp          fz_ws.l(fcmp.o)
    0x0800b848   0x0800b848   0x00000018   Code   RO         1739    x$fpl$fcmpinf       fz_ws.l(fcmpi.o)
    0x0800b860   0x0800b860   0x00000184   Code   RO         1603    x$fpl$fdiv          fz_ws.l(fdiv.o)
    0x0800b9e4   0x0800b9e4   0x00000068   Code   RO         1647    x$fpl$feqf          fz_ws.l(feqf.o)
    0x0800ba4c   0x0800ba4c   0x00000036   Code   RO         1606    x$fpl$ffix          fz_ws.l(ffix.o)
    0x0800ba82   0x0800ba82   0x00000002   PAD
    0x0800ba84   0x0800ba84   0x0000003e   Code   RO         1610    x$fpl$ffixu         fz_ws.l(ffixu.o)
    0x0800bac2   0x0800bac2   0x00000002   PAD
    0x0800bac4   0x0800bac4   0x00000030   Code   RO         1615    x$fpl$fflt          fz_ws.l(fflt_clz.o)
    0x0800baf4   0x0800baf4   0x00000026   Code   RO         1614    x$fpl$ffltu         fz_ws.l(fflt_clz.o)
    0x0800bb1a   0x0800bb1a   0x00000002   PAD
    0x0800bb1c   0x0800bb1c   0x00000068   Code   RO         1649    x$fpl$fgeqf         fz_ws.l(fgeqf.o)
    0x0800bb84   0x0800bb84   0x00000068   Code   RO         1651    x$fpl$fleqf         fz_ws.l(fleqf.o)
    0x0800bbec   0x0800bbec   0x00000102   Code   RO         1620    x$fpl$fmul          fz_ws.l(fmul.o)
    0x0800bcee   0x0800bcee   0x0000008c   Code   RO         1653    x$fpl$fnaninf       fz_ws.l(fnaninf.o)
    0x0800bd7a   0x0800bd7a   0x0000000a   Code   RO         1655    x$fpl$fretinf       fz_ws.l(fretinf.o)
    0x0800bd84   0x0800bd84   0x000000ea   Code   RO         1596    x$fpl$fsub          fz_ws.l(faddsub_clz.o)
    0x0800be6e   0x0800be6e   0x00000004   Code   RO         1622    x$fpl$printf1       fz_ws.l(printf1.o)
    0x0800be72   0x0800be72   0x00000064   Code   RO         1807    x$fpl$retnan        fz_ws.l(retnan.o)
    0x0800bed6   0x0800bed6   0x0000004c   Code   RO         1657    x$fpl$scalbnf       fz_ws.l(scalbnf.o)
    0x0800bf22   0x0800bf22   0x00000030   Code   RO         1817    x$fpl$trapveneer    fz_ws.l(trapv.o)
    0x0800bf52   0x0800bf52   0x00000000   Code   RO         1659    x$fpl$usenofp       fz_ws.l(usenofp.o)
    0x0800bf52   0x0800bf52   0x00000011   Data   RO         1572    .constdata          c_w.l(__printf_flags_wp.o)
    0x0800bf63   0x0800bf63   0x00000001   PAD
    0x0800bf64   0x0800bf64   0x00000040   Data   RO         1626    .constdata          m_ws.l(logf.o)
    0x0800bfa4   0x0800bfa4   0x00000094   Data   RO         1706    .constdata          c_w.l(bigflt0.o)
    0x0800c038   0x0800c038   0x00000002   Data   RO          644    .rodata..L__const.HAL_RCC_GetSysClockFreq.aPredivFactorTable  stm32f1xx_hal_rcc.o
    0x0800c03a   0x0800c03a   0x00000002   PAD
    0x0800c03c   0x0800c03c   0x0000000c   Data   RO           98    .rodata..Lswitch.table.draw_graph_live_info  ui.o
    0x0800c048   0x0800c048   0x00000006   Data   RO           99    .rodata..Lswitch.table.draw_graph_live_info.29  ui.o
    0x0800c04e   0x0800c04e   0x00000010   Data   RO         1404    .rodata.AHBPrescTable  system_stm32f1xx.o
    0x0800c05e   0x0800c05e   0x00000008   Data   RO         1405    .rodata.APBPrescTable  system_stm32f1xx.o
    0x0800c066   0x0800c066   0x000001db   Data   RO           65    .rodata.ST7789_Font5x7  st7789_font.o
    0x0800c241   0x0800c241   0x0000000e   Data   RO           55    .rodata.ST7789_Init.negative_gamma  st7789.o
    0x0800c24f   0x0800c24f   0x00000005   Data   RO           53    .rodata.ST7789_Init.porch  st7789.o
    0x0800c254   0x0800c254   0x0000000e   Data   RO           54    .rodata.ST7789_Init.positive_gamma  st7789.o
    0x0800c262   0x0800c262   0x00000010   Data   RO          643    .rodata.cst16       stm32f1xx_hal_rcc.o
    0x0800c272   0x0800c272   0x00000045   Data   RO           97    .rodata.str1.1      ui.o
    0x0800c2b7   0x0800c2b7   0x0000000b   Data   RO          139    .rodata.str1.1      ui_solider.o
    0x0800c2c2   0x0800c2c2   0x00000002   PAD
    0x0800c2c4   0x0800c2c4   0x00000020   Data   RO         1899    Region$$Table       anon$$obj.o
    0x0800c2e4   0x0800c2e4   0x0000001c   Data   RO         1732    locale$$data        c_w.l(lc_numeric_c.o)


    Execution Region RW_IRAM1 (Exec base: 0x20000000, Load base: 0x0800c300, Size: 0x000016e0, Max: 0x00005000, ABSOLUTE, COMPRESSED[0x00000100])

    Exec Addr    Load Addr    Size         Type   Attr      Idx    E Section Name        Object

    0x20000000   COMPRESSED   0x00000004   Data   RW           56    .data..L_MergedGlobals  st7789.o
    0x20000004   COMPRESSED   0x0000003c   Data   RW          100    .data..L_MergedGlobals  ui.o
    0x20000040   COMPRESSED   0x00000008   Data   RW          140    .data..L_MergedGlobals  ui_solider.o
    0x20000048   COMPRESSED   0x00000008   Data   RW          606    .data..L_MergedGlobals  stm32f1xx_hal.o
    0x20000050   COMPRESSED   0x0000001c   Data   RW          288    .data.FS_Desc       usbd_desc.o
    0x2000006c   COMPRESSED   0x00000040   Data   RW          169    .data.PowerStage    main.o
    0x200000ac   COMPRESSED   0x00000004   Data   RW         1403    .data.SystemCoreClock  system_stm32f1xx.o
    0x200000b0   COMPRESSED   0x00000038   Data   RW         1535    .data.USBD_CDC      usbd_cdc.o
    0x200000e8   COMPRESSED   0x00000043   Data   RW         1537    .data.USBD_CDC_CfgFSDesc  usbd_cdc.o
    0x2000012b   COMPRESSED   0x00000001   PAD
    0x2000012c   COMPRESSED   0x00000043   Data   RW         1536    .data.USBD_CDC_CfgHSDesc  usbd_cdc.o
    0x2000016f   COMPRESSED   0x00000001   PAD
    0x20000170   COMPRESSED   0x0000000a   Data   RW         1539    .data.USBD_CDC_DeviceQualifierDesc  usbd_cdc.o
    0x2000017a   COMPRESSED   0x00000002   PAD
    0x2000017c   COMPRESSED   0x00000043   Data   RW         1538    .data.USBD_CDC_OtherSpeedCfgDesc  usbd_cdc.o
    0x200001bf   COMPRESSED   0x00000001   PAD
    0x200001c0   COMPRESSED   0x00000012   Data   RW          289    .data.USBD_FS_DeviceDesc  usbd_desc.o
    0x200001d2   COMPRESSED   0x00000002   PAD
    0x200001d4   COMPRESSED   0x00000010   Data   RW          311    .data.USBD_Interface_fops_FS  usbd_cdc_if.o
    0x200001e4   COMPRESSED   0x00000004   Data   RW          290    .data.USBD_LangIDDesc  usbd_desc.o
    0x200001e8   COMPRESSED   0x0000001a   Data   RW          291    .data.USBD_StringSerial  usbd_desc.o
    0x20000202   COMPRESSED   0x00000006   PAD
    0x20000208        -       0x00000060   Zero   RW         1746    .bss                c_w.l(libspace.o)
    0x20000268        -       0x00000050   Zero   RW          183    .bss..L_MergedGlobals  main.o
    0x200002b8        -       0x00000068   Zero   RW          141    .bss..L_MergedGlobals.12  ui_solider.o
    0x20000320        -       0x00000060   Zero   RW          184    .bss..L_MergedGlobals.2  main.o
    0x20000380        -       0x0000007c   Zero   RW          101    .bss..L_MergedGlobals.30  ui.o
    0x200003fc        -       0x00000076   Zero   RW          102    .bss..L_MergedGlobals.31  ui.o
    0x20000472        -       0x00000070   Zero   RW          103    .bss..L_MergedGlobals.32  ui.o
    0x200004e2        -       0x00000001   Zero   RW         1474    .bss.USBD_SetConfig.cfgidx  usbd_ctlreq.o
    0x200004e3   COMPRESSED   0x00000001   PAD
    0x200004e4        -       0x00000200   Zero   RW          292    .bss.USBD_StrDesc   usbd_desc.o
    0x200006e4        -       0x00000220   Zero   RW          265    .bss.USBD_static_malloc.mem  usbd_conf.o
    0x20000904        -       0x00000040   Zero   RW          312    .bss.UserRxBufferFS  usbd_cdc_if.o
    0x20000944        -       0x00000040   Zero   RW          313    .bss.UserTxBufferFS  usbd_cdc_if.o
    0x20000984        -       0x000002c4   Zero   RW          195    .bss.hUsbDeviceFS   usb_device.o
    0x20000c48        -       0x00000044   Zero   RW          176    .bss.hdma_adc1      main.o
    0x20000c8c        -       0x00000044   Zero   RW          178    .bss.hdma_spi1_tx   main.o
    0x20000cd0        -       0x0000026c   Zero   RW          264    .bss.hpcd_USB_FS    usbd_conf.o
    0x20000f3c        -       0x00000058   Zero   RW          177    .bss.hspi1          main.o
    0x20000f94        -       0x00000040   Zero   RW          179    .bss.htim1          main.o
    0x20000fd4        -       0x00000040   Zero   RW          174    .bss.htim2          main.o
    0x20001014        -       0x00000040   Zero   RW          175    .bss.htim3          main.o
    0x20001054        -       0x00000040   Zero   RW          173    .bss.htim4          main.o
    0x20001094   COMPRESSED   0x00000004   PAD
    0x20001098        -       0x00000020   Zero   RW          831    .bss.pFlash         stm32f1xx_hal_flash.o
    0x200010b8        -       0x00000024   Zero   RW          138    .bss.sol            ui_solider.o
    0x200010dc        -       0x00000004   Zero   RW          605    .bss.uwTick         stm32f1xx_hal.o
    0x200010e0        -       0x00000200   Zero   RW            2    HEAP                startup_stm32f103xb.o
    0x200012e0        -       0x00000400   Zero   RW            1    STACK               startup_stm32f103xb.o


==============================================================================

Image component sizes


      Code (inc. data)   RO Data    RW Data    ZI Data      Debug   Object Name

      3826          0          0         64        656      22429   main.o
      3568         16         33          4          0      20539   st7789.o
         0          0        475          0          0        490   st7789_font.o
        64         26        236          0       1536        800   startup_stm32f103xb.o
       188          0          0          8          4       5709   stm32f1xx_hal.o
      2596          0          0          0          0      13699   stm32f1xx_hal_adc.o
       248          0          0          0          0       9425   stm32f1xx_hal_adc_ex.o
       196          0          0          0          0       8413   stm32f1xx_hal_cortex.o
       688          0          0          0          0       8556   stm32f1xx_hal_dma.o
       542          0          0          0         32       6058   stm32f1xx_hal_flash.o
       238          0          0          0          0       7153   stm32f1xx_hal_flash_ex.o
       550         22          0          0          0       4646   stm32f1xx_hal_gpio.o
      1066          0          0          0          0      10185   stm32f1xx_hal_msp.o
      2096          0          0          0          0      12120   stm32f1xx_hal_pcd.o
        64          0          0          0          0       4078   stm32f1xx_hal_pcd_ex.o
      1504          0         18          0          0       8057   stm32f1xx_hal_rcc.o
       506         20          0          0          0       3656   stm32f1xx_hal_rcc_ex.o
       714          0          0          0          0      25654   stm32f1xx_hal_spi.o
      2290          4          0          0          0      50553   stm32f1xx_hal_tim.o
       296          0          0          0          0      17055   stm32f1xx_hal_tim_ex.o
        98          0          0          0          0       7127   stm32f1xx_it.o
      1998          6          0          0          0      15622   stm32f1xx_ll_usb.o
        80          0         24          4          0       2114   system_stm32f1xx.o
      9880        124         87         60        354      31137   ui.o
      2942         68         11          8        140      10266   ui_solider.o
       114          0          0          0        708       2890   usb_device.o
       712          0          0        267          0      10177   usbd_cdc.o
        80          0          0         16        128       4371   usbd_cdc_if.o
       674          0          0          0       1164      16008   usbd_conf.o
       692          0          0          0          0       7926   usbd_core.o
      1412         40          0          0          1       9213   usbd_ctlreq.o
       556         64          0         76        512       4122   usbd_desc.o
       128          0          0          0          0       4417   usbd_ioreq.o

    ----------------------------------------------------------------------
     40840        390        920        516       5244     364665   Object Totals
         0          0         32          0          0          0   (incl. Generated)
       234          0          4          9          9          0   (incl. Padding)

    ----------------------------------------------------------------------

      Code (inc. data)   RO Data    RW Data    ZI Data      Debug   Library Member Name

        90          0          0          0          0          0   __dczerorl2.o
         8          0          0          0          0         68   __main.o
       312          4         17          0          0         92   __printf_flags_wp.o
        14          0          0          0          0         68   __printf_wp.o
         0          0          0          0          0          0   __rtentry.o
        12          0          0          0          0          0   __rtentry2.o
         6          0          0          0          0          0   __rtentry4.o
        94          8          0          0          0          0   __scatter.o
        28          0          0          0          0          0   __scatter_zi.o
        48          6          0          0          0         96   _printf_char_common.o
       120         16          0          0          0         92   _printf_dec.o
         6          0          0          0          0          0   _printf_f.o
      1052          0          0          0          0        148   _printf_fp_dec.o
       128         16          0          0          0         84   _printf_fp_infnan.o
       178          0          0          0          0         88   _printf_intcommon.o
        78          0          0          0          0        108   _printf_pad.o
         0          0          0          0          0          0   _printf_percent.o
         4          0          0          0          0          0   _printf_percent_end.o
         6          0          0          0          0          0   _printf_u.o
        22          0          0          0          0        100   _rserrno.o
        16          0          0          0          0         68   _snputc.o
       228          4        148          0          0         96   bigflt0.o
      1936        128          0          0          0        668   btod.o
        18          0          0          0          0         80   exit.o
         6          0          0          0          0        152   heapauxi.o
         0          0          0          0          0          0   indicate_semi.o
        44         10         28          0          0         76   lc_numeric_c.o
         2          0          0          0          0          0   libinit.o
        18          0          0          0          0          0   libinit2.o
         2          0          0          0          0          0   libshutdown.o
         2          0          0          0          0          0   libshutdown2.o
         8          4          0          0         96         68   libspace.o
       138          0          0          0          0         80   lludiv10.o
        64          6          0          0          0         84   noretval__2snprintf.o
         8          4          0          0          0         68   rt_errno_addr_intlibspace.o
         8          4          0          0          0         68   rt_locale_intlibspace.o
        68          0          0          0          0         68   rt_memclr.o
        78          0          0          0          0         80   rt_memclr_w.o
         2          0          0          0          0          0   rtexit.o
        10          0          0          0          0          0   rtexit2.o
       128          0          0          0          0         68   strcmpv7m.o
        62          0          0          0          0         76   strlen.o
        86          0          0          0          0         76   strncpy.o
        12          4          0          0          0         68   sys_exit.o
        74          0          0          0          0         80   sys_stackheap_outer.o
         2          0          0          0          0         68   use_no_semi.o
        12          0          0          0          0         68   dretinf.o
        86          4          0          0          0         84   f2d.o
       430          8          0          0          0        168   faddsub_clz.o
        12          4          0          0          0         68   fcheck1.o
        84          0          0          0          0        196   fcmp.o
        24          0          0          0          0         68   fcmpi.o
       388         76          0          0          0         96   fdiv.o
       104          4          0          0          0         84   feqf.o
        54          4          0          0          0         84   ffix.o
        62          4          0          0          0         84   ffixu.o
        86          0          0          0          0        136   fflt_clz.o
       104          4          0          0          0         84   fgeqf.o
       104          4          0          0          0         84   fleqf.o
       258          4          0          0          0         84   fmul.o
       140          4          0          0          0         84   fnaninf.o
        10          0          0          0          0         68   fretinf.o
         4          0          0          0          0         68   printf1.o
       100          0          0          0          0         68   retnan.o
        76          0          0          0          0         68   scalbnf.o
        48          0          0          0          0         68   trapv.o
         0          0          0          0          0          0   usenofp.o
        40          0          0          0          0         68   fpclassify.o
        24          0          0          0          0        204   funder.o
       400         38         64          0          0        132   logf.o

    ----------------------------------------------------------------------
      7902        372        258          0         96       5252   Library Totals
        26          0          1          0          0          0   (incl. Padding)

    ----------------------------------------------------------------------

      Code (inc. data)   RO Data    RW Data    ZI Data      Debug   Library Name

      5226        214        193          0         96       3036   c_w.l
      2186        120          0          0          0       1812   fz_ws.l
       464         38         64          0          0        404   m_ws.l

    ----------------------------------------------------------------------
      7902        372        258          0         96       5252   Library Totals

    ----------------------------------------------------------------------

==============================================================================


      Code (inc. data)   RO Data    RW Data    ZI Data      Debug   

     48742        762       1178        516       5340     366365   Grand Totals
     48742        762       1178        256       5340     366365   ELF Image Totals (compressed)
     48742        762       1178        256          0          0   ROM Totals

==============================================================================

    Total RO  Size (Code + RO Data)                49920 (  48.75kB)
    Total RW  Size (RW Data + ZI Data)              5856 (   5.72kB)
    Total ROM Size (Code + RO Data + RW Data)      50176 (  49.00kB)

==============================================================================

