Component: Arm Compiler for Embedded 6.23 Tool: armlink [5f102400]

==============================================================================

Section Cross References

    startup_stm32f103xb.o(STACK) refers (Special) to heapauxi.o(.text) for __use_two_region_memory
    startup_stm32f103xb.o(HEAP) refers (Special) to heapauxi.o(.text) for __use_two_region_memory
    startup_stm32f103xb.o(RESET) refers (Special) to heapauxi.o(.text) for __use_two_region_memory
    startup_stm32f103xb.o(RESET) refers to startup_stm32f103xb.o(STACK) for __initial_sp
    startup_stm32f103xb.o(RESET) refers to startup_stm32f103xb.o(.text) for Reset_Handler
    startup_stm32f103xb.o(RESET) refers to stm32f1xx_it.o(.text.NMI_Handler) for NMI_Handler
    startup_stm32f103xb.o(RESET) refers to stm32f1xx_it.o(.text.HardFault_Handler) for HardFault_Handler
    startup_stm32f103xb.o(RESET) refers to stm32f1xx_it.o(.text.MemManage_Handler) for MemManage_Handler
    startup_stm32f103xb.o(RESET) refers to stm32f1xx_it.o(.text.BusFault_Handler) for BusFault_Handler
    startup_stm32f103xb.o(RESET) refers to stm32f1xx_it.o(.text.UsageFault_Handler) for UsageFault_Handler
    startup_stm32f103xb.o(RESET) refers to stm32f1xx_it.o(.text.SVC_Handler) for SVC_Handler
    startup_stm32f103xb.o(RESET) refers to stm32f1xx_it.o(.text.DebugMon_Handler) for DebugMon_Handler
    startup_stm32f103xb.o(RESET) refers to stm32f1xx_it.o(.text.PendSV_Handler) for PendSV_Handler
    startup_stm32f103xb.o(RESET) refers to stm32f1xx_it.o(.text.SysTick_Handler) for SysTick_Handler
    startup_stm32f103xb.o(RESET) refers to stm32f1xx_it.o(.text.DMA1_Channel1_IRQHandler) for DMA1_Channel1_IRQHandler
    startup_stm32f103xb.o(RESET) refers to stm32f1xx_it.o(.text.DMA1_Channel3_IRQHandler) for DMA1_Channel3_IRQHandler
    startup_stm32f103xb.o(RESET) refers to stm32f1xx_it.o(.text.ADC1_2_IRQHandler) for ADC1_2_IRQHandler
    startup_stm32f103xb.o(RESET) refers to stm32f1xx_it.o(.text.USB_LP_CAN1_RX0_IRQHandler) for USB_LP_CAN1_RX0_IRQHandler
    startup_stm32f103xb.o(RESET) refers to stm32f1xx_it.o(.text.TIM3_IRQHandler) for TIM3_IRQHandler
    startup_stm32f103xb.o(.text) refers (Special) to heapauxi.o(.text) for __use_two_region_memory
    startup_stm32f103xb.o(.text) refers to system_stm32f1xx.o(.text.SystemInit) for SystemInit
    startup_stm32f103xb.o(.text) refers to __main.o(!!!main) for __main
    startup_stm32f103xb.o(.text) refers to startup_stm32f103xb.o(HEAP) for Heap_Mem
    startup_stm32f103xb.o(.text) refers to startup_stm32f103xb.o(STACK) for Stack_Mem
    st7789.o(.text.ST7789_TransmitCommand) refers to stm32f1xx_hal_gpio.o(.text.HAL_GPIO_WritePin) for HAL_GPIO_WritePin
    st7789.o(.text.ST7789_TransmitCommand) refers to main.o(.bss.hspi1) for hspi1
    st7789.o(.text.ST7789_TransmitCommand) refers to stm32f1xx_hal_spi.o(.text.HAL_SPI_Transmit) for HAL_SPI_Transmit
    st7789.o(.ARM.exidx.text.ST7789_TransmitCommand) refers to st7789.o(.text.ST7789_TransmitCommand) for [Anonymous Symbol]
    st7789.o(.text.ST7789_TransmitSingleData) refers to stm32f1xx_hal_gpio.o(.text.HAL_GPIO_WritePin) for HAL_GPIO_WritePin
    st7789.o(.text.ST7789_TransmitSingleData) refers to main.o(.bss.hspi1) for hspi1
    st7789.o(.text.ST7789_TransmitSingleData) refers to stm32f1xx_hal_spi.o(.text.HAL_SPI_Transmit) for HAL_SPI_Transmit
    st7789.o(.ARM.exidx.text.ST7789_TransmitSingleData) refers to st7789.o(.text.ST7789_TransmitSingleData) for [Anonymous Symbol]
    st7789.o(.text.ST7789_TransmitData) refers to stm32f1xx_hal_gpio.o(.text.HAL_GPIO_WritePin) for HAL_GPIO_WritePin
    st7789.o(.text.ST7789_TransmitData) refers to main.o(.bss.hspi1) for hspi1
    st7789.o(.text.ST7789_TransmitData) refers to stm32f1xx_hal_spi.o(.text.HAL_SPI_Transmit) for HAL_SPI_Transmit
    st7789.o(.ARM.exidx.text.ST7789_TransmitData) refers to st7789.o(.text.ST7789_TransmitData) for [Anonymous Symbol]
    st7789.o(.text.ST7789_Reset) refers to stm32f1xx_hal.o(.text.HAL_Delay) for HAL_Delay
    st7789.o(.text.ST7789_Reset) refers to stm32f1xx_hal_gpio.o(.text.HAL_GPIO_WritePin) for HAL_GPIO_WritePin
    st7789.o(.ARM.exidx.text.ST7789_Reset) refers to st7789.o(.text.ST7789_Reset) for [Anonymous Symbol]
    st7789.o(.text.ST7789_SetRotation) refers to st7789.o(.data..L_MergedGlobals) for .L_MergedGlobals
    st7789.o(.text.ST7789_SetRotation) refers to stm32f1xx_hal_gpio.o(.text.HAL_GPIO_WritePin) for HAL_GPIO_WritePin
    st7789.o(.text.ST7789_SetRotation) refers to main.o(.bss.hspi1) for hspi1
    st7789.o(.text.ST7789_SetRotation) refers to stm32f1xx_hal_spi.o(.text.HAL_SPI_Transmit) for HAL_SPI_Transmit
    st7789.o(.ARM.exidx.text.ST7789_SetRotation) refers to st7789.o(.text.ST7789_SetRotation) for [Anonymous Symbol]
    st7789.o(.text.ST7789_InvertColors) refers to stm32f1xx_hal_gpio.o(.text.HAL_GPIO_WritePin) for HAL_GPIO_WritePin
    st7789.o(.text.ST7789_InvertColors) refers to main.o(.bss.hspi1) for hspi1
[...]
    TIM1_CC_IRQHandler                       0x08000227   Thumb Code     0  startup_stm32f103xb.o(.text)
    TIM1_TRG_COM_IRQHandler                  0x08000227   Thumb Code     0  startup_stm32f103xb.o(.text)
    TIM1_UP_IRQHandler                       0x08000227   Thumb Code     0  startup_stm32f103xb.o(.text)
    TIM2_IRQHandler                          0x08000227   Thumb Code     0  startup_stm32f103xb.o(.text)
    TIM4_IRQHandler                          0x08000227   Thumb Code     0  startup_stm32f103xb.o(.text)
    USART1_IRQHandler                        0x08000227   Thumb Code     0  startup_stm32f103xb.o(.text)
    USART2_IRQHandler                        0x08000227   Thumb Code     0  startup_stm32f103xb.o(.text)
    USART3_IRQHandler                        0x08000227   Thumb Code     0  startup_stm32f103xb.o(.text)
    USBWakeUp_IRQHandler                     0x08000227   Thumb Code     0  startup_stm32f103xb.o(.text)
    USB_HP_CAN1_TX_IRQHandler                0x08000227   Thumb Code     0  startup_stm32f103xb.o(.text)
    WWDG_IRQHandler                          0x08000227   Thumb Code     0  startup_stm32f103xb.o(.text)
    __user_initial_stackheap                 0x08000229   Thumb Code     0  startup_stm32f103xb.o(.text)
    __2snprintf                              0x0800024d   Thumb Code    58  noretval__2snprintf.o(.text)
    _printf_pre_padding                      0x0800028d   Thumb Code    44  _printf_pad.o(.text)
    _printf_post_padding                     0x080002b9   Thumb Code    34  _printf_pad.o(.text)
    __printf                                 0x080002dd   Thumb Code   308  __printf_flags_wp.o(.text)
    strncpy                                  0x08000415   Thumb Code    86  strncpy.o(.text)
    strcmp                                   0x0800046d   Thumb Code   128  strcmpv7m.o(.text)
    __use_two_region_memory                  0x080004ed   Thumb Code     2  heapauxi.o(.text)
    __rt_heap_escrow$2region                 0x080004ef   Thumb Code     2  heapauxi.o(.text)
    __rt_heap_expand$2region                 0x080004f1   Thumb Code     2  heapauxi.o(.text)
    __read_errno                             0x080004f3   Thumb Code    10  _rserrno.o(.text)
    __set_errno                              0x080004fd   Thumb Code    12  _rserrno.o(.text)
    _printf_fp_dec_real                      0x080006b9   Thumb Code   620  _printf_fp_dec.o(.text)
    _printf_char_common                      0x0800092f   Thumb Code    32  _printf_char_common.o(.text)
    _snputc                                  0x08000955   Thumb Code    16  _snputc.o(.text)
    __aeabi_memclr                           0x08000965   Thumb Code     0  rt_memclr.o(.text)
    __rt_memclr                              0x08000965   Thumb Code     0  rt_memclr.o(.text)
    _memset                                  0x08000969   Thumb Code    64  rt_memclr.o(.text)
    __rt_locale                              0x080009a9   Thumb Code     8  rt_locale_intlibspace.o(.text)
    __aeabi_errno_addr                       0x080009b1   Thumb Code     8  rt_errno_addr_intlibspace.o(.text)
    __errno$intlibspace                      0x080009b1   Thumb Code     0  rt_errno_addr_intlibspace.o(.text)
    __rt_errno_addr$intlibspace              0x080009b1   Thumb Code     0  rt_errno_addr_intlibspace.o(.text)
    _ll_udiv10                               0x080009b9   Thumb Code   138  lludiv10.o(.text)
    _printf_fp_infnan                        0x08000a45   Thumb Code   112  _printf_fp_infnan.o(.text)
    _btod_etento                             0x08000ac5   Thumb Code   224  bigflt0.o(.text)
    __aeabi_memclr4                          0x08000ba9   Thumb Code     0  rt_memclr_w.o(.text)
    __aeabi_memclr8                          0x08000ba9   Thumb Code     0  rt_memclr_w.o(.text)
    __rt_memclr_w                            0x08000ba9   Thumb Code     0  rt_memclr_w.o(.text)
    _memset_w                                0x08000bad   Thumb Code    74  rt_memclr_w.o(.text)
    __user_libspace                          0x08000bf9   Thumb Code     8  libspace.o(.text)
    __user_perproc_libspace                  0x08000bf9   Thumb Code     0  libspace.o(.text)
    __user_perthread_libspace                0x08000bf9   Thumb Code     0  libspace.o(.text)
    __user_setup_stackheap                   0x08000c01   Thumb Code    74  sys_stackheap_outer.o(.text)
    exit                                     0x08000c4b   Thumb Code    18  exit.o(.text)
    _sys_exit                                0x08000c5d   Thumb Code     8  sys_exit.o(.text)
    __I$use$semihosting                      0x08000c69   Thumb Code     0  use_no_semi.o(.text)
    __use_no_semihosting_swi                 0x08000c69   Thumb Code     2  use_no_semi.o(.text)
    __semihosting_library_function           0x08000c6b   Thumb Code     0  indicate_semi.o(.text)
    ADC1_2_IRQHandler                        0x08000c6d   Thumb Code    30  stm32f1xx_it.o(.text.ADC1_2_IRQHandler)
    ADC_ConversionStop_Disable               0x08000c8d   Thumb Code    70  stm32f1xx_hal_adc.o(.text.ADC_ConversionStop_Disable)
    ADC_DMAConvCplt                          0x08000cd5   Thumb Code    82  stm32f1xx_hal_adc.o(.text.ADC_DMAConvCplt)
    ADC_DMAError                             0x08000d29   Thumb Code    22  stm32f1xx_hal_adc.o(.text.ADC_DMAError)
    ADC_DMAHalfConvCplt                      0x08000d41   Thumb Code     6  stm32f1xx_hal_adc.o(.text.ADC_DMAHalfConvCplt)
    ADC_Enable                               0x08000d49   Thumb Code   158  stm32f1xx_hal_adc.o(.text.ADC_Enable)
    BBUI_Init                                0x08000de9   Thumb Code   816  ui.o(.text.BBUI_Init)
    BBUI_Task                                0x0800116d   Thumb Code   866  ui.o(.text.BBUI_Task)
    Buck_UI_Init                             0x080014d1   Thumb Code   146  main.o(.text.Buck_UI_Init)
    BusFault_Handler                         0x08001565   Thumb Code     2  stm32f1xx_it.o(.text.BusFault_Handler)
    DMA1_Channel1_IRQHandler                 0x080015b9   Thumb Code    12  stm32f1xx_it.o(.text.DMA1_Channel1_IRQHandler)
    DMA1_Channel3_IRQHandler                 0x080015c5   Thumb Code    12  stm32f1xx_it.o(.text.DMA1_Channel3_IRQHandler)
    DebugMon_Handler                         0x080015d1   Thumb Code     2  stm32f1xx_it.o(.text.DebugMon_Handler)
    Error_Handler                            0x080015d5   Thumb Code    10  main.o(.text.Error_Handler)
    HAL_ADCEx_Calibration_Start              0x080015e1   Thumb Code   246  stm32f1xx_hal_adc_ex.o(.text.HAL_ADCEx_Calibration_Start)
    HAL_ADCEx_InjectedConvCpltCallback       0x080016d9   Thumb Code     2  stm32f1xx_hal_adc_ex.o(.text.HAL_ADCEx_InjectedConvCpltCallback)
    HAL_ADC_ConfigChannel                    0x080016dd   Thumb Code   318  stm32f1xx_hal_adc.o(.text.HAL_ADC_ConfigChannel)
    HAL_ADC_ConvCpltCallback                 0x0800181d   Thumb Code   112  main.o(.text.HAL_ADC_ConvCpltCallback)
    HAL_ADC_ConvHalfCpltCallback             0x0800188d   Thumb Code     2  stm32f1xx_hal_adc.o(.text.HAL_ADC_ConvHalfCpltCallback)
    HAL_ADC_ErrorCallback                    0x08001891   Thumb Code     2  stm32f1xx_hal_adc.o(.text.HAL_ADC_ErrorCallback)
    HAL_ADC_GetValue                         0x08001895   Thumb Code     6  stm32f1xx_hal_adc.o(.text.HAL_ADC_GetValue)
    HAL_ADC_IRQHandler                       0x0800189d   Thumb Code   256  stm32f1xx_hal_adc.o(.text.HAL_ADC_IRQHandler)
    HAL_ADC_Init                             0x0800199d   Thumb Code   328  stm32f1xx_hal_adc.o(.text.HAL_ADC_Init)
    HAL_ADC_LevelOutOfWindowCallback         0x08001ae5   Thumb Code     2  stm32f1xx_hal_adc.o(.text.HAL_ADC_LevelOutOfWindowCallback)
    HAL_ADC_MspInit                          0x08001ae9   Thumb Code   258  stm32f1xx_hal_msp.o(.text.HAL_ADC_MspInit)
    HAL_ADC_PollForConversion                0x08001bed   Thumb Code   474  stm32f1xx_hal_adc.o(.text.HAL_ADC_PollForConversion)
    HAL_ADC_Start                            0x08001dc9   Thumb Code   334  stm32f1xx_hal_adc.o(.text.HAL_ADC_Start)
    HAL_ADC_Start_DMA                        0x08001f19   Thumb Code   424  stm32f1xx_hal_adc.o(.text.HAL_ADC_Start_DMA)
    HAL_ADC_Stop                             0x080020c1   Thumb Code   112  stm32f1xx_hal_adc.o(.text.HAL_ADC_Stop)
    HAL_DMA_IRQHandler                       0x08002131   Thumb Code   412  stm32f1xx_hal_dma.o(.text.HAL_DMA_IRQHandler)
    HAL_DMA_Init                             0x080022cd   Thumb Code   116  stm32f1xx_hal_dma.o(.text.HAL_DMA_Init)
    HAL_DMA_Start_IT                         0x08002341   Thumb Code   160  stm32f1xx_hal_dma.o(.text.HAL_DMA_Start_IT)
    HAL_Delay                                0x080023e1   Thumb Code    40  stm32f1xx_hal.o(.text.HAL_Delay)
    HAL_GPIO_Init                            0x08002409   Thumb Code   530  stm32f1xx_hal_gpio.o(.text.HAL_GPIO_Init)
    HAL_GPIO_ReadPin                         0x0800261d   Thumb Code    10  stm32f1xx_hal_gpio.o(.text.HAL_GPIO_ReadPin)
    HAL_GPIO_WritePin                        0x08002629   Thumb Code    10  stm32f1xx_hal_gpio.o(.text.HAL_GPIO_WritePin)
    HAL_GetTick                              0x08002635   Thumb Code    12  stm32f1xx_hal.o(.text.HAL_GetTick)
    HAL_IncTick                              0x08002641   Thumb Code    26  stm32f1xx_hal.o(.text.HAL_IncTick)
    HAL_Init                                 0x0800265d   Thumb Code    38  stm32f1xx_hal.o(.text.HAL_Init)
    HAL_InitTick                             0x08002685   Thumb Code    72  stm32f1xx_hal.o(.text.HAL_InitTick)
    HAL_MspInit                              0x080026cd   Thumb Code    66  stm32f1xx_hal_msp.o(.text.HAL_MspInit)
    HAL_NVIC_EnableIRQ                       0x08002711   Thumb Code    34  stm32f1xx_hal_cortex.o(.text.HAL_NVIC_EnableIRQ)
    HAL_NVIC_SetPriority                     0x08002735   Thumb Code    86  stm32f1xx_hal_cortex.o(.text.HAL_NVIC_SetPriority)
    HAL_NVIC_SetPriorityGrouping             0x0800278d   Thumb Code    32  stm32f1xx_hal_cortex.o(.text.HAL_NVIC_SetPriorityGrouping)
    HAL_PCDEx_PMAConfig                      0x080027ad   Thumb Code    64  stm32f1xx_hal_pcd_ex.o(.text.HAL_PCDEx_PMAConfig)
    HAL_PCDEx_SetConnectionState             0x080027ed   Thumb Code     2  usbd_conf.o(.text.HAL_PCDEx_SetConnectionState)
    HAL_PCD_DataInStageCallback              0x080027f1   Thumb Code    16  usbd_conf.o(.text.HAL_PCD_DataInStageCallback)
    HAL_PCD_DataOutStageCallback             0x08002801   Thumb Code    18  usbd_conf.o(.text.HAL_PCD_DataOutStageCallback)
    HAL_PCD_EP_Close                         0x08002815   Thumb Code    82  stm32f1xx_hal_pcd.o(.text.HAL_PCD_EP_Close)
    HAL_PCD_EP_ClrStall                      0x08002869   Thumb Code    96  stm32f1xx_hal_pcd.o(.text.HAL_PCD_EP_ClrStall)
    HAL_PCD_EP_GetRxCount                    0x080028c9   Thumb Code    14  stm32f1xx_hal_pcd.o(.text.HAL_PCD_EP_GetRxCount)
    HAL_PCD_EP_Open                          0x080028d9   Thumb Code   108  stm32f1xx_hal_pcd.o(.text.HAL_PCD_EP_Open)
    HAL_PCD_EP_Receive                       0x08002945   Thumb Code    46  stm32f1xx_hal_pcd.o(.text.HAL_PCD_EP_Receive)
    HAL_PCD_EP_SetStall                      0x08002975   Thumb Code   104  stm32f1xx_hal_pcd.o(.text.HAL_PCD_EP_SetStall)
    HAL_PCD_EP_Transmit                      0x080029dd   Thumb Code    40  stm32f1xx_hal_pcd.o(.text.HAL_PCD_EP_Transmit)
    HAL_PCD_IRQHandler                       0x08002a05   Thumb Code  1190  stm32f1xx_hal_pcd.o(.text.HAL_PCD_IRQHandler)
    HAL_PCD_Init                             0x08002ead   Thumb Code   328  stm32f1xx_hal_pcd.o(.text.HAL_PCD_Init)
    HAL_PCD_MspInit                          0x08002ff5   Thumb Code    68  usbd_conf.o(.text.HAL_PCD_MspInit)
    HAL_PCD_ResetCallback                    0x08003039   Thumb Code    36  usbd_conf.o(.text.HAL_PCD_ResetCallback)
    HAL_PCD_ResumeCallback                   0x0800305d   Thumb Code     8  usbd_conf.o(.text.HAL_PCD_ResumeCallback)
    HAL_PCD_SOFCallback                      0x08003065   Thumb Code     8  usbd_conf.o(.text.HAL_PCD_SOFCallback)
    HAL_PCD_SetAddress                       0x0800306d   Thumb Code    42  stm32f1xx_hal_pcd.o(.text.HAL_PCD_SetAddress)
    HAL_PCD_SetupStageCallback               0x08003099   Thumb Code    14  usbd_conf.o(.text.HAL_PCD_SetupStageCallback)
    HAL_PCD_Start                            0x080030a9   Thumb Code    46  stm32f1xx_hal_pcd.o(.text.HAL_PCD_Start)
    HAL_PCD_SuspendCallback                  0x080030d9   Thumb Code    38  usbd_conf.o(.text.HAL_PCD_SuspendCallback)
    HAL_RCCEx_GetPeriphCLKFreq               0x08003101   Thumb Code   228  stm32f1xx_hal_rcc_ex.o(.text.HAL_RCCEx_GetPeriphCLKFreq)
    HAL_RCCEx_PeriphCLKConfig                0x080031f9   Thumb Code   258  stm32f1xx_hal_rcc_ex.o(.text.HAL_RCCEx_PeriphCLKConfig)
    HAL_RCC_ClockConfig                      0x080032fd   Thumb Code   442  stm32f1xx_hal_rcc.o(.text.HAL_RCC_ClockConfig)
    HAL_RCC_GetPCLK2Freq                     0x080034b9   Thumb Code    38  stm32f1xx_hal_rcc.o(.text.HAL_RCC_GetPCLK2Freq)
    HAL_RCC_OscConfig                        0x080034e1   Thumb Code  1024  stm32f1xx_hal_rcc.o(.text.HAL_RCC_OscConfig)
    HAL_SPI_Init                             0x080038e1   Thumb Code   130  stm32f1xx_hal_spi.o(.text.HAL_SPI_Init)
    HAL_SPI_MspInit                          0x08003965   Thumb Code   166  stm32f1xx_hal_msp.o(.text.HAL_SPI_MspInit)
    HAL_SPI_Transmit                         0x08003a0d   Thumb Code   584  stm32f1xx_hal_spi.o(.text.HAL_SPI_Transmit)
    HAL_SYSTICK_Config                       0x08003c55   Thumb Code    44  stm32f1xx_hal_cortex.o(.text.HAL_SYSTICK_Config)
    HAL_TIMEx_BreakCallback                  0x08003c81   Thumb Code     2  stm32f1xx_hal_tim_ex.o(.text.HAL_TIMEx_BreakCallback)
    HAL_TIMEx_CommutCallback                 0x08003c85   Thumb Code     2  stm32f1xx_hal_tim_ex.o(.text.HAL_TIMEx_CommutCallback)
    HAL_TIMEx_ConfigBreakDeadTime            0x08003c89   Thumb Code    76  stm32f1xx_hal_tim_ex.o(.text.HAL_TIMEx_ConfigBreakDeadTime)
    HAL_TIMEx_MasterConfigSynchronization    0x08003cd5   Thumb Code    68  stm32f1xx_hal_tim_ex.o(.text.HAL_TIMEx_MasterConfigSynchronization)
    HAL_TIMEx_PWMN_Stop                      0x08003d19   Thumb Code    92  stm32f1xx_hal_tim_ex.o(.text.HAL_TIMEx_PWMN_Stop)
    HAL_TIM_Base_Init                        0x08003d75   Thumb Code   200  stm32f1xx_hal_tim.o(.text.HAL_TIM_Base_Init)
    HAL_TIM_Base_MspInit                     0x08003e3d   Thumb Code   108  stm32f1xx_hal_msp.o(.text.HAL_TIM_Base_MspInit)
    HAL_TIM_Base_Start_IT                    0x08003ea9   Thumb Code    32  stm32f1xx_hal_tim.o(.text.HAL_TIM_Base_Start_IT)
    HAL_TIM_ConfigClockSource                0x08003ec9   Thumb Code   402  stm32f1xx_hal_tim.o(.text.HAL_TIM_ConfigClockSource)
    HAL_TIM_Encoder_Init                     0x0800405d   Thumb Code   312  stm32f1xx_hal_tim.o(.text.HAL_TIM_Encoder_Init)
    HAL_TIM_Encoder_MspInit                  0x08004195   Thumb Code   246  stm32f1xx_hal_msp.o(.text.HAL_TIM_Encoder_MspInit)
    HAL_TIM_Encoder_Start_IT                 0x0800428d   Thumb Code    98  stm32f1xx_hal_tim.o(.text.HAL_TIM_Encoder_Start_IT)
    HAL_TIM_IC_CaptureCallback               0x080042f1   Thumb Code     2  stm32f1xx_hal_tim.o(.text.HAL_TIM_IC_CaptureCallback)
    HAL_TIM_IRQHandler                       0x080042f5   Thumb Code   368  stm32f1xx_hal_tim.o(.text.HAL_TIM_IRQHandler)
    HAL_TIM_MspPostInit                      0x08004465   Thumb Code   222  stm32f1xx_hal_msp.o(.text.HAL_TIM_MspPostInit)
    HAL_TIM_OC_DelayElapsedCallback          0x08004545   Thumb Code     2  stm32f1xx_hal_tim.o(.text.HAL_TIM_OC_DelayElapsedCallback)
    HAL_TIM_PWM_ConfigChannel                0x08004549   Thumb Code   510  stm32f1xx_hal_tim.o(.text.HAL_TIM_PWM_ConfigChannel)
    HAL_TIM_PWM_Init                         0x08004749   Thumb Code   200  stm32f1xx_hal_tim.o(.text.HAL_TIM_PWM_Init)
    HAL_TIM_PWM_MspInit                      0x08004811   Thumb Code     2  stm32f1xx_hal_tim.o(.text.HAL_TIM_PWM_MspInit)
    HAL_TIM_PWM_PulseFinishedCallback        0x08004815   Thumb Code     2  stm32f1xx_hal_tim.o(.text.HAL_TIM_PWM_PulseFinishedCallback)
    HAL_TIM_PWM_Stop                         0x08004819   Thumb Code   112  stm32f1xx_hal_tim.o(.text.HAL_TIM_PWM_Stop)
    HAL_TIM_PeriodElapsedCallback            0x08004889   Thumb Code   320  main.o(.text.HAL_TIM_PeriodElapsedCallback)
    HAL_TIM_TriggerCallback                  0x080049c9   Thumb Code     2  stm32f1xx_hal_tim.o(.text.HAL_TIM_TriggerCallback)
    HardFault_Handler                        0x080049cd   Thumb Code     2  stm32f1xx_it.o(.text.HardFault_Handler)
    MX_USB_DEVICE_Init                       0x080049d1   Thumb Code   114  usb_device.o(.text.MX_USB_DEVICE_Init)
    MemManage_Handler                        0x08004a45   Thumb Code     2  stm32f1xx_it.o(.text.MemManage_Handler)
    NMI_Handler                              0x08004a49   Thumb Code     2  stm32f1xx_it.o(.text.NMI_Handler)
    PendSV_Handler                           0x08004a4d   Thumb Code     2  stm32f1xx_it.o(.text.PendSV_Handler)
    ST7789_Color_GetFromRGB                  0x08004a51   Thumb Code    20  st7789.o(.text.ST7789_Color_GetFromRGB)
    ST7789_DrawFilledRectangle               0x08004a65   Thumb Code    44  st7789.o(.text.ST7789_DrawFilledRectangle)
    ST7789_DrawRectangle                     0x08004a91   Thumb Code   114  st7789.o(.text.ST7789_DrawRectangle)
    ST7789_Fill                              0x08004b05   Thumb Code   296  st7789.o(.text.ST7789_Fill)
    ST7789_FillScreen                        0x08004c2d   Thumb Code    42  st7789.o(.text.ST7789_FillScreen)
    ST7789_Init                              0x08004c59   Thumb Code  1878  st7789.o(.text.ST7789_Init)
    ST7789_PutChar                           0x080053b1   Thumb Code   514  st7789.o(.text.ST7789_PutChar)
    ST7789_PutString                         0x080055b5   Thumb Code   144  st7789.o(.text.ST7789_PutString)
    ST7789_SetRotation                       0x08005645   Thumb Code   176  st7789.o(.text.ST7789_SetRotation)
    SVC_Handler                              0x08005851   Thumb Code     2  stm32f1xx_it.o(.text.SVC_Handler)
    SysTick_Handler                          0x08005855   Thumb Code     4  stm32f1xx_it.o(.text.SysTick_Handler)
    SystemInit                               0x08005859   Thumb Code    80  system_stm32f1xx.o(.text.SystemInit)
    TIM3_IRQHandler                          0x080058a9   Thumb Code    12  stm32f1xx_it.o(.text.TIM3_IRQHandler)
    USBD_CDC_GetDeviceQualifierDescriptor    0x080059a1   Thumb Code    16  usbd_cdc.o(.text.USBD_CDC_GetDeviceQualifierDescriptor)
    USBD_CDC_ReceivePacket                   0x08005a65   Thumb Code    44  usbd_cdc.o(.text.USBD_CDC_ReceivePacket)
    USBD_CDC_RegisterInterface               0x08005a91   Thumb Code    14  usbd_cdc.o(.text.USBD_CDC_RegisterInterface)
    USBD_CDC_SetRxBuffer                     0x08005aa1   Thumb Code    12  usbd_cdc.o(.text.USBD_CDC_SetRxBuffer)
    USBD_CDC_SetTxBuffer                     0x08005aad   Thumb Code    16  usbd_cdc.o(.text.USBD_CDC_SetTxBuffer)
    USBD_ClrClassConfig                      0x08005b85   Thumb Code    14  usbd_core.o(.text.USBD_ClrClassConfig)
    USBD_CtlContinueRx                       0x08005b95   Thumb Code    16  usbd_ioreq.o(.text.USBD_CtlContinueRx)
    USBD_CtlContinueSendData                 0x08005ba5   Thumb Code    16  usbd_ioreq.o(.text.USBD_CtlContinueSendData)
    USBD_CtlError                            0x08005bb5   Thumb Code    22  usbd_ctlreq.o(.text.USBD_CtlError)
    USBD_CtlPrepareRx                        0x08005bcd   Thumb Code    26  usbd_ioreq.o(.text.USBD_CtlPrepareRx)
    USBD_CtlReceiveStatus                    0x08005be9   Thumb Code    22  usbd_ioreq.o(.text.USBD_CtlReceiveStatus)
    USBD_CtlSendData                         0x08005c01   Thumb Code    26  usbd_ioreq.o(.text.USBD_CtlSendData)
    USBD_CtlSendStatus                       0x08005c1d   Thumb Code    22  usbd_ioreq.o(.text.USBD_CtlSendStatus)
    USBD_FS_ConfigStrDescriptor              0x08005c35   Thumb Code    24  usbd_desc.o(.text.USBD_FS_ConfigStrDescriptor)
    USBD_FS_DeviceDescriptor                 0x08005c59   Thumb Code    14  usbd_desc.o(.text.USBD_FS_DeviceDescriptor)
    USBD_FS_InterfaceStrDescriptor           0x08005c69   Thumb Code    24  usbd_desc.o(.text.USBD_FS_InterfaceStrDescriptor)
    USBD_FS_LangIDStrDescriptor              0x08005c91   Thumb Code    14  usbd_desc.o(.text.USBD_FS_LangIDStrDescriptor)
    USBD_FS_ManufacturerStrDescriptor        0x08005ca1   Thumb Code    24  usbd_desc.o(.text.USBD_FS_ManufacturerStrDescriptor)
    USBD_FS_ProductStrDescriptor             0x08005cc5   Thumb Code    24  usbd_desc.o(.text.USBD_FS_ProductStrDescriptor)
    USBD_FS_SerialStrDescriptor              0x08005cf5   Thumb Code   368  usbd_desc.o(.text.USBD_FS_SerialStrDescriptor)
    USBD_GetString                           0x08005e65   Thumb Code   210  usbd_ctlreq.o(.text.USBD_GetString)
    USBD_Init                                0x08005f39   Thumb Code    48  usbd_core.o(.text.USBD_Init)
    USBD_LL_ClearStallEP                     0x08005f69   Thumb Code    34  usbd_conf.o(.text.USBD_LL_ClearStallEP)
    USBD_LL_CloseEP                          0x08005f8d   Thumb Code    34  usbd_conf.o(.text.USBD_LL_CloseEP)
    USBD_LL_DataInStage                      0x08005fb1   Thumb Code   202  usbd_core.o(.text.USBD_LL_DataInStage)
    USBD_LL_DataOutStage                     0x0800607d   Thumb Code   124  usbd_core.o(.text.USBD_LL_DataOutStage)
    USBD_LL_GetRxDataSize                    0x080060f9   Thumb Code     8  usbd_conf.o(.text.USBD_LL_GetRxDataSize)
    USBD_LL_Init                             0x08006101   Thumb Code   134  usbd_conf.o(.text.USBD_LL_Init)
    USBD_LL_IsStallEP                        0x08006189   Thumb Code    34  usbd_conf.o(.text.USBD_LL_IsStallEP)
    USBD_LL_OpenEP                           0x080061ad   Thumb Code    40  usbd_conf.o(.text.USBD_LL_OpenEP)
    USBD_LL_PrepareReceive                   0x080061d5   Thumb Code    34  usbd_conf.o(.text.USBD_LL_PrepareReceive)
    USBD_LL_Reset                            0x080061f9   Thumb Code    84  usbd_core.o(.text.USBD_LL_Reset)
    USBD_LL_Resume                           0x0800624d   Thumb Code    20  usbd_core.o(.text.USBD_LL_Resume)
    USBD_LL_SOF                              0x08006261   Thumb Code    28  usbd_core.o(.text.USBD_LL_SOF)
    USBD_LL_SetSpeed                         0x0800627d   Thumb Code     8  usbd_core.o(.text.USBD_LL_SetSpeed)
    USBD_LL_SetUSBAddress                    0x08006285   Thumb Code    34  usbd_conf.o(.text.USBD_LL_SetUSBAddress)
    USBD_LL_SetupStage                       0x080062a9   Thumb Code    92  usbd_core.o(.text.USBD_LL_SetupStage)
    USBD_LL_StallEP                          0x08006305   Thumb Code    34  usbd_conf.o(.text.USBD_LL_StallEP)
    USBD_LL_Start                            0x08006329   Thumb Code    34  usbd_conf.o(.text.USBD_LL_Start)
    USBD_LL_Suspend                          0x0800634d   Thumb Code    20  usbd_core.o(.text.USBD_LL_Suspend)
    USBD_LL_Transmit                         0x08006361   Thumb Code    34  usbd_conf.o(.text.USBD_LL_Transmit)
    USBD_ParseSetupRequest                   0x08006385   Thumb Code    22  usbd_ctlreq.o(.text.USBD_ParseSetupRequest)
    USBD_RegisterClass                       0x0800639d   Thumb Code    14  usbd_core.o(.text.USBD_RegisterClass)
    USBD_SetClassConfig                      0x080063ad   Thumb Code    28  usbd_core.o(.text.USBD_SetClassConfig)
    USBD_Start                               0x080063c9   Thumb Code    10  usbd_core.o(.text.USBD_Start)
    USBD_StdDevReq                           0x080063d5   Thumb Code   746  usbd_ctlreq.o(.text.USBD_StdDevReq)
    USBD_StdEPReq                            0x080066c1   Thumb Code   328  usbd_ctlreq.o(.text.USBD_StdEPReq)
    USBD_StdItfReq                           0x08006809   Thumb Code    84  usbd_ctlreq.o(.text.USBD_StdItfReq)
    USBD_static_free                         0x0800685d   Thumb Code     2  usbd_conf.o(.text.USBD_static_free)
    USBD_static_malloc                       0x08006861   Thumb Code    10  usbd_conf.o(.text.USBD_static_malloc)
    USB_ActivateEndpoint                     0x0800686d   Thumb Code   648  stm32f1xx_ll_usb.o(.text.USB_ActivateEndpoint)
    USB_CoreInit                             0x08006af5   Thumb Code     4  stm32f1xx_ll_usb.o(.text.USB_CoreInit)
    USB_DeactivateEndpoint                   0x08006af9   Thumb Code   222  stm32f1xx_ll_usb.o(.text.USB_DeactivateEndpoint)
    USB_DevConnect                           0x08006bd9   Thumb Code     4  stm32f1xx_ll_usb.o(.text.USB_DevConnect)
    USB_DevDisconnect                        0x08006bdd   Thumb Code     4  stm32f1xx_ll_usb.o(.text.USB_DevDisconnect)
    USB_DevInit                              0x08006be1   Thumb Code    38  stm32f1xx_ll_usb.o(.text.USB_DevInit)
    USB_DisableGlobalInt                     0x08006c09   Thumb Code    20  stm32f1xx_ll_usb.o(.text.USB_DisableGlobalInt)
    USB_EP0_OutStart                         0x08006c1d   Thumb Code     4  stm32f1xx_ll_usb.o(.text.USB_EP0_OutStart)
    USB_EPClearStall                         0x08006c21   Thumb Code   116  stm32f1xx_ll_usb.o(.text.USB_EPClearStall)
    USB_EPSetStall                           0x08006c95   Thumb Code    50  stm32f1xx_ll_usb.o(.text.USB_EPSetStall)
    USB_EPStartXfer                          0x08006cc9   Thumb Code   666  stm32f1xx_ll_usb.o(.text.USB_EPStartXfer)
    USB_EnableGlobalInt                      0x08006f65   Thumb Code    18  stm32f1xx_ll_usb.o(.text.USB_EnableGlobalInt)
    USB_LP_CAN1_RX0_IRQHandler               0x08006f79   Thumb Code    12  stm32f1xx_it.o(.text.USB_LP_CAN1_RX0_IRQHandler)
    USB_ReadInterrupts                       0x08006f85   Thumb Code     6  stm32f1xx_ll_usb.o(.text.USB_ReadInterrupts)
    USB_ReadPMA                              0x08006f8d   Thumb Code   180  stm32f1xx_ll_usb.o(.text.USB_ReadPMA)
    USB_SetCurrentMode                       0x08007041   Thumb Code     4  stm32f1xx_ll_usb.o(.text.USB_SetCurrentMode)
    USB_SetDevAddress                        0x08007045   Thumb Code    14  stm32f1xx_ll_usb.o(.text.USB_SetDevAddress)
    UsageFault_Handler                       0x08007055   Thumb Code     2  stm32f1xx_it.o(.text.UsageFault_Handler)
    handle_temp                              0x080074b1   Thumb Code   370  main.o(.text.handle_temp)
    main                                     0x08007625   Thumb Code  1498  main.o(.text.main)
    _btod_d2e                                0x08007cb1   Thumb Code    62  btod.o(CL$$btod_d2e)
    _d2e_denorm_low                          0x08007cef   Thumb Code    70  btod.o(CL$$btod_d2e_denorm_low)
    _d2e_norm_op1                            0x08007d35   Thumb Code    96  btod.o(CL$$btod_d2e_norm_op1)
    __btod_div_common                        0x08007d95   Thumb Code   696  btod.o(CL$$btod_div_common)
    _e2e                                     0x080080cd   Thumb Code   220  btod.o(CL$$btod_e2e)
    _btod_ediv                               0x080081a9   Thumb Code    42  btod.o(CL$$btod_ediv)
    _btod_emul                               0x080081d3   Thumb Code    42  btod.o(CL$$btod_emul)
    __btod_mult_common                       0x080081fd   Thumb Code   580  btod.o(CL$$btod_mult_common)
    __ARM_fpclassify                         0x08008441   Thumb Code    40  fpclassify.o(i.__ARM_fpclassify)
    __mathlib_flt_divzero                    0x08008469   Thumb Code    10  funder.o(i.__mathlib_flt_divzero)
    __mathlib_flt_infnan                     0x08008473   Thumb Code     6  funder.o(i.__mathlib_flt_infnan)
    __mathlib_flt_invalid                    0x08008479   Thumb Code     8  funder.o(i.__mathlib_flt_invalid)
    _is_digit                                0x08008481   Thumb Code    14  __printf_wp.o(i._is_digit)
    __mathlib_logf                           0x08008491   Thumb Code     0  logf.o(i.logf)
    logf                                     0x08008491   Thumb Code   362  logf.o(i.logf)
    _get_lc_numeric                          0x08008621   Thumb Code    44  lc_numeric_c.o(locale$$code)
    __fpl_dretinf                            0x0800864d   Thumb Code    12  dretinf.o(x$fpl$dretinf)
    __aeabi_f2d                              0x08008659   Thumb Code     0  f2d.o(x$fpl$f2d)
    _f2d                                     0x08008659   Thumb Code    86  f2d.o(x$fpl$f2d)
    __aeabi_fadd                             0x080086b1   Thumb Code     0  faddsub_clz.o(x$fpl$fadd)
    _fadd                                    0x080086b1   Thumb Code   196  faddsub_clz.o(x$fpl$fadd)
    __fpl_fcheck_NaN1                        0x08008775   Thumb Code     6  fcheck1.o(x$fpl$fcheck1)
    __aeabi_fcmpeq                           0x08008781   Thumb Code     0  fcmp.o(x$fpl$fcmp)
    _feq                                     0x08008781   Thumb Code    14  fcmp.o(x$fpl$fcmp)
    _fneq                                    0x0800878f   Thumb Code    14  fcmp.o(x$fpl$fcmp)
    __aeabi_fcmpgt                           0x0800879d   Thumb Code     0  fcmp.o(x$fpl$fcmp)
    _fgr                                     0x0800879d   Thumb Code    14  fcmp.o(x$fpl$fcmp)
    __aeabi_fcmpge                           0x080087ab   Thumb Code     0  fcmp.o(x$fpl$fcmp)
    _fgeq                                    0x080087ab   Thumb Code    14  fcmp.o(x$fpl$fcmp)
    __aeabi_fcmple                           0x080087b9   Thumb Code     0  fcmp.o(x$fpl$fcmp)
    _fleq                                    0x080087b9   Thumb Code    14  fcmp.o(x$fpl$fcmp)
    __aeabi_fcmplt                           0x080087c7   Thumb Code     0  fcmp.o(x$fpl$fcmp)
    _fls                                     0x080087c7   Thumb Code    14  fcmp.o(x$fpl$fcmp)
    __fpl_fcmp_Inf                           0x080087d5   Thumb Code    24  fcmpi.o(x$fpl$fcmpinf)
    __aeabi_fdiv                             0x080087ed   Thumb Code     0  fdiv.o(x$fpl$fdiv)
    _fdiv                                    0x080087ed   Thumb Code   384  fdiv.o(x$fpl$fdiv)
    __aeabi_cfcmpeq                          0x08008971   Thumb Code     0  feqf.o(x$fpl$feqf)
    _fcmpeq                                  0x08008971   Thumb Code   104  feqf.o(x$fpl$feqf)
    __aeabi_i2f                              0x080089d9   Thumb Code     0  fflt_clz.o(x$fpl$fflt)
    _fflt                                    0x080089d9   Thumb Code    48  fflt_clz.o(x$fpl$fflt)
    __aeabi_ui2f                             0x08008a09   Thumb Code     0  fflt_clz.o(x$fpl$ffltu)
    _ffltu                                   0x08008a09   Thumb Code    38  fflt_clz.o(x$fpl$ffltu)
    _fcmpge                                  0x08008a31   Thumb Code   104  fgeqf.o(x$fpl$fgeqf)
    __aeabi_cfcmple                          0x08008a99   Thumb Code     0  fleqf.o(x$fpl$fleqf)
    _fcmple                                  0x08008a99   Thumb Code   104  fleqf.o(x$fpl$fleqf)
    __fpl_fcmple_InfNaN                      0x08008aeb   Thumb Code     0  fleqf.o(x$fpl$fleqf)
    __aeabi_fmul                             0x08008b01   Thumb Code     0  fmul.o(x$fpl$fmul)
    _fmul                                    0x08008b01   Thumb Code   258  fmul.o(x$fpl$fmul)
    __fpl_fnaninf                            0x08008c03   Thumb Code   140  fnaninf.o(x$fpl$fnaninf)
    __fpl_fretinf                            0x08008c8f   Thumb Code    10  fretinf.o(x$fpl$fretinf)
    __aeabi_fsub                             0x08008c99   Thumb Code     0  faddsub_clz.o(x$fpl$fsub)
    _fsub                                    0x08008c99   Thumb Code   234  faddsub_clz.o(x$fpl$fsub)
    _printf_fp_dec                           0x08008d83   Thumb Code     4  printf1.o(x$fpl$printf1)
    __fpl_return_NaN                         0x08008d87   Thumb Code   100  retnan.o(x$fpl$retnan)
    __ARM_scalbnf                            0x08008deb   Thumb Code    76  scalbnf.o(x$fpl$scalbnf)
    __fpl_cmpreturn                          0x08008e37   Thumb Code    48  trapv.o(x$fpl$trapveneer)
    __I$use$fp                               0x08008e66   Number         0  usenofp.o(x$fpl$usenofp)
    AHBPrescTable                            0x08008f54   Data          16  system_stm32f1xx.o(.rodata.AHBPrescTable)
    APBPrescTable                            0x08008f64   Data           8  system_stm32f1xx.o(.rodata.APBPrescTable)
    ST7789_Font5x7                           0x08008f6c   Data         475  st7789_font.o(.rodata.ST7789_Font5x7)
    Region$$Table$$Base                      0x08009188   Number         0  anon$$obj.o(Region$$Table)
    Region$$Table$$Limit                     0x080091a8   Number         0  anon$$obj.o(Region$$Table)
    ST7789_Width                             0x20000000   Data           2  st7789.o(.data..L_MergedGlobals)
    ST7789_Height                            0x20000002   Data           2  st7789.o(.data..L_MergedGlobals)
    uwTickFreq                               0x20000008   Data           1  stm32f1xx_hal.o(.data..L_MergedGlobals)
    uwTickPrio                               0x2000000c   Data           4  stm32f1xx_hal.o(.data..L_MergedGlobals)
    FS_Desc                                  0x20000010   Data          28  usbd_desc.o(.data.FS_Desc)
    PowerStage                               0x2000002c   Data          64  main.o(.data.PowerStage)
    SystemCoreClock                          0x2000006c   Data           4  system_stm32f1xx.o(.data.SystemCoreClock)
    USBD_CDC                                 0x20000070   Data          56  usbd_cdc.o(.data.USBD_CDC)
    USBD_CDC_CfgFSDesc                       0x200000a8   Data          67  usbd_cdc.o(.data.USBD_CDC_CfgFSDesc)
    USBD_CDC_CfgHSDesc                       0x200000ec   Data          67  usbd_cdc.o(.data.USBD_CDC_CfgHSDesc)
    USBD_CDC_OtherSpeedCfgDesc               0x2000013c   Data          67  usbd_cdc.o(.data.USBD_CDC_OtherSpeedCfgDesc)
    USBD_FS_DeviceDesc                       0x20000180   Data          18  usbd_desc.o(.data.USBD_FS_DeviceDesc)
    USBD_Interface_fops_FS                   0x20000194   Data          16  usbd_cdc_if.o(.data.USBD_Interface_fops_FS)
    USBD_LangIDDesc                          0x200001a4   Data           4  usbd_desc.o(.data.USBD_LangIDDesc)
    USBD_StringSerial                        0x200001a8   Data          26  usbd_desc.o(.data.USBD_StringSerial)
    __libspace_start                         0x200001c8   Data          96  libspace.o(.bss)
    __temporary_stack_top$libspace           0x20000228   Data           0  libspace.o(.bss)
    adc1_dma_ready                           0x20000228   Data           1  main.o(.bss..L_MergedGlobals)
    raw                                      0x2000022c   Data           2  main.o(.bss..L_MergedGlobals)
    duty_buck                                0x2000022e   Data           2  main.o(.bss..L_MergedGlobals)
    duty_boost                               0x20000230   Data           2  main.o(.bss..L_MergedGlobals)
    test_tim2                                0x2000023a   Data           2  main.o(.bss..L_MergedGlobals)
    test_tim4                                0x2000023c   Data           2  main.o(.bss..L_MergedGlobals)
    adc_calib_offset                         0x20000240   Data           4  main.o(.bss..L_MergedGlobals)
    duty                                     0x20000244   Data           4  main.o(.bss..L_MergedGlobals)
    lastTime_readTemp                        0x20000258   Data           4  main.o(.bss..L_MergedGlobals)
    adc1_dma_buf                             0x20000274   Data           8  main.o(.bss..L_MergedGlobals)
    hadc1                                    0x2000027c   Data          48  main.o(.bss..L_MergedGlobals.2)
    hadc2                                    0x200002ac   Data          48  main.o(.bss..L_MergedGlobals.2)
    USBD_StrDesc                             0x200003c8   Data         512  usbd_desc.o(.bss.USBD_StrDesc)
    UserRxBufferFS                           0x200007e8   Data          64  usbd_cdc_if.o(.bss.UserRxBufferFS)
    UserTxBufferFS                           0x20000828   Data          64  usbd_cdc_if.o(.bss.UserTxBufferFS)
    hUsbDeviceFS                             0x20000880   Data         708  usb_device.o(.bss.hUsbDeviceFS)
    hdma_adc1                                0x20000b44   Data          68  main.o(.bss.hdma_adc1)
    hdma_spi1_tx                             0x20000b88   Data          68  main.o(.bss.hdma_spi1_tx)
    hpcd_USB_FS                              0x20000bcc   Data         620  usbd_conf.o(.bss.hpcd_USB_FS)
    hspi1                                    0x20000e38   Data          88  main.o(.bss.hspi1)
    htim1                                    0x20000e90   Data          64  main.o(.bss.htim1)
    htim2                                    0x20000ed0   Data          64  main.o(.bss.htim2)
    htim3                                    0x20000f10   Data          64  main.o(.bss.htim3)
    htim4                                    0x20000f50   Data          64  main.o(.bss.htim4)
    uwTick                                   0x20000f90   Data           4  stm32f1xx_hal.o(.bss.uwTick)



==============================================================================

Memory Map of the image

  Image Entry point : 0x080000ed

  Load Region LR_IROM1 (Base: 0x08000000, Size: 0x00009390, Max: 0x00010000, ABSOLUTE, COMPRESSED[0x000092b0])

    Execution Region ER_IROM1 (Exec base: 0x08000000, Load base: 0x08000000, Size: 0x000091c4, Max: 0x00010000, ABSOLUTE)

    Exec Addr    Load Addr    Size         Type   Attr      Idx    E Section Name        Object

    0x08000000   0x08000000   0x000000ec   Data   RO            3    RESET               startup_stm32f103xb.o
    0x080000ec   0x080000ec   0x00000008   Code   RO         1529  * !!!main             c_w.l(__main.o)
    0x080000f4   0x080000f4   0x0000005c   Code   RO         1835    !!!scatter          c_w.l(__scatter.o)
    0x08000150   0x08000150   0x0000005a   Code   RO         1833    !!dczerorl2         c_w.l(__dczerorl2.o)
    0x080001aa   0x080001aa   0x00000002   PAD
    0x080001ac   0x080001ac   0x00000002   Code   RO         1836    !!handler_null      c_w.l(__scatter.o)
    0x080001ae   0x080001ae   0x00000002   PAD
    0x080001b0   0x080001b0   0x0000001c   Code   RO         1839    !!handler_zi        c_w.l(__scatter_zi.o)
    0x080001cc   0x080001cc   0x00000000   Code   RO         1522    .ARM.Collect$$_printf_percent$$00000000  c_w.l(_printf_percent.o)
    0x080001cc   0x080001cc   0x00000006   Code   RO         1521    .ARM.Collect$$_printf_percent$$00000003  c_w.l(_printf_f.o)
    0x080001d2   0x080001d2   0x00000004   Code   RO         1575    .ARM.Collect$$_printf_percent$$00000017  c_w.l(_printf_percent_end.o)
    0x080001d6   0x080001d6   0x00000002   Code   RO         1692    .ARM.Collect$$libinit$$00000000  c_w.l(libinit.o)
    0x080001d8   0x080001d8   0x00000000   Code   RO         1694    .ARM.Collect$$libinit$$00000002  c_w.l(libinit2.o)
    0x080001d8   0x080001d8   0x00000000   Code   RO         1696    .ARM.Collect$$libinit$$00000004  c_w.l(libinit2.o)
    0x080001d8   0x080001d8   0x00000000   Code   RO         1698    .ARM.Collect$$libinit$$00000006  c_w.l(libinit2.o)
    0x080001d8   0x080001d8   0x00000000   Code   RO         1701    .ARM.Collect$$libinit$$0000000C  c_w.l(libinit2.o)
    0x080001d8   0x080001d8   0x00000000   Code   RO         1703    .ARM.Collect$$libinit$$0000000E  c_w.l(libinit2.o)
    0x080001d8   0x080001d8   0x00000000   Code   RO         1705    .ARM.Collect$$libinit$$00000010  c_w.l(libinit2.o)
    0x080001d8   0x080001d8   0x00000006   Code   RO         1706    .ARM.Collect$$libinit$$00000011  c_w.l(libinit2.o)
    0x080001de   0x080001de   0x00000000   Code   RO         1708    .ARM.Collect$$libinit$$00000013  c_w.l(libinit2.o)
    0x080001de   0x080001de   0x00000000   Code   RO         1710    .ARM.Collect$$libinit$$00000015  c_w.l(libinit2.o)
    0x080001de   0x080001de   0x00000000   Code   RO         1712    .ARM.Collect$$libinit$$00000017  c_w.l(libinit2.o)
    0x080001de   0x080001de   0x0000000a   Code   RO         1713    .ARM.Collect$$libinit$$00000018  c_w.l(libinit2.o)
    0x080001e8   0x080001e8   0x00000000   Code   RO         1714    .ARM.Collect$$libinit$$00000019  c_w.l(libinit2.o)
    0x080001e8   0x080001e8   0x00000000   Code   RO         1716    .ARM.Collect$$libinit$$0000001B  c_w.l(libinit2.o)
    0x080001e8   0x080001e8   0x00000000   Code   RO         1718    .ARM.Collect$$libinit$$0000001D  c_w.l(libinit2.o)
    0x080001e8   0x080001e8   0x00000000   Code   RO         1720    .ARM.Collect$$libinit$$0000001F  c_w.l(libinit2.o)
    0x080001e8   0x080001e8   0x00000000   Code   RO         1722    .ARM.Collect$$libinit$$00000021  c_w.l(libinit2.o)
    0x080001e8   0x080001e8   0x00000000   Code   RO         1724    .ARM.Collect$$libinit$$00000023  c_w.l(libinit2.o)
    0x080001e8   0x080001e8   0x00000000   Code   RO         1726    .ARM.Collect$$libinit$$00000025  c_w.l(libinit2.o)
    0x080001e8   0x080001e8   0x00000000   Code   RO         1728    .ARM.Collect$$libinit$$00000027  c_w.l(libinit2.o)
    0x080001e8   0x080001e8   0x00000000   Code   RO         1732    .ARM.Collect$$libinit$$0000002E  c_w.l(libinit2.o)
    0x080001e8   0x080001e8   0x00000000   Code   RO         1734    .ARM.Collect$$libinit$$00000030  c_w.l(libinit2.o)
    0x080001e8   0x080001e8   0x00000000   Code   RO         1736    .ARM.Collect$$libinit$$00000032  c_w.l(libinit2.o)
    0x080001e8   0x080001e8   0x00000000   Code   RO         1738    .ARM.Collect$$libinit$$00000034  c_w.l(libinit2.o)
    0x080001e8   0x080001e8   0x00000002   Code   RO         1739    .ARM.Collect$$libinit$$00000035  c_w.l(libinit2.o)
    0x080001ea   0x080001ea   0x00000002   Code   RO         1779    .ARM.Collect$$libshutdown$$00000000  c_w.l(libshutdown.o)
    0x080001ec   0x080001ec   0x00000000   Code   RO         1790    .ARM.Collect$$libshutdown$$00000002  c_w.l(libshutdown2.o)
    0x080001ec   0x080001ec   0x00000000   Code   RO         1792    .ARM.Collect$$libshutdown$$00000004  c_w.l(libshutdown2.o)
    0x080001ec   0x080001ec   0x00000000   Code   RO         1795    .ARM.Collect$$libshutdown$$00000007  c_w.l(libshutdown2.o)
    0x080001ec   0x080001ec   0x00000000   Code   RO         1798    .ARM.Collect$$libshutdown$$0000000A  c_w.l(libshutdown2.o)
    0x080001ec   0x080001ec   0x00000000   Code   RO         1800    .ARM.Collect$$libshutdown$$0000000C  c_w.l(libshutdown2.o)
    0x080001ec   0x080001ec   0x00000000   Code   RO         1803    .ARM.Collect$$libshutdown$$0000000F  c_w.l(libshutdown2.o)
    0x080001ec   0x080001ec   0x00000002   Code   RO         1804    .ARM.Collect$$libshutdown$$00000010  c_w.l(libshutdown2.o)
    0x080001ee   0x080001ee   0x00000000   Code   RO         1564    .ARM.Collect$$rtentry$$00000000  c_w.l(__rtentry.o)
    0x080001ee   0x080001ee   0x00000000   Code   RO         1608    .ARM.Collect$$rtentry$$00000002  c_w.l(__rtentry2.o)
    0x080001ee   0x080001ee   0x00000006   Code   RO         1620    .ARM.Collect$$rtentry$$00000004  c_w.l(__rtentry4.o)
    0x080001f4   0x080001f4   0x00000000   Code   RO         1610    .ARM.Collect$$rtentry$$00000009  c_w.l(__rtentry2.o)
    0x080001f4   0x080001f4   0x00000004   Code   RO         1611    .ARM.Collect$$rtentry$$0000000A  c_w.l(__rtentry2.o)
    0x080001f8   0x080001f8   0x00000000   Code   RO         1613    .ARM.Collect$$rtentry$$0000000C  c_w.l(__rtentry2.o)
    0x080001f8   0x080001f8   0x00000008   Code   RO         1614    .ARM.Collect$$rtentry$$0000000D  c_w.l(__rtentry2.o)
    0x08000200   0x08000200   0x00000002   Code   RO         1742    .ARM.Collect$$rtexit$$00000000  c_w.l(rtexit.o)
    0x08000202   0x08000202   0x00000000   Code   RO         1753    .ARM.Collect$$rtexit$$00000002  c_w.l(rtexit2.o)
    0x08000202   0x08000202   0x00000004   Code   RO         1754    .ARM.Collect$$rtexit$$00000003  c_w.l(rtexit2.o)
    0x08000206   0x08000206   0x00000006   Code   RO         1755    .ARM.Collect$$rtexit$$00000004  c_w.l(rtexit2.o)
    0x0800020c   0x0800020c   0x00000040   Code   RO            4    .text               startup_stm32f103xb.o
    0x0800024c   0x0800024c   0x00000040   Code   RO         1495    .text               c_w.l(noretval__2snprintf.o)
    0x0800028c   0x0800028c   0x0000004e   Code   RO         1499    .text               c_w.l(_printf_pad.o)
    0x080002da   0x080002da   0x00000002   PAD
    0x080002dc   0x080002dc   0x00000138   Code   RO         1513    .text               c_w.l(__printf_flags_wp.o)
    0x08000414   0x08000414   0x00000056   Code   RO         1523    .text               c_w.l(strncpy.o)
    0x0800046a   0x0800046a   0x00000002   PAD
    0x0800046c   0x0800046c   0x00000080   Code   RO         1525    .text               c_w.l(strcmpv7m.o)
    0x080004ec   0x080004ec   0x00000006   Code   RO         1527    .text               c_w.l(heapauxi.o)
    0x080004f2   0x080004f2   0x00000016   Code   RO         1565    .text               c_w.l(_rserrno.o)
    0x08000508   0x08000508   0x0000041c   Code   RO         1567    .text               c_w.l(_printf_fp_dec.o)
    0x08000924   0x08000924   0x00000030   Code   RO         1571    .text               c_w.l(_printf_char_common.o)
    0x08000954   0x08000954   0x00000010   Code   RO         1573    .text               c_w.l(_snputc.o)
    0x08000964   0x08000964   0x00000044   Code   RO         1576    .text               c_w.l(rt_memclr.o)
    0x080009a8   0x080009a8   0x00000008   Code   RO         1625    .text               c_w.l(rt_locale_intlibspace.o)
    0x080009b0   0x080009b0   0x00000008   Code   RO         1630    .text               c_w.l(rt_errno_addr_intlibspace.o)
    0x080009b8   0x080009b8   0x0000008a   Code   RO         1632    .text               c_w.l(lludiv10.o)
    0x08000a42   0x08000a42   0x00000002   PAD
    0x08000a44   0x08000a44   0x00000080   Code   RO         1634    .text               c_w.l(_printf_fp_infnan.o)
    0x08000ac4   0x08000ac4   0x000000e4   Code   RO         1638    .text               c_w.l(bigflt0.o)
    0x08000ba8   0x08000ba8   0x0000004e   Code   RO         1668    .text               c_w.l(rt_memclr_w.o)
    0x08000bf6   0x08000bf6   0x00000002   PAD
    0x08000bf8   0x08000bf8   0x00000008   Code   RO         1678    .text               c_w.l(libspace.o)
    0x08000c00   0x08000c00   0x0000004a   Code   RO         1681    .text               c_w.l(sys_stackheap_outer.o)
    0x08000c4a   0x08000c4a   0x00000012   Code   RO         1685    .text               c_w.l(exit.o)
    0x08000c5c   0x08000c5c   0x0000000c   Code   RO         1765    .text               c_w.l(sys_exit.o)
    0x08000c68   0x08000c68   0x00000002   Code   RO         1780    .text               c_w.l(use_no_semi.o)
    0x08000c6a   0x08000c6a   0x00000000   Code   RO         1782    .text               c_w.l(indicate_semi.o)
    0x08000c6a   0x08000c6a   0x00000002   PAD
    0x08000c6c   0x08000c6c   0x0000001e   Code   RO          288    .text.ADC1_2_IRQHandler  stm32f1xx_it.o
    0x08000c8a   0x08000c8a   0x00000002   PAD
    0x08000c8c   0x08000c8c   0x00000046   Code   RO          836    .text.ADC_ConversionStop_Disable  stm32f1xx_hal_adc.o
    0x08000cd2   0x08000cd2   0x00000002   PAD
    0x08000cd4   0x08000cd4   0x00000052   Code   RO          858    .text.ADC_DMAConvCplt  stm32f1xx_hal_adc.o
    0x08000d26   0x08000d26   0x00000002   PAD
    0x08000d28   0x08000d28   0x00000016   Code   RO          862    .text.ADC_DMAError  stm32f1xx_hal_adc.o
    0x08000d3e   0x08000d3e   0x00000002   PAD
    0x08000d40   0x08000d40   0x00000006   Code   RO          860    .text.ADC_DMAHalfConvCplt  stm32f1xx_hal_adc.o
    0x08000d46   0x08000d46   0x00000002   PAD
    0x08000d48   0x08000d48   0x0000009e   Code   RO          844    .text.ADC_Enable    stm32f1xx_hal_adc.o
    0x08000de6   0x08000de6   0x00000002   PAD
    0x08000de8   0x08000de8   0x00000384   Code   RO           71    .text.BBUI_Init     ui.o
    0x0800116c   0x0800116c   0x00000362   Code   RO           77    .text.BBUI_Task     ui.o
    0x080014ce   0x080014ce   0x00000002   PAD
    0x080014d0   0x080014d0   0x00000092   Code   RO          101    .text.Buck_UI_Init  main.o
    0x08001562   0x08001562   0x00000002   PAD
    0x08001564   0x08001564   0x00000002   Code   RO          272    .text.BusFault_Handler  stm32f1xx_it.o
    0x08001566   0x08001566   0x00000002   PAD
    0x08001568   0x08001568   0x00000004   Code   RO          249    .text.CDC_Control_FS  usbd_cdc_if.o
    0x0800156c   0x0800156c   0x00000004   Code   RO          247    .text.CDC_DeInit_FS  usbd_cdc_if.o
    0x08001570   0x08001570   0x0000002c   Code   RO          245    .text.CDC_Init_FS   usbd_cdc_if.o
    0x0800159c   0x0800159c   0x0000001c   Code   RO          251    .text.CDC_Receive_FS  usbd_cdc_if.o
    0x080015b8   0x080015b8   0x0000000c   Code   RO          284    .text.DMA1_Channel1_IRQHandler  stm32f1xx_it.o
    0x080015c4   0x080015c4   0x0000000c   Code   RO          286    .text.DMA1_Channel3_IRQHandler  stm32f1xx_it.o
    0x080015d0   0x080015d0   0x00000002   Code   RO          278    .text.DebugMon_Handler  stm32f1xx_it.o
    0x080015d2   0x080015d2   0x00000002   PAD
    0x080015d4   0x080015d4   0x0000000a   Code   RO          113    .text.Error_Handler  main.o
    0x080015de   0x080015de   0x00000002   PAD
    0x080015e0   0x080015e0   0x000000f6   Code   RO          894    .text.HAL_ADCEx_Calibration_Start  stm32f1xx_hal_adc_ex.o
    0x080016d6   0x080016d6   0x00000002   PAD
    0x080016d8   0x080016d8   0x00000002   Code   RO          914    .text.HAL_ADCEx_InjectedConvCpltCallback  stm32f1xx_hal_adc_ex.o
    0x080016da   0x080016da   0x00000002   PAD
    0x080016dc   0x080016dc   0x0000013e   Code   RO          878    .text.HAL_ADC_ConfigChannel  stm32f1xx_hal_adc.o
    0x0800181a   0x0800181a   0x00000002   PAD
    0x0800181c   0x0800181c   0x00000070   Code   RO          107    .text.HAL_ADC_ConvCpltCallback  main.o
    0x0800188c   0x0800188c   0x00000002   Code   RO          874    .text.HAL_ADC_ConvHalfCpltCallback  stm32f1xx_hal_adc.o
    0x0800188e   0x0800188e   0x00000002   PAD
    0x08001890   0x08001890   0x00000002   Code   RO          876    .text.HAL_ADC_ErrorCallback  stm32f1xx_hal_adc.o
    0x08001892   0x08001892   0x00000002   PAD
    0x08001894   0x08001894   0x00000006   Code   RO          866    .text.HAL_ADC_GetValue  stm32f1xx_hal_adc.o
    0x0800189a   0x0800189a   0x00000002   PAD
    0x0800189c   0x0800189c   0x00000100   Code   RO          868    .text.HAL_ADC_IRQHandler  stm32f1xx_hal_adc.o
    0x0800199c   0x0800199c   0x00000148   Code   RO          832    .text.HAL_ADC_Init  stm32f1xx_hal_adc.o
    0x08001ae4   0x08001ae4   0x00000002   Code   RO          872    .text.HAL_ADC_LevelOutOfWindowCallback  stm32f1xx_hal_adc.o
    0x08001ae6   0x08001ae6   0x00000002   PAD
    0x08001ae8   0x08001ae8   0x00000102   Code   RO          303    .text.HAL_ADC_MspInit  stm32f1xx_hal_msp.o
    0x08001bea   0x08001bea   0x00000002   PAD
    0x08001bec   0x08001bec   0x000001da   Code   RO          848    .text.HAL_ADC_PollForConversion  stm32f1xx_hal_adc.o
    0x08001dc6   0x08001dc6   0x00000002   PAD
    0x08001dc8   0x08001dc8   0x0000014e   Code   RO          842    .text.HAL_ADC_Start  stm32f1xx_hal_adc.o
    0x08001f16   0x08001f16   0x00000002   PAD
    0x08001f18   0x08001f18   0x000001a8   Code   RO          856    .text.HAL_ADC_Start_DMA  stm32f1xx_hal_adc.o
    0x080020c0   0x080020c0   0x00000070   Code   RO          846    .text.HAL_ADC_Stop  stm32f1xx_hal_adc.o
    0x08002130   0x08002130   0x0000019c   Code   RO          649    .text.HAL_DMA_IRQHandler  stm32f1xx_hal_dma.o
    0x080022cc   0x080022cc   0x00000074   Code   RO          635    .text.HAL_DMA_Init  stm32f1xx_hal_dma.o
    0x08002340   0x08002340   0x000000a0   Code   RO          641    .text.HAL_DMA_Start_IT  stm32f1xx_hal_dma.o
    0x080023e0   0x080023e0   0x00000028   Code   RO          519    .text.HAL_Delay     stm32f1xx_hal.o
    0x08002408   0x08002408   0x00000212   Code   RO          611    .text.HAL_GPIO_Init  stm32f1xx_hal_gpio.o
    0x0800261a   0x0800261a   0x00000002   PAD
    0x0800261c   0x0800261c   0x0000000a   Code   RO          615    .text.HAL_GPIO_ReadPin  stm32f1xx_hal_gpio.o
    0x08002626   0x08002626   0x00000002   PAD
    0x08002628   0x08002628   0x0000000a   Code   RO          617    .text.HAL_GPIO_WritePin  stm32f1xx_hal_gpio.o
    0x08002632   0x08002632   0x00000002   PAD
    0x08002634   0x08002634   0x0000000c   Code   RO          511    .text.HAL_GetTick   stm32f1xx_hal.o
    0x08002640   0x08002640   0x0000001a   Code   RO          509    .text.HAL_IncTick   stm32f1xx_hal.o
    0x0800265a   0x0800265a   0x00000002   PAD
    0x0800265c   0x0800265c   0x00000026   Code   RO          499    .text.HAL_Init      stm32f1xx_hal.o
    0x08002682   0x08002682   0x00000002   PAD
    0x08002684   0x08002684   0x00000048   Code   RO          501    .text.HAL_InitTick  stm32f1xx_hal.o
    0x080026cc   0x080026cc   0x00000042   Code   RO          301    .text.HAL_MspInit   stm32f1xx_hal_msp.o
    0x0800270e   0x0800270e   0x00000002   PAD
    0x08002710   0x08002710   0x00000022   Code   RO          671    .text.HAL_NVIC_EnableIRQ  stm32f1xx_hal_cortex.o
    0x08002732   0x08002732   0x00000002   PAD
    0x08002734   0x08002734   0x00000056   Code   RO          669    .text.HAL_NVIC_SetPriority  stm32f1xx_hal_cortex.o
    0x0800278a   0x0800278a   0x00000002   PAD
    0x0800278c   0x0800278c   0x00000020   Code   RO          667    .text.HAL_NVIC_SetPriorityGrouping  stm32f1xx_hal_cortex.o
    0x080027ac   0x080027ac   0x00000040   Code   RO          415    .text.HAL_PCDEx_PMAConfig  stm32f1xx_hal_pcd_ex.o
    0x080027ec   0x080027ec   0x00000002   Code   RO          206    .text.HAL_PCDEx_SetConnectionState  usbd_conf.o
    0x080027ee   0x080027ee   0x00000002   PAD
    0x080027f0   0x080027f0   0x00000010   Code   RO          154    .text.HAL_PCD_DataInStageCallback  usbd_conf.o
    0x08002800   0x08002800   0x00000012   Code   RO          152    .text.HAL_PCD_DataOutStageCallback  usbd_conf.o
    0x08002812   0x08002812   0x00000002   PAD
    0x08002814   0x08002814   0x00000052   Code   RO          387    .text.HAL_PCD_EP_Close  stm32f1xx_hal_pcd.o
    0x08002866   0x08002866   0x00000002   PAD
    0x08002868   0x08002868   0x00000060   Code   RO          397    .text.HAL_PCD_EP_ClrStall  stm32f1xx_hal_pcd.o
    0x080028c8   0x080028c8   0x0000000e   Code   RO          391    .text.HAL_PCD_EP_GetRxCount  stm32f1xx_hal_pcd.o
    0x080028d6   0x080028d6   0x00000002   PAD
    0x080028d8   0x080028d8   0x0000006c   Code   RO          385    .text.HAL_PCD_EP_Open  stm32f1xx_hal_pcd.o
    0x08002944   0x08002944   0x0000002e   Code   RO          389    .text.HAL_PCD_EP_Receive  stm32f1xx_hal_pcd.o
    0x08002972   0x08002972   0x00000002   PAD
    0x08002974   0x08002974   0x00000068   Code   RO          395    .text.HAL_PCD_EP_SetStall  stm32f1xx_hal_pcd.o
    0x080029dc   0x080029dc   0x00000028   Code   RO          393    .text.HAL_PCD_EP_Transmit  stm32f1xx_hal_pcd.o
    0x08002a04   0x08002a04   0x000004a6   Code   RO          355    .text.HAL_PCD_IRQHandler  stm32f1xx_hal_pcd.o
    0x08002eaa   0x08002eaa   0x00000002   PAD
    0x08002eac   0x08002eac   0x00000148   Code   RO          343    .text.HAL_PCD_Init  stm32f1xx_hal_pcd.o
    0x08002ff4   0x08002ff4   0x00000044   Code   RO          146    .text.HAL_PCD_MspInit  usbd_conf.o
    0x08003038   0x08003038   0x00000024   Code   RO          158    .text.HAL_PCD_ResetCallback  usbd_conf.o
    0x0800305c   0x0800305c   0x00000008   Code   RO          162    .text.HAL_PCD_ResumeCallback  usbd_conf.o
    0x08003064   0x08003064   0x00000008   Code   RO          156    .text.HAL_PCD_SOFCallback  usbd_conf.o
    0x0800306c   0x0800306c   0x0000002a   Code   RO          359    .text.HAL_PCD_SetAddress  stm32f1xx_hal_pcd.o
    0x08003096   0x08003096   0x00000002   PAD
    0x08003098   0x08003098   0x0000000e   Code   RO          150    .text.HAL_PCD_SetupStageCallback  usbd_conf.o
    0x080030a6   0x080030a6   0x00000002   PAD
    0x080030a8   0x080030a8   0x0000002e   Code   RO          353    .text.HAL_PCD_Start  stm32f1xx_hal_pcd.o
    0x080030d6   0x080030d6   0x00000002   PAD
    0x080030d8   0x080030d8   0x00000026   Code   RO          160    .text.HAL_PCD_SuspendCallback  usbd_conf.o
    0x080030fe   0x080030fe   0x00000002   PAD
    0x08003100   0x08003100   0x000000f8   Code   RO          601    .text.HAL_RCCEx_GetPeriphCLKFreq  stm32f1xx_hal_rcc_ex.o
    0x080031f8   0x080031f8   0x00000102   Code   RO          597    .text.HAL_RCCEx_PeriphCLKConfig  stm32f1xx_hal_rcc_ex.o
    0x080032fa   0x080032fa   0x00000002   PAD
    0x080032fc   0x080032fc   0x000001ba   Code   RO          563    .text.HAL_RCC_ClockConfig  stm32f1xx_hal_rcc.o
    0x080034b6   0x080034b6   0x00000002   PAD
    0x080034b8   0x080034b8   0x00000026   Code   RO          577    .text.HAL_RCC_GetPCLK2Freq  stm32f1xx_hal_rcc.o
    0x080034de   0x080034de   0x00000002   PAD
    0x080034e0   0x080034e0   0x00000400   Code   RO          561    .text.HAL_RCC_OscConfig  stm32f1xx_hal_rcc.o
    0x080038e0   0x080038e0   0x00000082   Code   RO          928    .text.HAL_SPI_Init  stm32f1xx_hal_spi.o
    0x08003962   0x08003962   0x00000002   PAD
    0x08003964   0x08003964   0x000000a6   Code   RO          307    .text.HAL_SPI_MspInit  stm32f1xx_hal_msp.o
    0x08003a0a   0x08003a0a   0x00000002   PAD
    0x08003a0c   0x08003a0c   0x00000248   Code   RO          936    .text.HAL_SPI_Transmit  stm32f1xx_hal_spi.o
    0x08003c54   0x08003c54   0x0000002c   Code   RO          679    .text.HAL_SYSTICK_Config  stm32f1xx_hal_cortex.o
    0x08003c80   0x08003c80   0x00000002   Code   RO         1331    .text.HAL_TIMEx_BreakCallback  stm32f1xx_hal_tim_ex.o
    0x08003c82   0x08003c82   0x00000002   PAD
    0x08003c84   0x08003c84   0x00000002   Code   RO         1327    .text.HAL_TIMEx_CommutCallback  stm32f1xx_hal_tim_ex.o
    0x08003c86   0x08003c86   0x00000002   PAD
    0x08003c88   0x08003c88   0x0000004c   Code   RO         1323    .text.HAL_TIMEx_ConfigBreakDeadTime  stm32f1xx_hal_tim_ex.o
    0x08003cd4   0x08003cd4   0x00000044   Code   RO         1321    .text.HAL_TIMEx_MasterConfigSynchronization  stm32f1xx_hal_tim_ex.o
    0x08003d18   0x08003d18   0x0000005c   Code   RO         1293    .text.HAL_TIMEx_PWMN_Stop  stm32f1xx_hal_tim_ex.o
    0x08003d74   0x08003d74   0x000000c8   Code   RO         1040    .text.HAL_TIM_Base_Init  stm32f1xx_hal_tim.o
    0x08003e3c   0x08003e3c   0x0000006c   Code   RO          311    .text.HAL_TIM_Base_MspInit  stm32f1xx_hal_msp.o
    0x08003ea8   0x08003ea8   0x00000020   Code   RO         1054    .text.HAL_TIM_Base_Start_IT  stm32f1xx_hal_tim.o
    0x08003ec8   0x08003ec8   0x00000192   Code   RO         1216    .text.HAL_TIM_ConfigClockSource  stm32f1xx_hal_tim.o
    0x0800405a   0x0800405a   0x00000002   PAD
    0x0800405c   0x0800405c   0x00000138   Code   RO         1154    .text.HAL_TIM_Encoder_Init  stm32f1xx_hal_tim.o
    0x08004194   0x08004194   0x000000f6   Code   RO          313    .text.HAL_TIM_Encoder_MspInit  stm32f1xx_hal_msp.o
    0x0800428a   0x0800428a   0x00000002   PAD
    0x0800428c   0x0800428c   0x00000062   Code   RO         1166    .text.HAL_TIM_Encoder_Start_IT  stm32f1xx_hal_tim.o
    0x080042ee   0x080042ee   0x00000002   PAD
    0x080042f0   0x080042f0   0x00000002   Code   RO         1176    .text.HAL_TIM_IC_CaptureCallback  stm32f1xx_hal_tim.o
    0x080042f2   0x080042f2   0x00000002   PAD
    0x080042f4   0x080042f4   0x00000170   Code   RO         1174    .text.HAL_TIM_IRQHandler  stm32f1xx_hal_tim.o
    0x08004464   0x08004464   0x000000de   Code   RO          315    .text.HAL_TIM_MspPostInit  stm32f1xx_hal_msp.o
    0x08004542   0x08004542   0x00000002   PAD
    0x08004544   0x08004544   0x00000002   Code   RO         1178    .text.HAL_TIM_OC_DelayElapsedCallback  stm32f1xx_hal_tim.o
    0x08004546   0x08004546   0x00000002   PAD
    0x08004548   0x08004548   0x000001fe   Code   RO         1194    .text.HAL_TIM_PWM_ConfigChannel  stm32f1xx_hal_tim.o
    0x08004746   0x08004746   0x00000002   PAD
    0x08004748   0x08004748   0x000000c8   Code   RO         1094    .text.HAL_TIM_PWM_Init  stm32f1xx_hal_tim.o
    0x08004810   0x08004810   0x00000002   Code   RO         1096    .text.HAL_TIM_PWM_MspInit  stm32f1xx_hal_tim.o
    0x08004812   0x08004812   0x00000002   PAD
    0x08004814   0x08004814   0x00000002   Code   RO         1180    .text.HAL_TIM_PWM_PulseFinishedCallback  stm32f1xx_hal_tim.o
    0x08004816   0x08004816   0x00000002   PAD
    0x08004818   0x08004818   0x00000070   Code   RO         1104    .text.HAL_TIM_PWM_Stop  stm32f1xx_hal_tim.o
    0x08004888   0x08004888   0x00000140   Code   RO          105    .text.HAL_TIM_PeriodElapsedCallback  main.o
    0x080049c8   0x080049c8   0x00000002   Code   RO         1184    .text.HAL_TIM_TriggerCallback  stm32f1xx_hal_tim.o
    0x080049ca   0x080049ca   0x00000002   PAD
    0x080049cc   0x080049cc   0x00000002   Code   RO          268    .text.HardFault_Handler  stm32f1xx_it.o
    0x080049ce   0x080049ce   0x00000002   PAD
    0x080049d0   0x080049d0   0x00000072   Code   RO          137    .text.MX_USB_DEVICE_Init  usb_device.o
    0x08004a42   0x08004a42   0x00000002   PAD
    0x08004a44   0x08004a44   0x00000002   Code   RO          270    .text.MemManage_Handler  stm32f1xx_it.o
    0x08004a46   0x08004a46   0x00000002   PAD
    0x08004a48   0x08004a48   0x00000002   Code   RO          266    .text.NMI_Handler   stm32f1xx_it.o
    0x08004a4a   0x08004a4a   0x00000002   PAD
    0x08004a4c   0x08004a4c   0x00000002   Code   RO          280    .text.PendSV_Handler  stm32f1xx_it.o
    0x08004a4e   0x08004a4e   0x00000002   PAD
    0x08004a50   0x08004a50   0x00000014   Code   RO           49    .text.ST7789_Color_GetFromRGB  st7789.o
    0x08004a64   0x08004a64   0x0000002c   Code   RO           33    .text.ST7789_DrawFilledRectangle  st7789.o
    0x08004a90   0x08004a90   0x00000072   Code   RO           35    .text.ST7789_DrawRectangle  st7789.o
    0x08004b02   0x08004b02   0x00000002   PAD
    0x08004b04   0x08004b04   0x00000128   Code   RO           27    .text.ST7789_Fill   st7789.o
    0x08004c2c   0x08004c2c   0x0000002a   Code   RO           25    .text.ST7789_FillScreen  st7789.o
    0x08004c56   0x08004c56   0x00000002   PAD
    0x08004c58   0x08004c58   0x00000756   Code   RO           23    .text.ST7789_Init   st7789.o
    0x080053ae   0x080053ae   0x00000002   PAD
    0x080053b0   0x080053b0   0x00000202   Code   RO           45    .text.ST7789_PutChar  st7789.o
    0x080055b2   0x080055b2   0x00000002   PAD
    0x080055b4   0x080055b4   0x00000090   Code   RO           47    .text.ST7789_PutString  st7789.o
    0x08005644   0x08005644   0x000000c0   Code   RO           19    .text.ST7789_SetRotation  st7789.o
    0x08005704   0x08005704   0x0000014c   Code   RO           29    .text.ST7789_SetWindowAddress  st7789.o
    0x08005850   0x08005850   0x00000002   Code   RO          276    .text.SVC_Handler   stm32f1xx_it.o
    0x08005852   0x08005852   0x00000002   PAD
    0x08005854   0x08005854   0x00000004   Code   RO          282    .text.SysTick_Handler  stm32f1xx_it.o
    0x08005858   0x08005858   0x00000050   Code   RO         1343    .text.SystemInit    system_stm32f1xx.o
    0x080058a8   0x080058a8   0x0000000c   Code   RO          292    .text.TIM3_IRQHandler  stm32f1xx_it.o
    0x080058b4   0x080058b4   0x0000004c   Code   RO         1457    .text.USBD_CDC_DataIn  usbd_cdc.o
    0x08005900   0x08005900   0x00000030   Code   RO         1459    .text.USBD_CDC_DataOut  usbd_cdc.o
    0x08005930   0x08005930   0x00000042   Code   RO         1451    .text.USBD_CDC_DeInit  usbd_cdc.o
    0x08005972   0x08005972   0x00000002   PAD
    0x08005974   0x08005974   0x0000002c   Code   RO         1455    .text.USBD_CDC_EP0_RxReady  usbd_cdc.o
    0x080059a0   0x080059a0   0x00000010   Code   RO         1467    .text.USBD_CDC_GetDeviceQualifierDescriptor  usbd_cdc.o
    0x080059b0   0x080059b0   0x00000010   Code   RO         1463    .text.USBD_CDC_GetFSCfgDesc  usbd_cdc.o
    0x080059c0   0x080059c0   0x00000010   Code   RO         1461    .text.USBD_CDC_GetHSCfgDesc  usbd_cdc.o
    0x080059d0   0x080059d0   0x00000010   Code   RO         1465    .text.USBD_CDC_GetOtherSpeedCfgDesc  usbd_cdc.o
    0x080059e0   0x080059e0   0x00000082   Code   RO         1449    .text.USBD_CDC_Init  usbd_cdc.o
    0x08005a62   0x08005a62   0x00000002   PAD
    0x08005a64   0x08005a64   0x0000002c   Code   RO         1477    .text.USBD_CDC_ReceivePacket  usbd_cdc.o
    0x08005a90   0x08005a90   0x0000000e   Code   RO         1469    .text.USBD_CDC_RegisterInterface  usbd_cdc.o
    0x08005a9e   0x08005a9e   0x00000002   PAD
    0x08005aa0   0x08005aa0   0x0000000c   Code   RO         1473    .text.USBD_CDC_SetRxBuffer  usbd_cdc.o
    0x08005aac   0x08005aac   0x00000010   Code   RO         1471    .text.USBD_CDC_SetTxBuffer  usbd_cdc.o
    0x08005abc   0x08005abc   0x000000c6   Code   RO         1453    .text.USBD_CDC_Setup  usbd_cdc.o
    0x08005b82   0x08005b82   0x00000002   PAD
    0x08005b84   0x08005b84   0x0000000e   Code   RO         1372    .text.USBD_ClrClassConfig  usbd_core.o
    0x08005b92   0x08005b92   0x00000002   PAD
    0x08005b94   0x08005b94   0x00000010   Code   RO         1433    .text.USBD_CtlContinueRx  usbd_ioreq.o
    0x08005ba4   0x08005ba4   0x00000010   Code   RO         1429    .text.USBD_CtlContinueSendData  usbd_ioreq.o
    0x08005bb4   0x08005bb4   0x00000016   Code   RO         1408    .text.USBD_CtlError  usbd_ctlreq.o
    0x08005bca   0x08005bca   0x00000002   PAD
    0x08005bcc   0x08005bcc   0x0000001a   Code   RO         1431    .text.USBD_CtlPrepareRx  usbd_ioreq.o
    0x08005be6   0x08005be6   0x00000002   PAD
    0x08005be8   0x08005be8   0x00000016   Code   RO         1437    .text.USBD_CtlReceiveStatus  usbd_ioreq.o
    0x08005bfe   0x08005bfe   0x00000002   PAD
    0x08005c00   0x08005c00   0x0000001a   Code   RO         1427    .text.USBD_CtlSendData  usbd_ioreq.o
    0x08005c1a   0x08005c1a   0x00000002   PAD
    0x08005c1c   0x08005c1c   0x00000016   Code   RO         1435    .text.USBD_CtlSendStatus  usbd_ioreq.o
    0x08005c32   0x08005c32   0x00000002   PAD
    0x08005c34   0x08005c34   0x00000024   Code   RO          228    .text.USBD_FS_ConfigStrDescriptor  usbd_desc.o
    0x08005c58   0x08005c58   0x0000000e   Code   RO          218    .text.USBD_FS_DeviceDescriptor  usbd_desc.o
    0x08005c66   0x08005c66   0x00000002   PAD
    0x08005c68   0x08005c68   0x00000028   Code   RO          230    .text.USBD_FS_InterfaceStrDescriptor  usbd_desc.o
    0x08005c90   0x08005c90   0x0000000e   Code   RO          220    .text.USBD_FS_LangIDStrDescriptor  usbd_desc.o
    0x08005c9e   0x08005c9e   0x00000002   PAD
    0x08005ca0   0x08005ca0   0x00000024   Code   RO          222    .text.USBD_FS_ManufacturerStrDescriptor  usbd_desc.o
    0x08005cc4   0x08005cc4   0x00000030   Code   RO          224    .text.USBD_FS_ProductStrDescriptor  usbd_desc.o
    0x08005cf4   0x08005cf4   0x00000170   Code   RO          226    .text.USBD_FS_SerialStrDescriptor  usbd_desc.o
    0x08005e64   0x08005e64   0x000000d2   Code   RO         1416    .text.USBD_GetString  usbd_ctlreq.o
    0x08005f36   0x08005f36   0x00000002   PAD
    0x08005f38   0x08005f38   0x00000030   Code   RO         1358    .text.USBD_Init     usbd_core.o
    0x08005f68   0x08005f68   0x00000022   Code   RO          188    .text.USBD_LL_ClearStallEP  usbd_conf.o
    0x08005f8a   0x08005f8a   0x00000002   PAD
    0x08005f8c   0x08005f8c   0x00000022   Code   RO          182    .text.USBD_LL_CloseEP  usbd_conf.o
    0x08005fae   0x08005fae   0x00000002   PAD
    0x08005fb0   0x08005fb0   0x000000ca   Code   RO         1378    .text.USBD_LL_DataInStage  usbd_core.o
    0x0800607a   0x0800607a   0x00000002   PAD
    0x0800607c   0x0800607c   0x0000007c   Code   RO         1376    .text.USBD_LL_DataOutStage  usbd_core.o
    0x080060f8   0x080060f8   0x00000008   Code   RO          198    .text.USBD_LL_GetRxDataSize  usbd_conf.o
    0x08006100   0x08006100   0x00000086   Code   RO          172    .text.USBD_LL_Init  usbd_conf.o
    0x08006186   0x08006186   0x00000002   PAD
    0x08006188   0x08006188   0x00000022   Code   RO          190    .text.USBD_LL_IsStallEP  usbd_conf.o
    0x080061aa   0x080061aa   0x00000002   PAD
    0x080061ac   0x080061ac   0x00000028   Code   RO          180    .text.USBD_LL_OpenEP  usbd_conf.o
    0x080061d4   0x080061d4   0x00000022   Code   RO          196    .text.USBD_LL_PrepareReceive  usbd_conf.o
    0x080061f6   0x080061f6   0x00000002   PAD
    0x080061f8   0x080061f8   0x00000054   Code   RO         1380    .text.USBD_LL_Reset  usbd_core.o
    0x0800624c   0x0800624c   0x00000014   Code   RO         1386    .text.USBD_LL_Resume  usbd_core.o
    0x08006260   0x08006260   0x0000001c   Code   RO         1388    .text.USBD_LL_SOF   usbd_core.o
    0x0800627c   0x0800627c   0x00000008   Code   RO         1382    .text.USBD_LL_SetSpeed  usbd_core.o
    0x08006284   0x08006284   0x00000022   Code   RO          192    .text.USBD_LL_SetUSBAddress  usbd_conf.o
    0x080062a6   0x080062a6   0x00000002   PAD
    0x080062a8   0x080062a8   0x0000005c   Code   RO         1374    .text.USBD_LL_SetupStage  usbd_core.o
    0x08006304   0x08006304   0x00000022   Code   RO          186    .text.USBD_LL_StallEP  usbd_conf.o
    0x08006326   0x08006326   0x00000002   PAD
    0x08006328   0x08006328   0x00000022   Code   RO          176    .text.USBD_LL_Start  usbd_conf.o
    0x0800634a   0x0800634a   0x00000002   PAD
    0x0800634c   0x0800634c   0x00000014   Code   RO         1384    .text.USBD_LL_Suspend  usbd_core.o
    0x08006360   0x08006360   0x00000022   Code   RO          194    .text.USBD_LL_Transmit  usbd_conf.o
    0x08006382   0x08006382   0x00000002   PAD
    0x08006384   0x08006384   0x00000016   Code   RO         1414    .text.USBD_ParseSetupRequest  usbd_ctlreq.o
    0x0800639a   0x0800639a   0x00000002   PAD
    0x0800639c   0x0800639c   0x0000000e   Code   RO         1362    .text.USBD_RegisterClass  usbd_core.o
    0x080063aa   0x080063aa   0x00000002   PAD
    0x080063ac   0x080063ac   0x0000001c   Code   RO         1370    .text.USBD_SetClassConfig  usbd_core.o
    0x080063c8   0x080063c8   0x0000000a   Code   RO         1364    .text.USBD_Start    usbd_core.o
    0x080063d2   0x080063d2   0x00000002   PAD
    0x080063d4   0x080063d4   0x000002ea   Code   RO         1406    .text.USBD_StdDevReq  usbd_ctlreq.o
    0x080066be   0x080066be   0x00000002   PAD
    0x080066c0   0x080066c0   0x00000148   Code   RO         1412    .text.USBD_StdEPReq  usbd_ctlreq.o
    0x08006808   0x08006808   0x00000054   Code   RO         1410    .text.USBD_StdItfReq  usbd_ctlreq.o
    0x0800685c   0x0800685c   0x00000002   Code   RO          204    .text.USBD_static_free  usbd_conf.o
    0x0800685e   0x0800685e   0x00000002   PAD
    0x08006860   0x08006860   0x0000000a   Code   RO          202    .text.USBD_static_malloc  usbd_conf.o
    0x0800686a   0x0800686a   0x00000002   PAD
    0x0800686c   0x0800686c   0x00000288   Code   RO          447    .text.USB_ActivateEndpoint  stm32f1xx_ll_usb.o
    0x08006af4   0x08006af4   0x00000004   Code   RO          431    .text.USB_CoreInit  stm32f1xx_ll_usb.o
    0x08006af8   0x08006af8   0x000000de   Code   RO          449    .text.USB_DeactivateEndpoint  stm32f1xx_ll_usb.o
    0x08006bd6   0x08006bd6   0x00000002   PAD
    0x08006bd8   0x08006bd8   0x00000004   Code   RO          467    .text.USB_DevConnect  stm32f1xx_ll_usb.o
    0x08006bdc   0x08006bdc   0x00000004   Code   RO          469    .text.USB_DevDisconnect  stm32f1xx_ll_usb.o
    0x08006be0   0x08006be0   0x00000026   Code   RO          439    .text.USB_DevInit   stm32f1xx_ll_usb.o
    0x08006c06   0x08006c06   0x00000002   PAD
    0x08006c08   0x08006c08   0x00000014   Code   RO          435    .text.USB_DisableGlobalInt  stm32f1xx_ll_usb.o
    0x08006c1c   0x08006c1c   0x00000004   Code   RO          483    .text.USB_EP0_OutStart  stm32f1xx_ll_usb.o
    0x08006c20   0x08006c20   0x00000074   Code   RO          461    .text.USB_EPClearStall  stm32f1xx_ll_usb.o
    0x08006c94   0x08006c94   0x00000032   Code   RO          459    .text.USB_EPSetStall  stm32f1xx_ll_usb.o
    0x08006cc6   0x08006cc6   0x00000002   PAD
    0x08006cc8   0x08006cc8   0x0000029a   Code   RO          451    .text.USB_EPStartXfer  stm32f1xx_ll_usb.o
    0x08006f62   0x08006f62   0x00000002   PAD
    0x08006f64   0x08006f64   0x00000012   Code   RO          433    .text.USB_EnableGlobalInt  stm32f1xx_ll_usb.o
    0x08006f76   0x08006f76   0x00000002   PAD
    0x08006f78   0x08006f78   0x0000000c   Code   RO          290    .text.USB_LP_CAN1_RX0_IRQHandler  stm32f1xx_it.o
    0x08006f84   0x08006f84   0x00000006   Code   RO          471    .text.USB_ReadInterrupts  stm32f1xx_ll_usb.o
    0x08006f8a   0x08006f8a   0x00000002   PAD
    0x08006f8c   0x08006f8c   0x000000b4   Code   RO          489    .text.USB_ReadPMA   stm32f1xx_ll_usb.o
    0x08007040   0x08007040   0x00000004   Code   RO          437    .text.USB_SetCurrentMode  stm32f1xx_ll_usb.o
    0x08007044   0x08007044   0x0000000e   Code   RO          465    .text.USB_SetDevAddress  stm32f1xx_ll_usb.o
    0x08007052   0x08007052   0x00000002   PAD
    0x08007054   0x08007054   0x00000002   Code   RO          274    .text.UsageFault_Handler  stm32f1xx_it.o
    0x08007056   0x08007056   0x00000002   PAD
    0x08007058   0x08007058   0x00000458   Code   RO           75    .text.draw_dynamic_ui  ui.o
    0x080074b0   0x080074b0   0x00000172   Code   RO          103    .text.handle_temp   main.o
    0x08007622   0x08007622   0x00000002   PAD
    0x08007624   0x08007624   0x000005da   Code   RO          109    .text.main          main.o
    0x08007bfe   0x08007bfe   0x00000002   PAD
    0x08007c00   0x08007c00   0x000000b0   Code   RO           73    .text.update_display_values  ui.o
    0x08007cb0   0x08007cb0   0x0000003e   Code   RO         1641    CL$$btod_d2e        c_w.l(btod.o)
    0x08007cee   0x08007cee   0x00000046   Code   RO         1643    CL$$btod_d2e_denorm_low  c_w.l(btod.o)
    0x08007d34   0x08007d34   0x00000060   Code   RO         1642    CL$$btod_d2e_norm_op1  c_w.l(btod.o)
    0x08007d94   0x08007d94   0x00000338   Code   RO         1651    CL$$btod_div_common  c_w.l(btod.o)
    0x080080cc   0x080080cc   0x000000dc   Code   RO         1648    CL$$btod_e2e        c_w.l(btod.o)
    0x080081a8   0x080081a8   0x0000002a   Code   RO         1645    CL$$btod_ediv       c_w.l(btod.o)
    0x080081d2   0x080081d2   0x0000002a   Code   RO         1644    CL$$btod_emul       c_w.l(btod.o)
    0x080081fc   0x080081fc   0x00000244   Code   RO         1650    CL$$btod_mult_common  c_w.l(btod.o)
    0x08008440   0x08008440   0x00000028   Code   RO         1676    i.__ARM_fpclassify  m_ws.l(fpclassify.o)
    0x08008468   0x08008468   0x0000000a   Code   RO         1593    i.__mathlib_flt_divzero  m_ws.l(funder.o)
    0x08008472   0x08008472   0x00000006   Code   RO         1594    i.__mathlib_flt_infnan  m_ws.l(funder.o)
    0x08008478   0x08008478   0x00000008   Code   RO         1596    i.__mathlib_flt_invalid  m_ws.l(funder.o)
    0x08008480   0x08008480   0x0000000e   Code   RO         1511    i._is_digit         c_w.l(__printf_wp.o)
    0x0800848e   0x0800848e   0x00000002   PAD
    0x08008490   0x08008490   0x00000190   Code   RO         1560    i.logf              m_ws.l(logf.o)
    0x08008620   0x08008620   0x0000002c   Code   RO         1666    locale$$code        c_w.l(lc_numeric_c.o)
    0x0800864c   0x0800864c   0x0000000c   Code   RO         1578    x$fpl$dretinf       fz_ws.l(dretinf.o)
    0x08008658   0x08008658   0x00000056   Code   RO         1531    x$fpl$f2d           fz_ws.l(f2d.o)
    0x080086ae   0x080086ae   0x00000002   PAD
    0x080086b0   0x080086b0   0x000000c4   Code   RO         1533    x$fpl$fadd          fz_ws.l(faddsub_clz.o)
    0x08008774   0x08008774   0x0000000c   Code   RO         1670    x$fpl$fcheck1       fz_ws.l(fcheck1.o)
    0x08008780   0x08008780   0x00000054   Code   RO         1539    x$fpl$fcmp          fz_ws.l(fcmp.o)
    0x080087d4   0x080087d4   0x00000018   Code   RO         1672    x$fpl$fcmpinf       fz_ws.l(fcmpi.o)
    0x080087ec   0x080087ec   0x00000184   Code   RO         1542    x$fpl$fdiv          fz_ws.l(fdiv.o)
    0x08008970   0x08008970   0x00000068   Code   RO         1580    x$fpl$feqf          fz_ws.l(feqf.o)
    0x080089d8   0x080089d8   0x00000030   Code   RO         1550    x$fpl$fflt          fz_ws.l(fflt_clz.o)
    0x08008a08   0x08008a08   0x00000026   Code   RO         1549    x$fpl$ffltu         fz_ws.l(fflt_clz.o)
    0x08008a2e   0x08008a2e   0x00000002   PAD
    0x08008a30   0x08008a30   0x00000068   Code   RO         1582    x$fpl$fgeqf         fz_ws.l(fgeqf.o)
    0x08008a98   0x08008a98   0x00000068   Code   RO         1584    x$fpl$fleqf         fz_ws.l(fleqf.o)
    0x08008b00   0x08008b00   0x00000102   Code   RO         1555    x$fpl$fmul          fz_ws.l(fmul.o)
    0x08008c02   0x08008c02   0x0000008c   Code   RO         1586    x$fpl$fnaninf       fz_ws.l(fnaninf.o)
    0x08008c8e   0x08008c8e   0x0000000a   Code   RO         1588    x$fpl$fretinf       fz_ws.l(fretinf.o)
    0x08008c98   0x08008c98   0x000000ea   Code   RO         1535    x$fpl$fsub          fz_ws.l(faddsub_clz.o)
    0x08008d82   0x08008d82   0x00000004   Code   RO         1557    x$fpl$printf1       fz_ws.l(printf1.o)
    0x08008d86   0x08008d86   0x00000064   Code   RO         1740    x$fpl$retnan        fz_ws.l(retnan.o)
    0x08008dea   0x08008dea   0x0000004c   Code   RO         1590    x$fpl$scalbnf       fz_ws.l(scalbnf.o)
    0x08008e36   0x08008e36   0x00000030   Code   RO         1750    x$fpl$trapveneer    fz_ws.l(trapv.o)
    0x08008e66   0x08008e66   0x00000000   Code   RO         1592    x$fpl$usenofp       fz_ws.l(usenofp.o)
    0x08008e66   0x08008e66   0x00000011   Data   RO         1514    .constdata          c_w.l(__printf_flags_wp.o)
    0x08008e77   0x08008e77   0x00000001   PAD
    0x08008e78   0x08008e78   0x00000040   Data   RO         1561    .constdata          m_ws.l(logf.o)
    0x08008eb8   0x08008eb8   0x00000094   Data   RO         1639    .constdata          c_w.l(bigflt0.o)
    0x08008f4c   0x08008f4c   0x00000002   Data   RO          588    .rodata..L__const.HAL_RCC_GetSysClockFreq.aPredivFactorTable  stm32f1xx_hal_rcc.o
    0x08008f4e   0x08008f4e   0x00000006   Data   RO           85    .rodata..Lswitch.table.draw_dynamic_ui.20  ui.o
    0x08008f54   0x08008f54   0x00000010   Data   RO         1348    .rodata.AHBPrescTable  system_stm32f1xx.o
    0x08008f64   0x08008f64   0x00000008   Data   RO         1349    .rodata.APBPrescTable  system_stm32f1xx.o
    0x08008f6c   0x08008f6c   0x000001db   Data   RO           65    .rodata.ST7789_Font5x7  st7789_font.o
    0x08009147   0x08009147   0x0000000e   Data   RO           55    .rodata.ST7789_Init.negative_gamma  st7789.o
    0x08009155   0x08009155   0x00000005   Data   RO           53    .rodata.ST7789_Init.porch  st7789.o
    0x0800915a   0x0800915a   0x0000000e   Data   RO           54    .rodata.ST7789_Init.positive_gamma  st7789.o
    0x08009168   0x08009168   0x00000010   Data   RO          587    .rodata.cst16       stm32f1xx_hal_rcc.o
    0x08009178   0x08009178   0x00000010   Data   RO           84    .rodata.str1.1      ui.o
    0x08009188   0x08009188   0x00000020   Data   RO         1832    Region$$Table       anon$$obj.o
    0x080091a8   0x080091a8   0x0000001c   Data   RO         1665    locale$$data        c_w.l(lc_numeric_c.o)


    Execution Region RW_IRAM1 (Exec base: 0x20000000, Load base: 0x080091c8, Size: 0x00001598, Max: 0x00005000, ABSOLUTE, COMPRESSED[0x000000e8])

    Exec Addr    Load Addr    Size         Type   Attr      Idx    E Section Name        Object

    0x20000000   COMPRESSED   0x00000004   Data   RW           56    .data..L_MergedGlobals  st7789.o
    0x20000004   COMPRESSED   0x00000002   Data   RW           86    .data..L_MergedGlobals  ui.o
    0x20000006   COMPRESSED   0x00000002   PAD
    0x20000008   COMPRESSED   0x00000008   Data   RW          550    .data..L_MergedGlobals  stm32f1xx_hal.o
    0x20000010   COMPRESSED   0x0000001c   Data   RW          232    .data.FS_Desc       usbd_desc.o
    0x2000002c   COMPRESSED   0x00000040   Data   RW          116    .data.PowerStage    main.o
    0x2000006c   COMPRESSED   0x00000004   Data   RW         1347    .data.SystemCoreClock  system_stm32f1xx.o
    0x20000070   COMPRESSED   0x00000038   Data   RW         1479    .data.USBD_CDC      usbd_cdc.o
    0x200000a8   COMPRESSED   0x00000043   Data   RW         1481    .data.USBD_CDC_CfgFSDesc  usbd_cdc.o
    0x200000eb   COMPRESSED   0x00000001   PAD
    0x200000ec   COMPRESSED   0x00000043   Data   RW         1480    .data.USBD_CDC_CfgHSDesc  usbd_cdc.o
    0x2000012f   COMPRESSED   0x00000001   PAD
    0x20000130   COMPRESSED   0x0000000a   Data   RW         1483    .data.USBD_CDC_DeviceQualifierDesc  usbd_cdc.o
    0x2000013a   COMPRESSED   0x00000002   PAD
    0x2000013c   COMPRESSED   0x00000043   Data   RW         1482    .data.USBD_CDC_OtherSpeedCfgDesc  usbd_cdc.o
    0x2000017f   COMPRESSED   0x00000001   PAD
    0x20000180   COMPRESSED   0x00000012   Data   RW          233    .data.USBD_FS_DeviceDesc  usbd_desc.o
    0x20000192   COMPRESSED   0x00000002   PAD
    0x20000194   COMPRESSED   0x00000010   Data   RW          255    .data.USBD_Interface_fops_FS  usbd_cdc_if.o
    0x200001a4   COMPRESSED   0x00000004   Data   RW          234    .data.USBD_LangIDDesc  usbd_desc.o
    0x200001a8   COMPRESSED   0x0000001a   Data   RW          235    .data.USBD_StringSerial  usbd_desc.o
    0x200001c2   COMPRESSED   0x00000006   PAD
    0x200001c8        -       0x00000060   Zero   RW         1679    .bss                c_w.l(libspace.o)
    0x20000228        -       0x00000054   Zero   RW          127    .bss..L_MergedGlobals  main.o
    0x2000027c        -       0x00000060   Zero   RW          128    .bss..L_MergedGlobals.2  main.o
    0x200002dc        -       0x00000070   Zero   RW           87    .bss..L_MergedGlobals.21  ui.o
    0x2000034c        -       0x00000078   Zero   RW           88    .bss..L_MergedGlobals.22  ui.o
    0x200003c4        -       0x00000001   Zero   RW         1418    .bss.USBD_SetConfig.cfgidx  usbd_ctlreq.o
    0x200003c5   COMPRESSED   0x00000003   PAD
    0x200003c8        -       0x00000200   Zero   RW          236    .bss.USBD_StrDesc   usbd_desc.o
    0x200005c8        -       0x00000220   Zero   RW          209    .bss.USBD_static_malloc.mem  usbd_conf.o
    0x200007e8        -       0x00000040   Zero   RW          256    .bss.UserRxBufferFS  usbd_cdc_if.o
    0x20000828        -       0x00000040   Zero   RW          257    .bss.UserTxBufferFS  usbd_cdc_if.o
    0x20000868        -       0x00000018   Zero   RW           83    .bss.cache_iset     ui.o
    0x20000880        -       0x000002c4   Zero   RW          139    .bss.hUsbDeviceFS   usb_device.o
    0x20000b44        -       0x00000044   Zero   RW          122    .bss.hdma_adc1      main.o
    0x20000b88        -       0x00000044   Zero   RW          124    .bss.hdma_spi1_tx   main.o
    0x20000bcc        -       0x0000026c   Zero   RW          208    .bss.hpcd_USB_FS    usbd_conf.o
    0x20000e38        -       0x00000058   Zero   RW          123    .bss.hspi1          main.o
    0x20000e90        -       0x00000040   Zero   RW          125    .bss.htim1          main.o
    0x20000ed0        -       0x00000040   Zero   RW          120    .bss.htim2          main.o
    0x20000f10        -       0x00000040   Zero   RW          121    .bss.htim3          main.o
    0x20000f50        -       0x00000040   Zero   RW          119    .bss.htim4          main.o
    0x20000f90        -       0x00000004   Zero   RW          549    .bss.uwTick         stm32f1xx_hal.o
    0x20000f94   COMPRESSED   0x00000004   PAD
    0x20000f98        -       0x00000200   Zero   RW            2    HEAP                startup_stm32f103xb.o
    0x20001198        -       0x00000400   Zero   RW            1    STACK               startup_stm32f103xb.o


==============================================================================

Image component sizes


      Code (inc. data)   RO Data    RW Data    ZI Data      Debug   Object Name

      2456          0          0         64        660      22159   main.o
      3576         16         33          4          0      20539   st7789.o
         0          0        475          0          0        490   st7789_font.o
        64         26        236          0       1536        800   startup_stm32f103xb.o
       188          0          0          8          4       5709   stm32f1xx_hal.o
      2596          0          0          0          0      13699   stm32f1xx_hal_adc.o
       248          0          0          0          0       9425   stm32f1xx_hal_adc_ex.o
       196          0          0          0          0       8413   stm32f1xx_hal_cortex.o
       688          0          0          0          0       8556   stm32f1xx_hal_dma.o
       550         22          0          0          0       4646   stm32f1xx_hal_gpio.o
      1066          0          0          0          0      10185   stm32f1xx_hal_msp.o
      2096          0          0          0          0      12120   stm32f1xx_hal_pcd.o
        64          0          0          0          0       4078   stm32f1xx_hal_pcd_ex.o
      1504          0         18          0          0       8057   stm32f1xx_hal_rcc.o
       506         20          0          0          0       3656   stm32f1xx_hal_rcc_ex.o
       714          0          0          0          0      25654   stm32f1xx_hal_spi.o
      2244          4          0          0          0      50553   stm32f1xx_hal_tim.o
       240          0          0          0          0      17055   stm32f1xx_hal_tim_ex.o
        98          0          0          0          0       7127   stm32f1xx_it.o
      1998          6          0          0          0      15622   stm32f1xx_ll_usb.o
        80          0         24          4          0       2114   system_stm32f1xx.o
      3054        172         22          2        256      11491   ui.o
       114          0          0          0        708       2890   usb_device.o
       712          0          0        267          0      10177   usbd_cdc.o
        80          0          0         16        128       4371   usbd_cdc_if.o
       674          0          0          0       1164      16008   usbd_conf.o
       692          0          0          0          0       7926   usbd_core.o
      1412         40          0          0          1       9213   usbd_ctlreq.o
       556         64          0         76        512       4122   usbd_desc.o
       128          0          0          0          0       4417   usbd_ioreq.o

    ----------------------------------------------------------------------
     28804        370        840        452       4980     321272   Object Totals
         0          0         32          0          0          0   (incl. Generated)
       210          0          0         11         11          0   (incl. Padding)

    ----------------------------------------------------------------------

      Code (inc. data)   RO Data    RW Data    ZI Data      Debug   Library Member Name

        90          0          0          0          0          0   __dczerorl2.o
         8          0          0          0          0         68   __main.o
       312          4         17          0          0         92   __printf_flags_wp.o
        14          0          0          0          0         68   __printf_wp.o
         0          0          0          0          0          0   __rtentry.o
        12          0          0          0          0          0   __rtentry2.o
         6          0          0          0          0          0   __rtentry4.o
        94          8          0          0          0          0   __scatter.o
        28          0          0          0          0          0   __scatter_zi.o
        48          6          0          0          0         96   _printf_char_common.o
         6          0          0          0          0          0   _printf_f.o
      1052          0          0          0          0        148   _printf_fp_dec.o
       128         16          0          0          0         84   _printf_fp_infnan.o
        78          0          0          0          0        108   _printf_pad.o
         0          0          0          0          0          0   _printf_percent.o
         4          0          0          0          0          0   _printf_percent_end.o
        22          0          0          0          0        100   _rserrno.o
        16          0          0          0          0         68   _snputc.o
       228          4        148          0          0         96   bigflt0.o
      1936        128          0          0          0        668   btod.o
        18          0          0          0          0         80   exit.o
         6          0          0          0          0        152   heapauxi.o
         0          0          0          0          0          0   indicate_semi.o
        44         10         28          0          0         76   lc_numeric_c.o
         2          0          0          0          0          0   libinit.o
        18          0          0          0          0          0   libinit2.o
         2          0          0          0          0          0   libshutdown.o
         2          0          0          0          0          0   libshutdown2.o
         8          4          0          0         96         68   libspace.o
       138          0          0          0          0         80   lludiv10.o
        64          6          0          0          0         84   noretval__2snprintf.o
         8          4          0          0          0         68   rt_errno_addr_intlibspace.o
         8          4          0          0          0         68   rt_locale_intlibspace.o
        68          0          0          0          0         68   rt_memclr.o
        78          0          0          0          0         80   rt_memclr_w.o
         2          0          0          0          0          0   rtexit.o
        10          0          0          0          0          0   rtexit2.o
       128          0          0          0          0         68   strcmpv7m.o
        86          0          0          0          0         76   strncpy.o
        12          4          0          0          0         68   sys_exit.o
        74          0          0          0          0         80   sys_stackheap_outer.o
         2          0          0          0          0         68   use_no_semi.o
        12          0          0          0          0         68   dretinf.o
        86          4          0          0          0         84   f2d.o
       430          8          0          0          0        168   faddsub_clz.o
        12          4          0          0          0         68   fcheck1.o
        84          0          0          0          0        196   fcmp.o
        24          0          0          0          0         68   fcmpi.o
       388         76          0          0          0         96   fdiv.o
       104          4          0          0          0         84   feqf.o
        86          0          0          0          0        136   fflt_clz.o
       104          4          0          0          0         84   fgeqf.o
       104          4          0          0          0         84   fleqf.o
       258          4          0          0          0         84   fmul.o
       140          4          0          0          0         84   fnaninf.o
        10          0          0          0          0         68   fretinf.o
         4          0          0          0          0         68   printf1.o
       100          0          0          0          0         68   retnan.o
        76          0          0          0          0         68   scalbnf.o
        48          0          0          0          0         68   trapv.o
         0          0          0          0          0          0   usenofp.o
        40          0          0          0          0         68   fpclassify.o
        24          0          0          0          0        204   funder.o
       400         38         64          0          0        132   logf.o

    ----------------------------------------------------------------------
      7414        348        258          0         96       4828   Library Totals
        20          0          1          0          0          0   (incl. Padding)

    ----------------------------------------------------------------------

      Code (inc. data)   RO Data    RW Data    ZI Data      Debug   Library Name

      4860        198        193          0         96       2780   c_w.l
      2070        112          0          0          0       1644   fz_ws.l
       464         38         64          0          0        404   m_ws.l

    ----------------------------------------------------------------------
      7414        348        258          0         96       4828   Library Totals

    ----------------------------------------------------------------------

==============================================================================


      Code (inc. data)   RO Data    RW Data    ZI Data      Debug   

     36218        718       1098        452       5076     322868   Grand Totals
     36218        718       1098        232       5076     322868   ELF Image Totals (compressed)
     36218        718       1098        232          0          0   ROM Totals

==============================================================================

    Total RO  Size (Code + RO Data)                37316 (  36.44kB)
    Total RW  Size (RW Data + ZI Data)              5528 (   5.40kB)
    Total ROM Size (Code + RO Data + RW Data)      37548 (  36.67kB)

==============================================================================

