Component: Arm Compiler for Embedded 6.23 Tool: armlink [5f102400]

==============================================================================

Section Cross References

    startup_stm32f103xb.o(RESET) refers to startup_stm32f103xb.o(STACK) for __initial_sp
    startup_stm32f103xb.o(RESET) refers to startup_stm32f103xb.o(.text) for Reset_Handler
    startup_stm32f103xb.o(RESET) refers to stm32f1xx_it.o(.text.NMI_Handler) for NMI_Handler
    startup_stm32f103xb.o(RESET) refers to stm32f1xx_it.o(.text.HardFault_Handler) for HardFault_Handler
    startup_stm32f103xb.o(RESET) refers to stm32f1xx_it.o(.text.MemManage_Handler) for MemManage_Handler
    startup_stm32f103xb.o(RESET) refers to stm32f1xx_it.o(.text.BusFault_Handler) for BusFault_Handler
    startup_stm32f103xb.o(RESET) refers to stm32f1xx_it.o(.text.UsageFault_Handler) for UsageFault_Handler
    startup_stm32f103xb.o(RESET) refers to stm32f1xx_it.o(.text.SVC_Handler) for SVC_Handler
    startup_stm32f103xb.o(RESET) refers to stm32f1xx_it.o(.text.DebugMon_Handler) for DebugMon_Handler
    startup_stm32f103xb.o(RESET) refers to stm32f1xx_it.o(.text.PendSV_Handler) for PendSV_Handler
    startup_stm32f103xb.o(RESET) refers to stm32f1xx_it.o(.text.SysTick_Handler) for SysTick_Handler
    startup_stm32f103xb.o(RESET) refers to stm32f1xx_it.o(.text.DMA1_Channel1_IRQHandler) for DMA1_Channel1_IRQHandler
    startup_stm32f103xb.o(RESET) refers to stm32f1xx_it.o(.text.DMA1_Channel3_IRQHandler) for DMA1_Channel3_IRQHandler
    startup_stm32f103xb.o(RESET) refers to stm32f1xx_it.o(.text.ADC1_2_IRQHandler) for ADC1_2_IRQHandler
    startup_stm32f103xb.o(RESET) refers to stm32f1xx_it.o(.text.USB_LP_CAN1_RX0_IRQHandler) for USB_LP_CAN1_RX0_IRQHandler
    startup_stm32f103xb.o(RESET) refers to stm32f1xx_it.o(.text.TIM3_IRQHandler) for TIM3_IRQHandler
    startup_stm32f103xb.o(RESET) refers to stm32f1xx_it.o(.text.TIM4_IRQHandler) for TIM4_IRQHandler
    startup_stm32f103xb.o(.text) refers to system_stm32f1xx.o(.text.SystemInit) for SystemInit
    startup_stm32f103xb.o(.text) refers to entry.o(.ARM.Collect$$$$00000000) for __main
    ui.o(.text.BBUI_LoadFromFlash) refers to ui.o(.bss..L_MergedGlobals.34) for .L_MergedGlobals.34
    ui.o(.text.BBUI_LoadFromFlash) refers to fcmpgt.o(.text) for __aeabi_fcmpgt
    ui.o(.text.BBUI_LoadFromFlash) refers to ui.o(.bss..L_MergedGlobals.36) for .L_MergedGlobals.36
    ui.o(.text.BBUI_LoadFromFlash) refers to ui.o(.bss..L_MergedGlobals.35) for .L_MergedGlobals.35
    ui.o(.text.BBUI_LoadFromFlash) refers to ui.o(.bss..L_MergedGlobals.37) for .L_MergedGlobals.37
    ui.o(.ARM.exidx.text.BBUI_LoadFromFlash) refers to ui.o(.text.BBUI_LoadFromFlash) for [Anonymous Symbol]
    ui.o(.text.BBUI_SaveToFlash) refers to ui.o(.bss..L_MergedGlobals.34) for .L_MergedGlobals.34
    ui.o(.text.BBUI_SaveToFlash) refers to stm32f1xx_hal_flash.o(.text.HAL_FLASH_Unlock) for HAL_FLASH_Unlock
    ui.o(.text.BBUI_SaveToFlash) refers to stm32f1xx_hal_flash_ex.o(.text.HAL_FLASHEx_Erase) for HAL_FLASHEx_Erase
    ui.o(.text.BBUI_SaveToFlash) refers to stm32f1xx_hal_flash.o(.text.HAL_FLASH_Program) for HAL_FLASH_Program
    ui.o(.text.BBUI_SaveToFlash) refers to stm32f1xx_hal_flash.o(.text.HAL_FLASH_Lock) for HAL_FLASH_Lock
    ui.o(.text.BBUI_SaveToFlash) refers to stm32f1xx_hal.o(.text.HAL_GetTick) for HAL_GetTick
    ui.o(.ARM.exidx.text.BBUI_SaveToFlash) refers to ui.o(.text.BBUI_SaveToFlash) for [Anonymous Symbol]
    ui.o(.text.BBUI_Init) refers to ui.o(.bss..L_MergedGlobals.34) for .L_MergedGlobals.34
    ui.o(.text.BBUI_Init) refers to fcmple.o(.text) for __aeabi_fcmple
    ui.o(.text.BBUI_Init) refers to fcmpgt.o(.text) for __aeabi_fcmpgt
    ui.o(.text.BBUI_Init) refers to ui.o(.text.BBUI_LoadFromFlash) for BBUI_LoadFromFlash
    ui.o(.text.BBUI_Init) refers to stm32f1xx_hal_tim.o(.text.HAL_TIM_Encoder_Start) for HAL_TIM_Encoder_Start
    ui.o(.text.BBUI_Init) refers to st7735_spi.o(.text.ST7735_Init) for ST7735_Init
    ui.o(.text.BBUI_Init) refers to stm32f1xx_hal_gpio.o(.text.HAL_GPIO_WritePin) for HAL_GPIO_WritePin
    ui.o(.text.BBUI_Init) refers to ui.o(.text.DrawMainBase) for DrawMainBase
    ui.o(.text.BBUI_Init) refers to ui_solider.o(.text.UI_Solider_Init) for UI_Solider_Init
    ui.o(.text.BBUI_Init) refers to ui.o(.text.UpdateMain) for UpdateMain
    ui.o(.ARM.exidx.text.BBUI_Init) refers to ui.o(.text.BBUI_Init) for [Anonymous Symbol]
    ui.o(.text.DrawMainBase) refers to st7735_spi.o(.text.ST7735_FillScreen) for ST7735_FillScreen
    ui.o(.text.DrawMainBase) refers to fonts.o(.data.Font_7x10) for Font_7x10
    ui.o(.text.DrawMainBase) refers to st7735_spi.o(.text.ST7735_WriteString) for ST7735_WriteString
    ui.o(.text.DrawMainBase) refers to ui.o(.rodata.str1.1) for .L.str.1
    ui.o(.text.DrawMainBase) refers to st7735_spi.o(.text.drawHline) for drawHline
    ui.o(.text.DrawMainBase) refers to ui.o(.bss..L_MergedGlobals.36) for .L_MergedGlobals.36
[...]

    Global Symbols

    Symbol Name                              Value     Ov Type        Size  Object(Section)

    BuildAttributes$$THM_ISAv4$P$D$K$B$S$PE$A:L22UL41UL21$X:L11$S22US41US21$IEEE1$IW$~IW$USESV6$~STKCKD$USESV7$~SHL$OTIME$ROPI$IEEEX$EBA8$MICROLIB$REQ8$PRES8$EABIv2 0x00000000   Number         0  anon$$obj.o ABSOLUTE
    _printf_a                                0x00000000   Number         0  printfstubs.o ABSOLUTE
    _printf_c                                0x00000000   Number         0  printfstubs.o ABSOLUTE
    _printf_charcount                        0x00000000   Number         0  printfstubs.o ABSOLUTE
    _printf_d                                0x00000000   Number         0  printfstubs.o ABSOLUTE
    _printf_e                                0x00000000   Number         0  printfstubs.o ABSOLUTE
    _printf_f                                0x00000000   Number         0  printfstubs.o ABSOLUTE
    _printf_flags                            0x00000000   Number         0  printfstubs.o ABSOLUTE
    _printf_fp_dec                           0x00000000   Number         0  printfstubs.o ABSOLUTE
    _printf_fp_hex                           0x00000000   Number         0  printfstubs.o ABSOLUTE
    _printf_g                                0x00000000   Number         0  printfstubs.o ABSOLUTE
    _printf_i                                0x00000000   Number         0  printfstubs.o ABSOLUTE
    _printf_int_dec                          0x00000000   Number         0  printfstubs.o ABSOLUTE
    _printf_l                                0x00000000   Number         0  printfstubs.o ABSOLUTE
    _printf_lc                               0x00000000   Number         0  printfstubs.o ABSOLUTE
    _printf_ll                               0x00000000   Number         0  printfstubs.o ABSOLUTE
    _printf_lld                              0x00000000   Number         0  printfstubs.o ABSOLUTE
    _printf_lli                              0x00000000   Number         0  printfstubs.o ABSOLUTE
    _printf_llo                              0x00000000   Number         0  printfstubs.o ABSOLUTE
    _printf_llu                              0x00000000   Number         0  printfstubs.o ABSOLUTE
    _printf_llx                              0x00000000   Number         0  printfstubs.o ABSOLUTE
    _printf_longlong_dec                     0x00000000   Number         0  printfstubs.o ABSOLUTE
    _printf_longlong_hex                     0x00000000   Number         0  printfstubs.o ABSOLUTE
    _printf_longlong_oct                     0x00000000   Number         0  printfstubs.o ABSOLUTE
    _printf_ls                               0x00000000   Number         0  printfstubs.o ABSOLUTE
    _printf_mbtowc                           0x00000000   Number         0  printfstubs.o ABSOLUTE
    _printf_n                                0x00000000   Number         0  printfstubs.o ABSOLUTE
    _printf_o                                0x00000000   Number         0  printfstubs.o ABSOLUTE
    _printf_p                                0x00000000   Number         0  printfstubs.o ABSOLUTE
    _printf_percent                          0x00000000   Number         0  printfstubs.o ABSOLUTE
    _printf_pre_padding                      0x00000000   Number         0  printfstubs.o ABSOLUTE
    _printf_return_value                     0x00000000   Number         0  printfstubs.o ABSOLUTE
    _printf_s                                0x00000000   Number         0  printfstubs.o ABSOLUTE
    _printf_sizespec                         0x00000000   Number         0  printfstubs.o ABSOLUTE
    _printf_str                              0x00000000   Number         0  printfstubs.o ABSOLUTE
    _printf_truncate_signed                  0x00000000   Number         0  printfstubs.o ABSOLUTE
    _printf_truncate_unsigned                0x00000000   Number         0  printfstubs.o ABSOLUTE
    _printf_u                                0x00000000   Number         0  printfstubs.o ABSOLUTE
    _printf_wc                               0x00000000   Number         0  printfstubs.o ABSOLUTE
    _printf_wctomb                           0x00000000   Number         0  printfstubs.o ABSOLUTE
    _printf_widthprec                        0x00000000   Number         0  printfstubs.o ABSOLUTE
    _printf_x                                0x00000000   Number         0  printfstubs.o ABSOLUTE
    __cpp_initialize__aeabi_                  - Undefined Weak Reference
    __cxa_finalize                            - Undefined Weak Reference
    _clock_init                               - Undefined Weak Reference
    _microlib_exit                            - Undefined Weak Reference
    __Vectors_Size                           0x000000ec   Number         0  startup_stm32f103xb.o ABSOLUTE
    __Vectors                                0x08000000   Data           4  startup_stm32f103xb.o(RESET)
    __Vectors_End                            0x080000ec   Data           0  startup_stm32f103xb.o(RESET)
    __main                                   0x080000ed   Thumb Code     0  entry.o(.ARM.Collect$$$$00000000)
    _main_stk                                0x080000ed   Thumb Code     0  entry2.o(.ARM.Collect$$$$00000001)
    _main_scatterload                        0x080000f1   Thumb Code     0  entry5.o(.ARM.Collect$$$$00000004)
    __main_after_scatterload                 0x080000f5   Thumb Code     0  entry5.o(.ARM.Collect$$$$00000004)
    _main_clock                              0x080000f5   Thumb Code     0  entry7b.o(.ARM.Collect$$$$00000008)
    _main_cpp_init                           0x080000f5   Thumb Code     0  entry8b.o(.ARM.Collect$$$$0000000A)
    _main_init                               0x080000f5   Thumb Code     0  entry9a.o(.ARM.Collect$$$$0000000B)
    __rt_final_cpp                           0x080000fd   Thumb Code     0  entry10a.o(.ARM.Collect$$$$0000000D)
    __rt_final_exit                          0x080000fd   Thumb Code     0  entry11a.o(.ARM.Collect$$$$0000000F)
    Reset_Handler                            0x08000101   Thumb Code     8  startup_stm32f103xb.o(.text)
    CAN1_RX1_IRQHandler                      0x0800011b   Thumb Code     0  startup_stm32f103xb.o(.text)
    CAN1_SCE_IRQHandler                      0x0800011b   Thumb Code     0  startup_stm32f103xb.o(.text)
    DMA1_Channel2_IRQHandler                 0x0800011b   Thumb Code     0  startup_stm32f103xb.o(.text)
    DMA1_Channel4_IRQHandler                 0x0800011b   Thumb Code     0  startup_stm32f103xb.o(.text)
    DMA1_Channel5_IRQHandler                 0x0800011b   Thumb Code     0  startup_stm32f103xb.o(.text)
    DMA1_Channel6_IRQHandler                 0x0800011b   Thumb Code     0  startup_stm32f103xb.o(.text)
    DMA1_Channel7_IRQHandler                 0x0800011b   Thumb Code     0  startup_stm32f103xb.o(.text)
    EXTI0_IRQHandler                         0x0800011b   Thumb Code     0  startup_stm32f103xb.o(.text)
    EXTI15_10_IRQHandler                     0x0800011b   Thumb Code     0  startup_stm32f103xb.o(.text)
    EXTI1_IRQHandler                         0x0800011b   Thumb Code     0  startup_stm32f103xb.o(.text)
    EXTI2_IRQHandler                         0x0800011b   Thumb Code     0  startup_stm32f103xb.o(.text)
    EXTI3_IRQHandler                         0x0800011b   Thumb Code     0  startup_stm32f103xb.o(.text)
    EXTI4_IRQHandler                         0x0800011b   Thumb Code     0  startup_stm32f103xb.o(.text)
    EXTI9_5_IRQHandler                       0x0800011b   Thumb Code     0  startup_stm32f103xb.o(.text)
    FLASH_IRQHandler                         0x0800011b   Thumb Code     0  startup_stm32f103xb.o(.text)
    I2C1_ER_IRQHandler                       0x0800011b   Thumb Code     0  startup_stm32f103xb.o(.text)
    I2C1_EV_IRQHandler                       0x0800011b   Thumb Code     0  startup_stm32f103xb.o(.text)
    I2C2_ER_IRQHandler                       0x0800011b   Thumb Code     0  startup_stm32f103xb.o(.text)
    I2C2_EV_IRQHandler                       0x0800011b   Thumb Code     0  startup_stm32f103xb.o(.text)
    PVD_IRQHandler                           0x0800011b   Thumb Code     0  startup_stm32f103xb.o(.text)
    RCC_IRQHandler                           0x0800011b   Thumb Code     0  startup_stm32f103xb.o(.text)
    RTC_Alarm_IRQHandler                     0x0800011b   Thumb Code     0  startup_stm32f103xb.o(.text)
    RTC_IRQHandler                           0x0800011b   Thumb Code     0  startup_stm32f103xb.o(.text)
    SPI1_IRQHandler                          0x0800011b   Thumb Code     0  startup_stm32f103xb.o(.text)
    SPI2_IRQHandler                          0x0800011b   Thumb Code     0  startup_stm32f103xb.o(.text)
    TAMPER_IRQHandler                        0x0800011b   Thumb Code     0  startup_stm32f103xb.o(.text)
    TIM1_BRK_IRQHandler                      0x0800011b   Thumb Code     0  startup_stm32f103xb.o(.text)
    TIM1_CC_IRQHandler                       0x0800011b   Thumb Code     0  startup_stm32f103xb.o(.text)
    TIM1_TRG_COM_IRQHandler                  0x0800011b   Thumb Code     0  startup_stm32f103xb.o(.text)
    TIM1_UP_IRQHandler                       0x0800011b   Thumb Code     0  startup_stm32f103xb.o(.text)
    TIM2_IRQHandler                          0x0800011b   Thumb Code     0  startup_stm32f103xb.o(.text)
    USART1_IRQHandler                        0x0800011b   Thumb Code     0  startup_stm32f103xb.o(.text)
    USART2_IRQHandler                        0x0800011b   Thumb Code     0  startup_stm32f103xb.o(.text)
    USART3_IRQHandler                        0x0800011b   Thumb Code     0  startup_stm32f103xb.o(.text)
    USBWakeUp_IRQHandler                     0x0800011b   Thumb Code     0  startup_stm32f103xb.o(.text)
    USB_HP_CAN1_TX_IRQHandler                0x0800011b   Thumb Code     0  startup_stm32f103xb.o(.text)
    WWDG_IRQHandler                          0x0800011b   Thumb Code     0  startup_stm32f103xb.o(.text)
    strncpy                                  0x08000125   Thumb Code    24  strncpy.o(.text)
    strlen                                   0x0800013d   Thumb Code    14  strlen.o(.text)
    strcmp                                   0x0800014b   Thumb Code    28  strcmp.o(.text)
    __aeabi_fadd                             0x08000167   Thumb Code   164  fadd.o(.text)
    __aeabi_fsub                             0x0800020b   Thumb Code     6  fadd.o(.text)
    __aeabi_frsub                            0x08000211   Thumb Code     6  fadd.o(.text)
    __aeabi_fmul                             0x08000217   Thumb Code   100  fmul.o(.text)
    __aeabi_fdiv                             0x0800027b   Thumb Code   124  fdiv.o(.text)
    __aeabi_fcmple                           0x080002f7   Thumb Code    28  fcmple.o(.text)
    __aeabi_fcmplt                           0x08000313   Thumb Code    28  fcmplt.o(.text)
    __aeabi_fcmpge                           0x0800032f   Thumb Code    28  fcmpge.o(.text)
    __aeabi_fcmpgt                           0x0800034b   Thumb Code    28  fcmpgt.o(.text)
    __aeabi_i2f                              0x08000367   Thumb Code    18  fflti.o(.text)
    __aeabi_ui2f                             0x08000379   Thumb Code    10  ffltui.o(.text)
    __aeabi_f2iz                             0x08000383   Thumb Code    50  ffixi.o(.text)
    __aeabi_f2uiz                            0x080003b5   Thumb Code    40  ffixui.o(.text)
    __aeabi_uldivmod                         0x080003dd   Thumb Code    98  uldiv.o(.text)
    __I$use$fp                               0x0800043f   Thumb Code     0  iusefp.o(.text)
    _float_round                             0x0800043f   Thumb Code    18  fepilogue.o(.text)
    _float_epilogue                          0x08000451   Thumb Code    92  fepilogue.o(.text)
    __ARM_scalbnf                            0x080004ad   Thumb Code    24  fscalb.o(.text)
    scalbnf                                  0x080004ad   Thumb Code     0  fscalb.o(.text)
    __scatterload                            0x080004c5   Thumb Code    38  init.o(.text)
    __scatterload_rt2                        0x080004c5   Thumb Code     0  init.o(.text)
    __aeabi_llsl                             0x080004f5   Thumb Code    30  llshl.o(.text)
    _ll_shift_l                              0x080004f5   Thumb Code     0  llshl.o(.text)
    __aeabi_llsr                             0x08000513   Thumb Code    32  llushr.o(.text)
    _ll_ushift_r                             0x08000513   Thumb Code     0  llushr.o(.text)
    __decompress                             0x08000533   Thumb Code     0  __dczerorl2.o(.text)
    __decompress1                            0x08000533   Thumb Code    86  __dczerorl2.o(.text)
    ADC1_2_IRQHandler                        0x08000589   Thumb Code    30  stm32f1xx_it.o(.text.ADC1_2_IRQHandler)
    ADC_ConversionStop_Disable               0x080005a9   Thumb Code    70  stm32f1xx_hal_adc.o(.text.ADC_ConversionStop_Disable)
    ADC_DMAConvCplt                          0x080005f1   Thumb Code    82  stm32f1xx_hal_adc.o(.text.ADC_DMAConvCplt)
    ADC_DMAError                             0x08000645   Thumb Code    22  stm32f1xx_hal_adc.o(.text.ADC_DMAError)
    ADC_DMAHalfConvCplt                      0x0800065d   Thumb Code     6  stm32f1xx_hal_adc.o(.text.ADC_DMAHalfConvCplt)
    ADC_Enable                               0x08000665   Thumb Code   158  stm32f1xx_hal_adc.o(.text.ADC_Enable)
    BBUI_Init                                0x08000705   Thumb Code   242  ui.o(.text.BBUI_Init)
    BBUI_LoadFromFlash                       0x080007f9   Thumb Code   366  ui.o(.text.BBUI_LoadFromFlash)
    BBUI_SaveToFlash                         0x08000969   Thumb Code   360  ui.o(.text.BBUI_SaveToFlash)
    BBUI_Task                                0x08000ad1   Thumb Code  1544  ui.o(.text.BBUI_Task)
    Buck_UI_Init                             0x08001119   Thumb Code   138  main.o(.text.Buck_UI_Init)
    BusFault_Handler                         0x080011a5   Thumb Code     2  stm32f1xx_it.o(.text.BusFault_Handler)
    DMA1_Channel1_IRQHandler                 0x080011f9   Thumb Code    12  stm32f1xx_it.o(.text.DMA1_Channel1_IRQHandler)
    DMA1_Channel3_IRQHandler                 0x08001205   Thumb Code    12  stm32f1xx_it.o(.text.DMA1_Channel3_IRQHandler)
    DebugMon_Handler                         0x08001211   Thumb Code     2  stm32f1xx_it.o(.text.DebugMon_Handler)
    Error_Handler                            0x080015c1   Thumb Code     2  main.o(.text.Error_Handler)
    FLASH_WaitForLastOperation               0x080015c5   Thumb Code   198  stm32f1xx_hal_flash.o(.text.FLASH_WaitForLastOperation)
    HAL_ADCEx_Calibration_Start              0x0800168d   Thumb Code   246  stm32f1xx_hal_adc_ex.o(.text.HAL_ADCEx_Calibration_Start)
    HAL_ADCEx_InjectedConvCpltCallback       0x08001785   Thumb Code     2  stm32f1xx_hal_adc_ex.o(.text.HAL_ADCEx_InjectedConvCpltCallback)
    HAL_ADC_ConfigChannel                    0x08001789   Thumb Code   318  stm32f1xx_hal_adc.o(.text.HAL_ADC_ConfigChannel)
    HAL_ADC_ConvCpltCallback                 0x080018c9   Thumb Code   256  main.o(.text.HAL_ADC_ConvCpltCallback)
    HAL_ADC_ConvHalfCpltCallback             0x080019c9   Thumb Code     2  stm32f1xx_hal_adc.o(.text.HAL_ADC_ConvHalfCpltCallback)
    HAL_ADC_ErrorCallback                    0x080019cd   Thumb Code     2  stm32f1xx_hal_adc.o(.text.HAL_ADC_ErrorCallback)
    HAL_ADC_GetValue                         0x080019d1   Thumb Code     6  stm32f1xx_hal_adc.o(.text.HAL_ADC_GetValue)
    HAL_ADC_IRQHandler                       0x080019d9   Thumb Code   256  stm32f1xx_hal_adc.o(.text.HAL_ADC_IRQHandler)
    HAL_ADC_Init                             0x08001ad9   Thumb Code   328  stm32f1xx_hal_adc.o(.text.HAL_ADC_Init)
    HAL_ADC_LevelOutOfWindowCallback         0x08001c21   Thumb Code     2  stm32f1xx_hal_adc.o(.text.HAL_ADC_LevelOutOfWindowCallback)
    HAL_ADC_MspInit                          0x08001c25   Thumb Code   258  stm32f1xx_hal_msp.o(.text.HAL_ADC_MspInit)
    HAL_ADC_PollForConversion                0x08001d29   Thumb Code   474  stm32f1xx_hal_adc.o(.text.HAL_ADC_PollForConversion)
    HAL_ADC_Start                            0x08001f05   Thumb Code   334  stm32f1xx_hal_adc.o(.text.HAL_ADC_Start)
    HAL_ADC_Start_DMA                        0x08002055   Thumb Code   424  stm32f1xx_hal_adc.o(.text.HAL_ADC_Start_DMA)
    HAL_ADC_Stop                             0x080021fd   Thumb Code   112  stm32f1xx_hal_adc.o(.text.HAL_ADC_Stop)
    HAL_DMA_IRQHandler                       0x0800226d   Thumb Code   412  stm32f1xx_hal_dma.o(.text.HAL_DMA_IRQHandler)
    HAL_DMA_Init                             0x08002409   Thumb Code   116  stm32f1xx_hal_dma.o(.text.HAL_DMA_Init)
    HAL_DMA_Start_IT                         0x0800247d   Thumb Code   160  stm32f1xx_hal_dma.o(.text.HAL_DMA_Start_IT)
    HAL_Delay                                0x0800251d   Thumb Code    40  stm32f1xx_hal.o(.text.HAL_Delay)
    HAL_FLASHEx_Erase                        0x08002545   Thumb Code   238  stm32f1xx_hal_flash_ex.o(.text.HAL_FLASHEx_Erase)
    HAL_FLASH_Lock                           0x08002635   Thumb Code    20  stm32f1xx_hal_flash.o(.text.HAL_FLASH_Lock)
    HAL_FLASH_Program                        0x08002649   Thumb Code   278  stm32f1xx_hal_flash.o(.text.HAL_FLASH_Program)
    HAL_FLASH_Unlock                         0x08002761   Thumb Code    46  stm32f1xx_hal_flash.o(.text.HAL_FLASH_Unlock)
    HAL_GPIO_Init                            0x08002791   Thumb Code   530  stm32f1xx_hal_gpio.o(.text.HAL_GPIO_Init)
    HAL_GPIO_ReadPin                         0x080029a5   Thumb Code    10  stm32f1xx_hal_gpio.o(.text.HAL_GPIO_ReadPin)
    HAL_GPIO_WritePin                        0x080029b1   Thumb Code    10  stm32f1xx_hal_gpio.o(.text.HAL_GPIO_WritePin)
    HAL_GetTick                              0x080029bd   Thumb Code    12  stm32f1xx_hal.o(.text.HAL_GetTick)
    HAL_IncTick                              0x080029c9   Thumb Code    26  stm32f1xx_hal.o(.text.HAL_IncTick)
    HAL_Init                                 0x080029e5   Thumb Code    38  stm32f1xx_hal.o(.text.HAL_Init)
    HAL_InitTick                             0x08002a0d   Thumb Code    72  stm32f1xx_hal.o(.text.HAL_InitTick)
    HAL_MspInit                              0x08002a55   Thumb Code    66  stm32f1xx_hal_msp.o(.text.HAL_MspInit)
    HAL_NVIC_EnableIRQ                       0x08002a99   Thumb Code    34  stm32f1xx_hal_cortex.o(.text.HAL_NVIC_EnableIRQ)
    HAL_NVIC_SetPriority                     0x08002abd   Thumb Code    86  stm32f1xx_hal_cortex.o(.text.HAL_NVIC_SetPriority)
    HAL_NVIC_SetPriorityGrouping             0x08002b15   Thumb Code    32  stm32f1xx_hal_cortex.o(.text.HAL_NVIC_SetPriorityGrouping)
    HAL_PCDEx_PMAConfig                      0x08002b35   Thumb Code    64  stm32f1xx_hal_pcd_ex.o(.text.HAL_PCDEx_PMAConfig)
    HAL_PCDEx_SetConnectionState             0x08002b75   Thumb Code     2  usbd_conf.o(.text.HAL_PCDEx_SetConnectionState)
    HAL_PCD_DataInStageCallback              0x08002b79   Thumb Code    16  usbd_conf.o(.text.HAL_PCD_DataInStageCallback)
    HAL_PCD_DataOutStageCallback             0x08002b89   Thumb Code    18  usbd_conf.o(.text.HAL_PCD_DataOutStageCallback)
    HAL_PCD_EP_Close                         0x08002b9d   Thumb Code    82  stm32f1xx_hal_pcd.o(.text.HAL_PCD_EP_Close)
    HAL_PCD_EP_ClrStall                      0x08002bf1   Thumb Code    96  stm32f1xx_hal_pcd.o(.text.HAL_PCD_EP_ClrStall)
    HAL_PCD_EP_GetRxCount                    0x08002c51   Thumb Code    14  stm32f1xx_hal_pcd.o(.text.HAL_PCD_EP_GetRxCount)
    HAL_PCD_EP_Open                          0x08002c61   Thumb Code   108  stm32f1xx_hal_pcd.o(.text.HAL_PCD_EP_Open)
    HAL_PCD_EP_Receive                       0x08002ccd   Thumb Code    46  stm32f1xx_hal_pcd.o(.text.HAL_PCD_EP_Receive)
    HAL_PCD_EP_SetStall                      0x08002cfd   Thumb Code   104  stm32f1xx_hal_pcd.o(.text.HAL_PCD_EP_SetStall)
    HAL_PCD_EP_Transmit                      0x08002d65   Thumb Code    40  stm32f1xx_hal_pcd.o(.text.HAL_PCD_EP_Transmit)
    HAL_PCD_IRQHandler                       0x08002d8d   Thumb Code  1190  stm32f1xx_hal_pcd.o(.text.HAL_PCD_IRQHandler)
    HAL_PCD_Init                             0x08003235   Thumb Code   328  stm32f1xx_hal_pcd.o(.text.HAL_PCD_Init)
    HAL_PCD_MspInit                          0x0800337d   Thumb Code    68  usbd_conf.o(.text.HAL_PCD_MspInit)
    HAL_PCD_ResetCallback                    0x080033c1   Thumb Code    36  usbd_conf.o(.text.HAL_PCD_ResetCallback)
    HAL_PCD_ResumeCallback                   0x080033e5   Thumb Code     8  usbd_conf.o(.text.HAL_PCD_ResumeCallback)
    HAL_PCD_SOFCallback                      0x080033ed   Thumb Code     8  usbd_conf.o(.text.HAL_PCD_SOFCallback)
    HAL_PCD_SetAddress                       0x080033f5   Thumb Code    42  stm32f1xx_hal_pcd.o(.text.HAL_PCD_SetAddress)
    HAL_PCD_SetupStageCallback               0x08003421   Thumb Code    14  usbd_conf.o(.text.HAL_PCD_SetupStageCallback)
    HAL_PCD_Start                            0x08003431   Thumb Code    46  stm32f1xx_hal_pcd.o(.text.HAL_PCD_Start)
    HAL_PCD_SuspendCallback                  0x08003461   Thumb Code    38  usbd_conf.o(.text.HAL_PCD_SuspendCallback)
    HAL_RCCEx_GetPeriphCLKFreq               0x08003489   Thumb Code   228  stm32f1xx_hal_rcc_ex.o(.text.HAL_RCCEx_GetPeriphCLKFreq)
    HAL_RCCEx_PeriphCLKConfig                0x08003581   Thumb Code   258  stm32f1xx_hal_rcc_ex.o(.text.HAL_RCCEx_PeriphCLKConfig)
    HAL_RCC_ClockConfig                      0x08003685   Thumb Code   442  stm32f1xx_hal_rcc.o(.text.HAL_RCC_ClockConfig)
    HAL_RCC_GetPCLK2Freq                     0x08003841   Thumb Code    38  stm32f1xx_hal_rcc.o(.text.HAL_RCC_GetPCLK2Freq)
    HAL_RCC_OscConfig                        0x08003869   Thumb Code  1024  stm32f1xx_hal_rcc.o(.text.HAL_RCC_OscConfig)
    HAL_SPI_Init                             0x08003c69   Thumb Code   130  stm32f1xx_hal_spi.o(.text.HAL_SPI_Init)
    HAL_SPI_MspInit                          0x08003ced   Thumb Code   166  stm32f1xx_hal_msp.o(.text.HAL_SPI_MspInit)
    HAL_SPI_Transmit                         0x08003d95   Thumb Code   584  stm32f1xx_hal_spi.o(.text.HAL_SPI_Transmit)
    HAL_SYSTICK_Config                       0x08003fdd   Thumb Code    44  stm32f1xx_hal_cortex.o(.text.HAL_SYSTICK_Config)
    HAL_TIMEx_BreakCallback                  0x08004009   Thumb Code     2  stm32f1xx_hal_tim_ex.o(.text.HAL_TIMEx_BreakCallback)
    HAL_TIMEx_CommutCallback                 0x0800400d   Thumb Code     2  stm32f1xx_hal_tim_ex.o(.text.HAL_TIMEx_CommutCallback)
    HAL_TIMEx_ConfigBreakDeadTime            0x08004011   Thumb Code    76  stm32f1xx_hal_tim_ex.o(.text.HAL_TIMEx_ConfigBreakDeadTime)
    HAL_TIMEx_MasterConfigSynchronization    0x0800405d   Thumb Code    68  stm32f1xx_hal_tim_ex.o(.text.HAL_TIMEx_MasterConfigSynchronization)
    HAL_TIMEx_PWMN_Start                     0x080040a1   Thumb Code    56  stm32f1xx_hal_tim_ex.o(.text.HAL_TIMEx_PWMN_Start)
    HAL_TIMEx_PWMN_Stop                      0x080040d9   Thumb Code    92  stm32f1xx_hal_tim_ex.o(.text.HAL_TIMEx_PWMN_Stop)
    HAL_TIM_Base_Init                        0x08004135   Thumb Code   200  stm32f1xx_hal_tim.o(.text.HAL_TIM_Base_Init)
    HAL_TIM_Base_MspInit                     0x080041fd   Thumb Code   108  stm32f1xx_hal_msp.o(.text.HAL_TIM_Base_MspInit)
    HAL_TIM_Base_Start_IT                    0x08004269   Thumb Code    32  stm32f1xx_hal_tim.o(.text.HAL_TIM_Base_Start_IT)
    HAL_TIM_ConfigClockSource                0x08004289   Thumb Code   402  stm32f1xx_hal_tim.o(.text.HAL_TIM_ConfigClockSource)
    HAL_TIM_Encoder_Init                     0x0800441d   Thumb Code   312  stm32f1xx_hal_tim.o(.text.HAL_TIM_Encoder_Init)
    HAL_TIM_Encoder_MspInit                  0x08004555   Thumb Code   168  stm32f1xx_hal_msp.o(.text.HAL_TIM_Encoder_MspInit)
    HAL_TIM_Encoder_Start                    0x080045fd   Thumb Code    58  stm32f1xx_hal_tim.o(.text.HAL_TIM_Encoder_Start)
    HAL_TIM_IC_CaptureCallback               0x08004639   Thumb Code     2  stm32f1xx_hal_tim.o(.text.HAL_TIM_IC_CaptureCallback)
    HAL_TIM_IRQHandler                       0x0800463d   Thumb Code   368  stm32f1xx_hal_tim.o(.text.HAL_TIM_IRQHandler)
    HAL_TIM_MspPostInit                      0x080047ad   Thumb Code   222  stm32f1xx_hal_msp.o(.text.HAL_TIM_MspPostInit)
    HAL_TIM_OC_DelayElapsedCallback          0x0800488d   Thumb Code     2  stm32f1xx_hal_tim.o(.text.HAL_TIM_OC_DelayElapsedCallback)
    HAL_TIM_PWM_ConfigChannel                0x08004891   Thumb Code   510  stm32f1xx_hal_tim.o(.text.HAL_TIM_PWM_ConfigChannel)
    HAL_TIM_PWM_Init                         0x08004a91   Thumb Code   200  stm32f1xx_hal_tim.o(.text.HAL_TIM_PWM_Init)
    HAL_TIM_PWM_MspInit                      0x08004b59   Thumb Code    68  stm32f1xx_hal_msp.o(.text.HAL_TIM_PWM_MspInit)
    HAL_TIM_PWM_PulseFinishedCallback        0x08004b9d   Thumb Code     2  stm32f1xx_hal_tim.o(.text.HAL_TIM_PWM_PulseFinishedCallback)
    HAL_TIM_PWM_Start                        0x08004ba1   Thumb Code    86  stm32f1xx_hal_tim.o(.text.HAL_TIM_PWM_Start)
    HAL_TIM_PWM_Stop                         0x08004bf9   Thumb Code   112  stm32f1xx_hal_tim.o(.text.HAL_TIM_PWM_Stop)
    HAL_TIM_PeriodElapsedCallback            0x08004c69   Thumb Code   332  main.o(.text.HAL_TIM_PeriodElapsedCallback)
    HAL_TIM_TriggerCallback                  0x08004db5   Thumb Code     2  stm32f1xx_hal_tim.o(.text.HAL_TIM_TriggerCallback)
    HardFault_Handler                        0x08004db9   Thumb Code     2  stm32f1xx_it.o(.text.HardFault_Handler)
    MX_USB_DEVICE_Init                       0x08004dbd   Thumb Code   114  usb_device.o(.text.MX_USB_DEVICE_Init)
    MemManage_Handler                        0x08004e31   Thumb Code     2  stm32f1xx_it.o(.text.MemManage_Handler)
    NMI_Handler                              0x08004e35   Thumb Code     2  stm32f1xx_it.o(.text.NMI_Handler)
    PendSV_Handler                           0x08004e39   Thumb Code     2  stm32f1xx_it.o(.text.PendSV_Handler)
    PowerStage_CloseLoop_CVCC_1kHz           0x08004e3d   Thumb Code  1414  main.o(.text.PowerStage_CloseLoop_CVCC_1kHz)
    ST7735_DrawPixel                         0x080053c5   Thumb Code   114  st7735_spi.o(.text.ST7735_DrawPixel)
    ST7735_ExecuteCommandList                0x08005439   Thumb Code   142  st7735_spi.o(.text.ST7735_ExecuteCommandList)
    ST7735_FillRectangle                     0x080054c9   Thumb Code   188  st7735_spi.o(.text.ST7735_FillRectangle)
    ST7735_FillScreen                        0x08005585   Thumb Code    26  st7735_spi.o(.text.ST7735_FillScreen)
    ST7735_Init                              0x080055a1   Thumb Code   100  st7735_spi.o(.text.ST7735_Init)
    ST7735_SetAddressWindow                  0x08005605   Thumb Code   210  st7735_spi.o(.text.ST7735_SetAddressWindow)
    ST7735_WriteString                       0x080056d9   Thumb Code   480  st7735_spi.o(.text.ST7735_WriteString)
    SVC_Handler                              0x080058b9   Thumb Code     2  stm32f1xx_it.o(.text.SVC_Handler)
    Solider_PID_Enable                       0x080058bd   Thumb Code   122  ui_solider.o(.text.Solider_PID_Enable)
    Solider_PID_Task                         0x08005939   Thumb Code   804  ui_solider.o(.text.Solider_PID_Task)
    SysTick_Handler                          0x08005c5d   Thumb Code     4  stm32f1xx_it.o(.text.SysTick_Handler)
    SystemInit                               0x08005c61   Thumb Code    80  system_stm32f1xx.o(.text.SystemInit)
    TIM3_IRQHandler                          0x08005cb1   Thumb Code    12  stm32f1xx_it.o(.text.TIM3_IRQHandler)
    TIM4_IRQHandler                          0x08005cbd   Thumb Code    12  stm32f1xx_it.o(.text.TIM4_IRQHandler)
    UI_Solider_EncoderAdjust                 0x08005cc9   Thumb Code   132  ui_solider.o(.text.UI_Solider_EncoderAdjust)
    UI_Solider_Enter                         0x08005d4d   Thumb Code    86  ui_solider.o(.text.UI_Solider_Enter)
    UI_Solider_Exit                          0x08005da5   Thumb Code    14  ui_solider.o(.text.UI_Solider_Exit)
    UI_Solider_Init                          0x08005db5   Thumb Code   146  ui_solider.o(.text.UI_Solider_Init)
    UI_Solider_IsActive                      0x08005e49   Thumb Code    12  ui_solider.o(.text.UI_Solider_IsActive)
    UI_Solider_SelectPreset                  0x08005e55   Thumb Code    64  ui_solider.o(.text.UI_Solider_SelectPreset)
    UI_Solider_Task                          0x08005e95   Thumb Code  1176  ui_solider.o(.text.UI_Solider_Task)
    USBD_CDC_GetDeviceQualifierDescriptor    0x0800643d   Thumb Code    16  usbd_cdc.o(.text.USBD_CDC_GetDeviceQualifierDescriptor)
    USBD_CDC_ReceivePacket                   0x08006501   Thumb Code    44  usbd_cdc.o(.text.USBD_CDC_ReceivePacket)
    USBD_CDC_RegisterInterface               0x0800652d   Thumb Code    14  usbd_cdc.o(.text.USBD_CDC_RegisterInterface)
    USBD_CDC_SetRxBuffer                     0x0800653d   Thumb Code    12  usbd_cdc.o(.text.USBD_CDC_SetRxBuffer)
    USBD_CDC_SetTxBuffer                     0x08006549   Thumb Code    16  usbd_cdc.o(.text.USBD_CDC_SetTxBuffer)
    USBD_ClrClassConfig                      0x08006621   Thumb Code    14  usbd_core.o(.text.USBD_ClrClassConfig)
    USBD_CtlContinueRx                       0x08006631   Thumb Code    16  usbd_ioreq.o(.text.USBD_CtlContinueRx)
    USBD_CtlContinueSendData                 0x08006641   Thumb Code    16  usbd_ioreq.o(.text.USBD_CtlContinueSendData)
    USBD_CtlError                            0x08006651   Thumb Code    22  usbd_ctlreq.o(.text.USBD_CtlError)
    USBD_CtlPrepareRx                        0x08006669   Thumb Code    26  usbd_ioreq.o(.text.USBD_CtlPrepareRx)
    USBD_CtlReceiveStatus                    0x08006685   Thumb Code    22  usbd_ioreq.o(.text.USBD_CtlReceiveStatus)
    USBD_CtlSendData                         0x0800669d   Thumb Code    26  usbd_ioreq.o(.text.USBD_CtlSendData)
    USBD_CtlSendStatus                       0x080066b9   Thumb Code    22  usbd_ioreq.o(.text.USBD_CtlSendStatus)
    USBD_FS_ConfigStrDescriptor              0x080066d1   Thumb Code    24  usbd_desc.o(.text.USBD_FS_ConfigStrDescriptor)
    USBD_FS_DeviceDescriptor                 0x080066f5   Thumb Code    14  usbd_desc.o(.text.USBD_FS_DeviceDescriptor)
    USBD_FS_InterfaceStrDescriptor           0x08006705   Thumb Code    24  usbd_desc.o(.text.USBD_FS_InterfaceStrDescriptor)
    USBD_FS_LangIDStrDescriptor              0x0800672d   Thumb Code    14  usbd_desc.o(.text.USBD_FS_LangIDStrDescriptor)
    USBD_FS_ManufacturerStrDescriptor        0x0800673d   Thumb Code    24  usbd_desc.o(.text.USBD_FS_ManufacturerStrDescriptor)
    USBD_FS_ProductStrDescriptor             0x08006761   Thumb Code    24  usbd_desc.o(.text.USBD_FS_ProductStrDescriptor)
    USBD_FS_SerialStrDescriptor              0x08006791   Thumb Code   368  usbd_desc.o(.text.USBD_FS_SerialStrDescriptor)
    USBD_GetString                           0x08006901   Thumb Code   210  usbd_ctlreq.o(.text.USBD_GetString)
    USBD_Init                                0x080069d5   Thumb Code    48  usbd_core.o(.text.USBD_Init)
    USBD_LL_ClearStallEP                     0x08006a05   Thumb Code    34  usbd_conf.o(.text.USBD_LL_ClearStallEP)
    USBD_LL_CloseEP                          0x08006a29   Thumb Code    34  usbd_conf.o(.text.USBD_LL_CloseEP)
    USBD_LL_DataInStage                      0x08006a4d   Thumb Code   202  usbd_core.o(.text.USBD_LL_DataInStage)
    USBD_LL_DataOutStage                     0x08006b19   Thumb Code   124  usbd_core.o(.text.USBD_LL_DataOutStage)
    USBD_LL_GetRxDataSize                    0x08006b95   Thumb Code     8  usbd_conf.o(.text.USBD_LL_GetRxDataSize)
    USBD_LL_Init                             0x08006b9d   Thumb Code   134  usbd_conf.o(.text.USBD_LL_Init)
    USBD_LL_IsStallEP                        0x08006c25   Thumb Code    34  usbd_conf.o(.text.USBD_LL_IsStallEP)
    USBD_LL_OpenEP                           0x08006c49   Thumb Code    40  usbd_conf.o(.text.USBD_LL_OpenEP)
    USBD_LL_PrepareReceive                   0x08006c71   Thumb Code    34  usbd_conf.o(.text.USBD_LL_PrepareReceive)
    USBD_LL_Reset                            0x08006c95   Thumb Code    84  usbd_core.o(.text.USBD_LL_Reset)
    USBD_LL_Resume                           0x08006ce9   Thumb Code    20  usbd_core.o(.text.USBD_LL_Resume)
    USBD_LL_SOF                              0x08006cfd   Thumb Code    28  usbd_core.o(.text.USBD_LL_SOF)
    USBD_LL_SetSpeed                         0x08006d19   Thumb Code     8  usbd_core.o(.text.USBD_LL_SetSpeed)
    USBD_LL_SetUSBAddress                    0x08006d21   Thumb Code    34  usbd_conf.o(.text.USBD_LL_SetUSBAddress)
    USBD_LL_SetupStage                       0x08006d45   Thumb Code    92  usbd_core.o(.text.USBD_LL_SetupStage)
    USBD_LL_StallEP                          0x08006da1   Thumb Code    34  usbd_conf.o(.text.USBD_LL_StallEP)
    USBD_LL_Start                            0x08006dc5   Thumb Code    34  usbd_conf.o(.text.USBD_LL_Start)
    USBD_LL_Suspend                          0x08006de9   Thumb Code    20  usbd_core.o(.text.USBD_LL_Suspend)
    USBD_LL_Transmit                         0x08006dfd   Thumb Code    34  usbd_conf.o(.text.USBD_LL_Transmit)
    USBD_ParseSetupRequest                   0x08006e21   Thumb Code    22  usbd_ctlreq.o(.text.USBD_ParseSetupRequest)
    USBD_RegisterClass                       0x08006e39   Thumb Code    14  usbd_core.o(.text.USBD_RegisterClass)
    USBD_SetClassConfig                      0x08006e49   Thumb Code    28  usbd_core.o(.text.USBD_SetClassConfig)
    USBD_Start                               0x08006e65   Thumb Code    10  usbd_core.o(.text.USBD_Start)
    USBD_StdDevReq                           0x08006e71   Thumb Code   746  usbd_ctlreq.o(.text.USBD_StdDevReq)
    USBD_StdEPReq                            0x0800715d   Thumb Code   328  usbd_ctlreq.o(.text.USBD_StdEPReq)
    USBD_StdItfReq                           0x080072a5   Thumb Code    84  usbd_ctlreq.o(.text.USBD_StdItfReq)
    USBD_static_free                         0x080072f9   Thumb Code     2  usbd_conf.o(.text.USBD_static_free)
    USBD_static_malloc                       0x080072fd   Thumb Code    10  usbd_conf.o(.text.USBD_static_malloc)
    USB_ActivateEndpoint                     0x08007309   Thumb Code   648  stm32f1xx_ll_usb.o(.text.USB_ActivateEndpoint)
    USB_CoreInit                             0x08007591   Thumb Code     4  stm32f1xx_ll_usb.o(.text.USB_CoreInit)
    USB_DeactivateEndpoint                   0x08007595   Thumb Code   222  stm32f1xx_ll_usb.o(.text.USB_DeactivateEndpoint)
    USB_DevConnect                           0x08007675   Thumb Code     4  stm32f1xx_ll_usb.o(.text.USB_DevConnect)
    USB_DevDisconnect                        0x08007679   Thumb Code     4  stm32f1xx_ll_usb.o(.text.USB_DevDisconnect)
    USB_DevInit                              0x0800767d   Thumb Code    38  stm32f1xx_ll_usb.o(.text.USB_DevInit)
    USB_DisableGlobalInt                     0x080076a5   Thumb Code    20  stm32f1xx_ll_usb.o(.text.USB_DisableGlobalInt)
    USB_EP0_OutStart                         0x080076b9   Thumb Code     4  stm32f1xx_ll_usb.o(.text.USB_EP0_OutStart)
    USB_EPClearStall                         0x080076bd   Thumb Code   116  stm32f1xx_ll_usb.o(.text.USB_EPClearStall)
    USB_EPSetStall                           0x08007731   Thumb Code    50  stm32f1xx_ll_usb.o(.text.USB_EPSetStall)
    USB_EPStartXfer                          0x08007765   Thumb Code   666  stm32f1xx_ll_usb.o(.text.USB_EPStartXfer)
    USB_EnableGlobalInt                      0x08007a01   Thumb Code    18  stm32f1xx_ll_usb.o(.text.USB_EnableGlobalInt)
    USB_LP_CAN1_RX0_IRQHandler               0x08007a15   Thumb Code    12  stm32f1xx_it.o(.text.USB_LP_CAN1_RX0_IRQHandler)
    USB_ReadInterrupts                       0x08007a21   Thumb Code     6  stm32f1xx_ll_usb.o(.text.USB_ReadInterrupts)
    USB_ReadPMA                              0x08007a29   Thumb Code   180  stm32f1xx_ll_usb.o(.text.USB_ReadPMA)
    USB_SetCurrentMode                       0x08007add   Thumb Code     4  stm32f1xx_ll_usb.o(.text.USB_SetCurrentMode)
    USB_SetDevAddress                        0x08007ae1   Thumb Code    14  stm32f1xx_ll_usb.o(.text.USB_SetDevAddress)
    UsageFault_Handler                       0x080088c5   Thumb Code     2  stm32f1xx_it.o(.text.UsageFault_Handler)
    drawHline                                0x08008a59   Thumb Code   156  st7735_spi.o(.text.drawHline)
    drawRect                                 0x08008af5   Thumb Code    72  st7735_spi.o(.text.drawRect)
    drawVline                                0x08008b3d   Thumb Code   154  st7735_spi.o(.text.drawVline)
    handle_temp                              0x08008bd9   Thumb Code   328  main.o(.text.handle_temp)
    main                                     0x08008d21   Thumb Code  1176  main.o(.text.main)
    __0sprintf$8                             0x080091b9   Thumb Code    34  printf8.o(i.__0sprintf$8)
    __1sprintf$8                             0x080091b9   Thumb Code     0  printf8.o(i.__0sprintf$8)
    __2sprintf                               0x080091b9   Thumb Code     0  printf8.o(i.__0sprintf$8)
    __mathlib_flt_divzero                    0x080091e1   Thumb Code    10  funder.o(i.__mathlib_flt_divzero)
    __mathlib_flt_infnan                     0x080091eb   Thumb Code     6  funder.o(i.__mathlib_flt_infnan)
    __mathlib_flt_invalid                    0x080091f1   Thumb Code     8  funder.o(i.__mathlib_flt_invalid)
    __scatterload_copy                       0x080091f9   Thumb Code    14  handlers.o(i.__scatterload_copy)
    __scatterload_null                       0x08009207   Thumb Code     2  handlers.o(i.__scatterload_null)
    __scatterload_zeroinit                   0x08009209   Thumb Code    14  handlers.o(i.__scatterload_zeroinit)
    __set_errno                              0x08009219   Thumb Code     6  errno.o(i.__set_errno)
    __mathlib_logf                           0x08009691   Thumb Code     0  logf.o(i.logf)
    logf                                     0x08009691   Thumb Code   362  logf.o(i.logf)
    AHBPrescTable                            0x08009862   Data          16  system_stm32f1xx.o(.rodata.AHBPrescTable)
    APBPrescTable                            0x08009872   Data           8  system_stm32f1xx.o(.rodata.APBPrescTable)
    Region$$Table$$Base                      0x0800c15c   Number         0  anon$$obj.o(Region$$Table)
    Region$$Table$$Limit                     0x0800c17c   Number         0  anon$$obj.o(Region$$Table)
    uwTickFreq                               0x20000028   Data           1  stm32f1xx_hal.o(.data..L_MergedGlobals)
    uwTickPrio                               0x2000002c   Data           4  stm32f1xx_hal.o(.data..L_MergedGlobals)
    FS_Desc                                  0x20000030   Data          28  usbd_desc.o(.data.FS_Desc)
    Font_11x18                               0x2000004c   Data           8  fonts.o(.data.Font_11x18)
    Font_16x26                               0x20000054   Data           8  fonts.o(.data.Font_16x26)
    Font_7x10                                0x2000005c   Data           8  fonts.o(.data.Font_7x10)
    PowerStage                               0x20000064   Data          64  main.o(.data.PowerStage)
    SystemCoreClock                          0x200000a4   Data           4  system_stm32f1xx.o(.data.SystemCoreClock)
    USBD_CDC                                 0x200000a8   Data          56  usbd_cdc.o(.data.USBD_CDC)
    USBD_CDC_CfgFSDesc                       0x200000e0   Data          67  usbd_cdc.o(.data.USBD_CDC_CfgFSDesc)
    USBD_CDC_CfgHSDesc                       0x20000124   Data          67  usbd_cdc.o(.data.USBD_CDC_CfgHSDesc)
    USBD_CDC_OtherSpeedCfgDesc               0x20000174   Data          67  usbd_cdc.o(.data.USBD_CDC_OtherSpeedCfgDesc)
    USBD_FS_DeviceDesc                       0x200001b8   Data          18  usbd_desc.o(.data.USBD_FS_DeviceDesc)
    USBD_Interface_fops_FS                   0x200001cc   Data          16  usbd_cdc_if.o(.data.USBD_Interface_fops_FS)
    USBD_LangIDDesc                          0x200001dc   Data           4  usbd_desc.o(.data.USBD_LangIDDesc)
    USBD_StringSerial                        0x200001e0   Data          26  usbd_desc.o(.data.USBD_StringSerial)
    solider_pwm_ccr                          0x200001fa   Data           2  ui_solider.o(.data.solider_pwm_ccr)
    adc1_dma_ready                           0x20000200   Data           1  main.o(.bss..L_MergedGlobals)
    raw                                      0x20000204   Data           2  main.o(.bss..L_MergedGlobals)
    duty_buck                                0x20000206   Data           2  main.o(.bss..L_MergedGlobals)
    duty_boost                               0x20000208   Data           2  main.o(.bss..L_MergedGlobals)
    solider_temp                             0x20000210   Data           2  main.o(.bss..L_MergedGlobals)
    adc_calib_offset                         0x20000214   Data           4  main.o(.bss..L_MergedGlobals)
    lastTime_readTemp                        0x20000228   Data           4  main.o(.bss..L_MergedGlobals)
    sleep                                    0x20000238   Data           4  main.o(.bss..L_MergedGlobals)
    adc1_dma_buf                             0x20000248   Data           8  main.o(.bss..L_MergedGlobals)
    ccr                                      0x2000025a   Data           2  ui_solider.o(.bss..L_MergedGlobals.14)
    solider_temp_raw                         0x20000260   Data           4  ui_solider.o(.bss..L_MergedGlobals.14)
    solider_pid_power                        0x20000264   Data           4  ui_solider.o(.bss..L_MergedGlobals.14)
    power_                                   0x20000270   Data           4  ui_solider.o(.bss..L_MergedGlobals.14)
    measured_temp                            0x20000288   Data           4  ui_solider.o(.bss..L_MergedGlobals.14)
    frev_measured_temp                       0x2000028c   Data           4  ui_solider.o(.bss..L_MergedGlobals.14)
    set_temp                                 0x20000290   Data           4  ui_solider.o(.bss..L_MergedGlobals.14)
    hadc1                                    0x20000338   Data          48  main.o(.bss..L_MergedGlobals.2)
    hadc2                                    0x20000368   Data          48  main.o(.bss..L_MergedGlobals.2)
    USBD_StrDesc                             0x2000051c   Data         512  usbd_desc.o(.bss.USBD_StrDesc)
    UserRxBufferFS                           0x2000093c   Data          64  usbd_cdc_if.o(.bss.UserRxBufferFS)
    UserTxBufferFS                           0x2000097c   Data          64  usbd_cdc_if.o(.bss.UserTxBufferFS)
    hUsbDeviceFS                             0x200009bc   Data         708  usb_device.o(.bss.hUsbDeviceFS)
    hdma_adc1                                0x20000c80   Data          68  main.o(.bss.hdma_adc1)
    hdma_spi1_tx                             0x20000cc4   Data          68  main.o(.bss.hdma_spi1_tx)
    hpcd_USB_FS                              0x20000d08   Data         620  usbd_conf.o(.bss.hpcd_USB_FS)
    hspi1                                    0x20000f74   Data          88  main.o(.bss.hspi1)
    htim1                                    0x20000fcc   Data          64  main.o(.bss.htim1)
    htim2                                    0x2000100c   Data          64  main.o(.bss.htim2)
    htim3                                    0x2000104c   Data          64  main.o(.bss.htim3)
    htim4                                    0x2000108c   Data          64  main.o(.bss.htim4)
    pFlash                                   0x200010d0   Data          32  stm32f1xx_hal_flash.o(.bss.pFlash)
    uwTick                                   0x20001114   Data           4  stm32f1xx_hal.o(.bss.uwTick)
    __initial_sp                             0x20001518   Data           0  startup_stm32f103xb.o(STACK)



==============================================================================

Memory Map of the image

  Image Entry point : 0x080000ed

  Load Region LR_IROM1 (Base: 0x08000000, Size: 0x0000c380, Max: 0x00040000, ABSOLUTE, COMPRESSED[0x0000c288])

    Execution Region ER_IROM1 (Exec base: 0x08000000, Load base: 0x08000000, Size: 0x0000c17c, Max: 0x00040000, ABSOLUTE)

    Exec Addr    Load Addr    Size         Type   Attr      Idx    E Section Name        Object

    0x08000000   0x08000000   0x000000ec   Data   RO            3    RESET               startup_stm32f103xb.o
    0x080000ec   0x080000ec   0x00000000   Code   RO         1570  * .ARM.Collect$$$$00000000  mc_w.l(entry.o)
    0x080000ec   0x080000ec   0x00000004   Code   RO         1876    .ARM.Collect$$$$00000001  mc_w.l(entry2.o)
    0x080000f0   0x080000f0   0x00000004   Code   RO         1879    .ARM.Collect$$$$00000004  mc_w.l(entry5.o)
    0x080000f4   0x080000f4   0x00000000   Code   RO         1881    .ARM.Collect$$$$00000008  mc_w.l(entry7b.o)
    0x080000f4   0x080000f4   0x00000000   Code   RO         1883    .ARM.Collect$$$$0000000A  mc_w.l(entry8b.o)
    0x080000f4   0x080000f4   0x00000008   Code   RO         1884    .ARM.Collect$$$$0000000B  mc_w.l(entry9a.o)
    0x080000fc   0x080000fc   0x00000000   Code   RO         1886    .ARM.Collect$$$$0000000D  mc_w.l(entry10a.o)
    0x080000fc   0x080000fc   0x00000000   Code   RO         1888    .ARM.Collect$$$$0000000F  mc_w.l(entry11a.o)
    0x080000fc   0x080000fc   0x00000004   Code   RO         1877    .ARM.Collect$$$$00002712  mc_w.l(entry2.o)
    0x08000100   0x08000100   0x00000024   Code   RO            4    .text               startup_stm32f103xb.o
    0x08000124   0x08000124   0x00000018   Code   RO         1573    .text               mc_w.l(strncpy.o)
    0x0800013c   0x0800013c   0x0000000e   Code   RO         1575    .text               mc_w.l(strlen.o)
    0x0800014a   0x0800014a   0x0000001c   Code   RO         1577    .text               mc_w.l(strcmp.o)
    0x08000166   0x08000166   0x000000b0   Code   RO         1840    .text               mf_w.l(fadd.o)
    0x08000216   0x08000216   0x00000064   Code   RO         1842    .text               mf_w.l(fmul.o)
    0x0800027a   0x0800027a   0x0000007c   Code   RO         1844    .text               mf_w.l(fdiv.o)
    0x080002f6   0x080002f6   0x0000001c   Code   RO         1846    .text               mf_w.l(fcmple.o)
    0x08000312   0x08000312   0x0000001c   Code   RO         1848    .text               mf_w.l(fcmplt.o)
    0x0800032e   0x0800032e   0x0000001c   Code   RO         1850    .text               mf_w.l(fcmpge.o)
    0x0800034a   0x0800034a   0x0000001c   Code   RO         1852    .text               mf_w.l(fcmpgt.o)
    0x08000366   0x08000366   0x00000012   Code   RO         1854    .text               mf_w.l(fflti.o)
    0x08000378   0x08000378   0x0000000a   Code   RO         1856    .text               mf_w.l(ffltui.o)
    0x08000382   0x08000382   0x00000032   Code   RO         1858    .text               mf_w.l(ffixi.o)
    0x080003b4   0x080003b4   0x00000028   Code   RO         1860    .text               mf_w.l(ffixui.o)
    0x080003dc   0x080003dc   0x00000062   Code   RO         1906    .text               mc_w.l(uldiv.o)
    0x0800043e   0x0800043e   0x00000000   Code   RO         1915    .text               mc_w.l(iusefp.o)
    0x0800043e   0x0800043e   0x0000006e   Code   RO         1916    .text               mf_w.l(fepilogue.o)
    0x080004ac   0x080004ac   0x00000018   Code   RO         1918    .text               mf_w.l(fscalb.o)
    0x080004c4   0x080004c4   0x00000030   Code   RO         1930    .text               mc_w.l(init.o)
    0x080004f4   0x080004f4   0x0000001e   Code   RO         1933    .text               mc_w.l(llshl.o)
    0x08000512   0x08000512   0x00000020   Code   RO         1935    .text               mc_w.l(llushr.o)
    0x08000532   0x08000532   0x00000056   Code   RO         1950    .text               mc_w.l(__dczerorl2.o)
    0x08000588   0x08000588   0x0000001e   Code   RO          356    .text.ADC1_2_IRQHandler  stm32f1xx_it.o
    0x080005a6   0x080005a6   0x00000002   PAD
    0x080005a8   0x080005a8   0x00000046   Code   RO          925    .text.ADC_ConversionStop_Disable  stm32f1xx_hal_adc.o
    0x080005ee   0x080005ee   0x00000002   PAD
    0x080005f0   0x080005f0   0x00000052   Code   RO          947    .text.ADC_DMAConvCplt  stm32f1xx_hal_adc.o
    0x08000642   0x08000642   0x00000002   PAD
    0x08000644   0x08000644   0x00000016   Code   RO          951    .text.ADC_DMAError  stm32f1xx_hal_adc.o
    0x0800065a   0x0800065a   0x00000002   PAD
    0x0800065c   0x0800065c   0x00000006   Code   RO          949    .text.ADC_DMAHalfConvCplt  stm32f1xx_hal_adc.o
    0x08000662   0x08000662   0x00000002   PAD
    0x08000664   0x08000664   0x0000009e   Code   RO          933    .text.ADC_Enable    stm32f1xx_hal_adc.o
    0x08000702   0x08000702   0x00000002   PAD
    0x08000704   0x08000704   0x000000f2   Code   RO           15    .text.BBUI_Init     ui.o
    0x080007f6   0x080007f6   0x00000002   PAD
    0x080007f8   0x080007f8   0x0000016e   Code   RO           11    .text.BBUI_LoadFromFlash  ui.o
    0x08000966   0x08000966   0x00000002   PAD
    0x08000968   0x08000968   0x00000168   Code   RO           13    .text.BBUI_SaveToFlash  ui.o
    0x08000ad0   0x08000ad0   0x00000648   Code   RO           21    .text.BBUI_Task     ui.o
    0x08001118   0x08001118   0x0000008a   Code   RO          167    .text.Buck_UI_Init  main.o
    0x080011a2   0x080011a2   0x00000002   PAD
    0x080011a4   0x080011a4   0x00000002   Code   RO          340    .text.BusFault_Handler  stm32f1xx_it.o
    0x080011a6   0x080011a6   0x00000002   PAD
    0x080011a8   0x080011a8   0x00000004   Code   RO          317    .text.CDC_Control_FS  usbd_cdc_if.o
    0x080011ac   0x080011ac   0x00000004   Code   RO          315    .text.CDC_DeInit_FS  usbd_cdc_if.o
    0x080011b0   0x080011b0   0x0000002c   Code   RO          313    .text.CDC_Init_FS   usbd_cdc_if.o
    0x080011dc   0x080011dc   0x0000001c   Code   RO          319    .text.CDC_Receive_FS  usbd_cdc_if.o
    0x080011f8   0x080011f8   0x0000000c   Code   RO          352    .text.DMA1_Channel1_IRQHandler  stm32f1xx_it.o
    0x08001204   0x08001204   0x0000000c   Code   RO          354    .text.DMA1_Channel3_IRQHandler  stm32f1xx_it.o
    0x08001210   0x08001210   0x00000002   Code   RO          346    .text.DebugMon_Handler  stm32f1xx_it.o
    0x08001212   0x08001212   0x00000002   PAD
    0x08001214   0x08001214   0x000001a0   Code   RO           17    .text.DrawMainBase  ui.o
    0x080013b4   0x080013b4   0x0000020c   Code   RO           33    .text.EncoderAdjust  ui.o
    0x080015c0   0x080015c0   0x00000002   Code   RO          179    .text.Error_Handler  main.o
    0x080015c2   0x080015c2   0x00000002   PAD
    0x080015c4   0x080015c4   0x000000c6   Code   RO          842    .text.FLASH_WaitForLastOperation  stm32f1xx_hal_flash.o
    0x0800168a   0x0800168a   0x00000002   PAD
    0x0800168c   0x0800168c   0x000000f6   Code   RO          983    .text.HAL_ADCEx_Calibration_Start  stm32f1xx_hal_adc_ex.o
    0x08001782   0x08001782   0x00000002   PAD
    0x08001784   0x08001784   0x00000002   Code   RO         1003    .text.HAL_ADCEx_InjectedConvCpltCallback  stm32f1xx_hal_adc_ex.o
    0x08001786   0x08001786   0x00000002   PAD
    0x08001788   0x08001788   0x0000013e   Code   RO          967    .text.HAL_ADC_ConfigChannel  stm32f1xx_hal_adc.o
    0x080018c6   0x080018c6   0x00000002   PAD
    0x080018c8   0x080018c8   0x00000100   Code   RO          173    .text.HAL_ADC_ConvCpltCallback  main.o
    0x080019c8   0x080019c8   0x00000002   Code   RO          963    .text.HAL_ADC_ConvHalfCpltCallback  stm32f1xx_hal_adc.o
    0x080019ca   0x080019ca   0x00000002   PAD
    0x080019cc   0x080019cc   0x00000002   Code   RO          965    .text.HAL_ADC_ErrorCallback  stm32f1xx_hal_adc.o
    0x080019ce   0x080019ce   0x00000002   PAD
    0x080019d0   0x080019d0   0x00000006   Code   RO          955    .text.HAL_ADC_GetValue  stm32f1xx_hal_adc.o
    0x080019d6   0x080019d6   0x00000002   PAD
    0x080019d8   0x080019d8   0x00000100   Code   RO          957    .text.HAL_ADC_IRQHandler  stm32f1xx_hal_adc.o
    0x08001ad8   0x08001ad8   0x00000148   Code   RO          921    .text.HAL_ADC_Init  stm32f1xx_hal_adc.o
    0x08001c20   0x08001c20   0x00000002   Code   RO          961    .text.HAL_ADC_LevelOutOfWindowCallback  stm32f1xx_hal_adc.o
    0x08001c22   0x08001c22   0x00000002   PAD
    0x08001c24   0x08001c24   0x00000102   Code   RO          373    .text.HAL_ADC_MspInit  stm32f1xx_hal_msp.o
    0x08001d26   0x08001d26   0x00000002   PAD
    0x08001d28   0x08001d28   0x000001da   Code   RO          937    .text.HAL_ADC_PollForConversion  stm32f1xx_hal_adc.o
    0x08001f02   0x08001f02   0x00000002   PAD
    0x08001f04   0x08001f04   0x0000014e   Code   RO          931    .text.HAL_ADC_Start  stm32f1xx_hal_adc.o
    0x08002052   0x08002052   0x00000002   PAD
    0x08002054   0x08002054   0x000001a8   Code   RO          945    .text.HAL_ADC_Start_DMA  stm32f1xx_hal_adc.o
    0x080021fc   0x080021fc   0x00000070   Code   RO          935    .text.HAL_ADC_Stop  stm32f1xx_hal_adc.o
    0x0800226c   0x0800226c   0x0000019c   Code   RO          738    .text.HAL_DMA_IRQHandler  stm32f1xx_hal_dma.o
    0x08002408   0x08002408   0x00000074   Code   RO          724    .text.HAL_DMA_Init  stm32f1xx_hal_dma.o
    0x0800247c   0x0800247c   0x000000a0   Code   RO          730    .text.HAL_DMA_Start_IT  stm32f1xx_hal_dma.o
    0x0800251c   0x0800251c   0x00000028   Code   RO          608    .text.HAL_Delay     stm32f1xx_hal.o
    0x08002544   0x08002544   0x000000ee   Code   RO          873    .text.HAL_FLASHEx_Erase  stm32f1xx_hal_flash_ex.o
    0x08002632   0x08002632   0x00000002   PAD
    0x08002634   0x08002634   0x00000014   Code   RO          854    .text.HAL_FLASH_Lock  stm32f1xx_hal_flash.o
    0x08002648   0x08002648   0x00000116   Code   RO          840    .text.HAL_FLASH_Program  stm32f1xx_hal_flash.o
    0x0800275e   0x0800275e   0x00000002   PAD
    0x08002760   0x08002760   0x0000002e   Code   RO          852    .text.HAL_FLASH_Unlock  stm32f1xx_hal_flash.o
    0x0800278e   0x0800278e   0x00000002   PAD
    0x08002790   0x08002790   0x00000212   Code   RO          700    .text.HAL_GPIO_Init  stm32f1xx_hal_gpio.o
    0x080029a2   0x080029a2   0x00000002   PAD
    0x080029a4   0x080029a4   0x0000000a   Code   RO          704    .text.HAL_GPIO_ReadPin  stm32f1xx_hal_gpio.o
    0x080029ae   0x080029ae   0x00000002   PAD
    0x080029b0   0x080029b0   0x0000000a   Code   RO          706    .text.HAL_GPIO_WritePin  stm32f1xx_hal_gpio.o
    0x080029ba   0x080029ba   0x00000002   PAD
    0x080029bc   0x080029bc   0x0000000c   Code   RO          600    .text.HAL_GetTick   stm32f1xx_hal.o
    0x080029c8   0x080029c8   0x0000001a   Code   RO          598    .text.HAL_IncTick   stm32f1xx_hal.o
    0x080029e2   0x080029e2   0x00000002   PAD
    0x080029e4   0x080029e4   0x00000026   Code   RO          588    .text.HAL_Init      stm32f1xx_hal.o
    0x08002a0a   0x08002a0a   0x00000002   PAD
    0x08002a0c   0x08002a0c   0x00000048   Code   RO          590    .text.HAL_InitTick  stm32f1xx_hal.o
    0x08002a54   0x08002a54   0x00000042   Code   RO          371    .text.HAL_MspInit   stm32f1xx_hal_msp.o
    0x08002a96   0x08002a96   0x00000002   PAD
    0x08002a98   0x08002a98   0x00000022   Code   RO          760    .text.HAL_NVIC_EnableIRQ  stm32f1xx_hal_cortex.o
    0x08002aba   0x08002aba   0x00000002   PAD
    0x08002abc   0x08002abc   0x00000056   Code   RO          758    .text.HAL_NVIC_SetPriority  stm32f1xx_hal_cortex.o
    0x08002b12   0x08002b12   0x00000002   PAD
    0x08002b14   0x08002b14   0x00000020   Code   RO          756    .text.HAL_NVIC_SetPriorityGrouping  stm32f1xx_hal_cortex.o
    0x08002b34   0x08002b34   0x00000040   Code   RO          504    .text.HAL_PCDEx_PMAConfig  stm32f1xx_hal_pcd_ex.o
    0x08002b74   0x08002b74   0x00000002   Code   RO          274    .text.HAL_PCDEx_SetConnectionState  usbd_conf.o
    0x08002b76   0x08002b76   0x00000002   PAD
    0x08002b78   0x08002b78   0x00000010   Code   RO          222    .text.HAL_PCD_DataInStageCallback  usbd_conf.o
    0x08002b88   0x08002b88   0x00000012   Code   RO          220    .text.HAL_PCD_DataOutStageCallback  usbd_conf.o
    0x08002b9a   0x08002b9a   0x00000002   PAD
    0x08002b9c   0x08002b9c   0x00000052   Code   RO          476    .text.HAL_PCD_EP_Close  stm32f1xx_hal_pcd.o
    0x08002bee   0x08002bee   0x00000002   PAD
    0x08002bf0   0x08002bf0   0x00000060   Code   RO          486    .text.HAL_PCD_EP_ClrStall  stm32f1xx_hal_pcd.o
    0x08002c50   0x08002c50   0x0000000e   Code   RO          480    .text.HAL_PCD_EP_GetRxCount  stm32f1xx_hal_pcd.o
    0x08002c5e   0x08002c5e   0x00000002   PAD
    0x08002c60   0x08002c60   0x0000006c   Code   RO          474    .text.HAL_PCD_EP_Open  stm32f1xx_hal_pcd.o
    0x08002ccc   0x08002ccc   0x0000002e   Code   RO          478    .text.HAL_PCD_EP_Receive  stm32f1xx_hal_pcd.o
    0x08002cfa   0x08002cfa   0x00000002   PAD
    0x08002cfc   0x08002cfc   0x00000068   Code   RO          484    .text.HAL_PCD_EP_SetStall  stm32f1xx_hal_pcd.o
    0x08002d64   0x08002d64   0x00000028   Code   RO          482    .text.HAL_PCD_EP_Transmit  stm32f1xx_hal_pcd.o
    0x08002d8c   0x08002d8c   0x000004a6   Code   RO          444    .text.HAL_PCD_IRQHandler  stm32f1xx_hal_pcd.o
    0x08003232   0x08003232   0x00000002   PAD
    0x08003234   0x08003234   0x00000148   Code   RO          432    .text.HAL_PCD_Init  stm32f1xx_hal_pcd.o
    0x0800337c   0x0800337c   0x00000044   Code   RO          214    .text.HAL_PCD_MspInit  usbd_conf.o
    0x080033c0   0x080033c0   0x00000024   Code   RO          226    .text.HAL_PCD_ResetCallback  usbd_conf.o
    0x080033e4   0x080033e4   0x00000008   Code   RO          230    .text.HAL_PCD_ResumeCallback  usbd_conf.o
    0x080033ec   0x080033ec   0x00000008   Code   RO          224    .text.HAL_PCD_SOFCallback  usbd_conf.o
    0x080033f4   0x080033f4   0x0000002a   Code   RO          448    .text.HAL_PCD_SetAddress  stm32f1xx_hal_pcd.o
    0x0800341e   0x0800341e   0x00000002   PAD
    0x08003420   0x08003420   0x0000000e   Code   RO          218    .text.HAL_PCD_SetupStageCallback  usbd_conf.o
    0x0800342e   0x0800342e   0x00000002   PAD
    0x08003430   0x08003430   0x0000002e   Code   RO          442    .text.HAL_PCD_Start  stm32f1xx_hal_pcd.o
    0x0800345e   0x0800345e   0x00000002   PAD
    0x08003460   0x08003460   0x00000026   Code   RO          228    .text.HAL_PCD_SuspendCallback  usbd_conf.o
    0x08003486   0x08003486   0x00000002   PAD
    0x08003488   0x08003488   0x000000f8   Code   RO          690    .text.HAL_RCCEx_GetPeriphCLKFreq  stm32f1xx_hal_rcc_ex.o
    0x08003580   0x08003580   0x00000102   Code   RO          686    .text.HAL_RCCEx_PeriphCLKConfig  stm32f1xx_hal_rcc_ex.o
    0x08003682   0x08003682   0x00000002   PAD
    0x08003684   0x08003684   0x000001ba   Code   RO          652    .text.HAL_RCC_ClockConfig  stm32f1xx_hal_rcc.o
    0x0800383e   0x0800383e   0x00000002   PAD
    0x08003840   0x08003840   0x00000026   Code   RO          666    .text.HAL_RCC_GetPCLK2Freq  stm32f1xx_hal_rcc.o
    0x08003866   0x08003866   0x00000002   PAD
    0x08003868   0x08003868   0x00000400   Code   RO          650    .text.HAL_RCC_OscConfig  stm32f1xx_hal_rcc.o
    0x08003c68   0x08003c68   0x00000082   Code   RO         1017    .text.HAL_SPI_Init  stm32f1xx_hal_spi.o
    0x08003cea   0x08003cea   0x00000002   PAD
    0x08003cec   0x08003cec   0x000000a6   Code   RO          377    .text.HAL_SPI_MspInit  stm32f1xx_hal_msp.o
    0x08003d92   0x08003d92   0x00000002   PAD
    0x08003d94   0x08003d94   0x00000248   Code   RO         1025    .text.HAL_SPI_Transmit  stm32f1xx_hal_spi.o
    0x08003fdc   0x08003fdc   0x0000002c   Code   RO          768    .text.HAL_SYSTICK_Config  stm32f1xx_hal_cortex.o
    0x08004008   0x08004008   0x00000002   Code   RO         1420    .text.HAL_TIMEx_BreakCallback  stm32f1xx_hal_tim_ex.o
    0x0800400a   0x0800400a   0x00000002   PAD
    0x0800400c   0x0800400c   0x00000002   Code   RO         1416    .text.HAL_TIMEx_CommutCallback  stm32f1xx_hal_tim_ex.o
    0x0800400e   0x0800400e   0x00000002   PAD
    0x08004010   0x08004010   0x0000004c   Code   RO         1412    .text.HAL_TIMEx_ConfigBreakDeadTime  stm32f1xx_hal_tim_ex.o
    0x0800405c   0x0800405c   0x00000044   Code   RO         1410    .text.HAL_TIMEx_MasterConfigSynchronization  stm32f1xx_hal_tim_ex.o
    0x080040a0   0x080040a0   0x00000038   Code   RO         1380    .text.HAL_TIMEx_PWMN_Start  stm32f1xx_hal_tim_ex.o
    0x080040d8   0x080040d8   0x0000005c   Code   RO         1382    .text.HAL_TIMEx_PWMN_Stop  stm32f1xx_hal_tim_ex.o
    0x08004134   0x08004134   0x000000c8   Code   RO         1129    .text.HAL_TIM_Base_Init  stm32f1xx_hal_tim.o
    0x080041fc   0x080041fc   0x0000006c   Code   RO          381    .text.HAL_TIM_Base_MspInit  stm32f1xx_hal_msp.o
    0x08004268   0x08004268   0x00000020   Code   RO         1143    .text.HAL_TIM_Base_Start_IT  stm32f1xx_hal_tim.o
    0x08004288   0x08004288   0x00000192   Code   RO         1305    .text.HAL_TIM_ConfigClockSource  stm32f1xx_hal_tim.o
    0x0800441a   0x0800441a   0x00000002   PAD
    0x0800441c   0x0800441c   0x00000138   Code   RO         1243    .text.HAL_TIM_Encoder_Init  stm32f1xx_hal_tim.o
    0x08004554   0x08004554   0x000000a8   Code   RO          383    .text.HAL_TIM_Encoder_MspInit  stm32f1xx_hal_msp.o
    0x080045fc   0x080045fc   0x0000003a   Code   RO         1251    .text.HAL_TIM_Encoder_Start  stm32f1xx_hal_tim.o
    0x08004636   0x08004636   0x00000002   PAD
    0x08004638   0x08004638   0x00000002   Code   RO         1265    .text.HAL_TIM_IC_CaptureCallback  stm32f1xx_hal_tim.o
    0x0800463a   0x0800463a   0x00000002   PAD
    0x0800463c   0x0800463c   0x00000170   Code   RO         1263    .text.HAL_TIM_IRQHandler  stm32f1xx_hal_tim.o
    0x080047ac   0x080047ac   0x000000de   Code   RO          387    .text.HAL_TIM_MspPostInit  stm32f1xx_hal_msp.o
    0x0800488a   0x0800488a   0x00000002   PAD
    0x0800488c   0x0800488c   0x00000002   Code   RO         1267    .text.HAL_TIM_OC_DelayElapsedCallback  stm32f1xx_hal_tim.o
    0x0800488e   0x0800488e   0x00000002   PAD
    0x08004890   0x08004890   0x000001fe   Code   RO         1283    .text.HAL_TIM_PWM_ConfigChannel  stm32f1xx_hal_tim.o
    0x08004a8e   0x08004a8e   0x00000002   PAD
    0x08004a90   0x08004a90   0x000000c8   Code   RO         1183    .text.HAL_TIM_PWM_Init  stm32f1xx_hal_tim.o
    0x08004b58   0x08004b58   0x00000044   Code   RO          385    .text.HAL_TIM_PWM_MspInit  stm32f1xx_hal_msp.o
    0x08004b9c   0x08004b9c   0x00000002   Code   RO         1269    .text.HAL_TIM_PWM_PulseFinishedCallback  stm32f1xx_hal_tim.o
    0x08004b9e   0x08004b9e   0x00000002   PAD
    0x08004ba0   0x08004ba0   0x00000056   Code   RO         1191    .text.HAL_TIM_PWM_Start  stm32f1xx_hal_tim.o
    0x08004bf6   0x08004bf6   0x00000002   PAD
    0x08004bf8   0x08004bf8   0x00000070   Code   RO         1193    .text.HAL_TIM_PWM_Stop  stm32f1xx_hal_tim.o
    0x08004c68   0x08004c68   0x0000014c   Code   RO          171    .text.HAL_TIM_PeriodElapsedCallback  main.o
    0x08004db4   0x08004db4   0x00000002   Code   RO         1273    .text.HAL_TIM_TriggerCallback  stm32f1xx_hal_tim.o
    0x08004db6   0x08004db6   0x00000002   PAD
    0x08004db8   0x08004db8   0x00000002   Code   RO          336    .text.HardFault_Handler  stm32f1xx_it.o
    0x08004dba   0x08004dba   0x00000002   PAD
    0x08004dbc   0x08004dbc   0x00000072   Code   RO          205    .text.MX_USB_DEVICE_Init  usb_device.o
    0x08004e2e   0x08004e2e   0x00000002   PAD
    0x08004e30   0x08004e30   0x00000002   Code   RO          338    .text.MemManage_Handler  stm32f1xx_it.o
    0x08004e32   0x08004e32   0x00000002   PAD
    0x08004e34   0x08004e34   0x00000002   Code   RO          334    .text.NMI_Handler   stm32f1xx_it.o
    0x08004e36   0x08004e36   0x00000002   PAD
    0x08004e38   0x08004e38   0x00000002   Code   RO          348    .text.PendSV_Handler  stm32f1xx_it.o
    0x08004e3a   0x08004e3a   0x00000002   PAD
    0x08004e3c   0x08004e3c   0x00000586   Code   RO          165    .text.PowerStage_CloseLoop_CVCC_1kHz  main.o
    0x080053c2   0x080053c2   0x00000002   PAD
    0x080053c4   0x080053c4   0x00000072   Code   RO          119    .text.ST7735_DrawPixel  st7735_spi.o
    0x08005436   0x08005436   0x00000002   PAD
    0x08005438   0x08005438   0x0000008e   Code   RO          107    .text.ST7735_ExecuteCommandList  st7735_spi.o
    0x080054c6   0x080054c6   0x00000002   PAD
    0x080054c8   0x080054c8   0x000000bc   Code   RO          123    .text.ST7735_FillRectangle  st7735_spi.o
    0x08005584   0x08005584   0x0000001a   Code   RO          125    .text.ST7735_FillScreen  st7735_spi.o
    0x0800559e   0x0800559e   0x00000002   PAD
    0x080055a0   0x080055a0   0x00000064   Code   RO          137    .text.ST7735_Init   st7735_spi.o
    0x08005604   0x08005604   0x000000d2   Code   RO          109    .text.ST7735_SetAddressWindow  st7735_spi.o
    0x080056d6   0x080056d6   0x00000002   PAD
    0x080056d8   0x080056d8   0x000001e0   Code   RO          121    .text.ST7735_WriteString  st7735_spi.o
    0x080058b8   0x080058b8   0x00000002   Code   RO          344    .text.SVC_Handler   stm32f1xx_it.o
    0x080058ba   0x080058ba   0x00000002   PAD
    0x080058bc   0x080058bc   0x0000007a   Code   RO           73    .text.Solider_PID_Enable  ui_solider.o
    0x08005936   0x08005936   0x00000002   PAD
    0x08005938   0x08005938   0x00000324   Code   RO           75    .text.Solider_PID_Task  ui_solider.o
    0x08005c5c   0x08005c5c   0x00000004   Code   RO          350    .text.SysTick_Handler  stm32f1xx_it.o
    0x08005c60   0x08005c60   0x00000050   Code   RO          403    .text.SystemInit    system_stm32f1xx.o
    0x08005cb0   0x08005cb0   0x0000000c   Code   RO          360    .text.TIM3_IRQHandler  stm32f1xx_it.o
    0x08005cbc   0x08005cbc   0x0000000c   Code   RO          362    .text.TIM4_IRQHandler  stm32f1xx_it.o
    0x08005cc8   0x08005cc8   0x00000084   Code   RO           67    .text.UI_Solider_EncoderAdjust  ui_solider.o
    0x08005d4c   0x08005d4c   0x00000056   Code   RO           53    .text.UI_Solider_Enter  ui_solider.o
    0x08005da2   0x08005da2   0x00000002   PAD
    0x08005da4   0x08005da4   0x0000000e   Code   RO           55    .text.UI_Solider_Exit  ui_solider.o
    0x08005db2   0x08005db2   0x00000002   PAD
    0x08005db4   0x08005db4   0x00000092   Code   RO           51    .text.UI_Solider_Init  ui_solider.o
    0x08005e46   0x08005e46   0x00000002   PAD
    0x08005e48   0x08005e48   0x0000000c   Code   RO           57    .text.UI_Solider_IsActive  ui_solider.o
    0x08005e54   0x08005e54   0x00000040   Code   RO           65    .text.UI_Solider_SelectPreset  ui_solider.o
    0x08005e94   0x08005e94   0x000004bc   Code   RO           69    .text.UI_Solider_Task  ui_solider.o
    0x08006350   0x08006350   0x0000004c   Code   RO         1531    .text.USBD_CDC_DataIn  usbd_cdc.o
    0x0800639c   0x0800639c   0x00000030   Code   RO         1533    .text.USBD_CDC_DataOut  usbd_cdc.o
    0x080063cc   0x080063cc   0x00000042   Code   RO         1525    .text.USBD_CDC_DeInit  usbd_cdc.o
    0x0800640e   0x0800640e   0x00000002   PAD
    0x08006410   0x08006410   0x0000002c   Code   RO         1529    .text.USBD_CDC_EP0_RxReady  usbd_cdc.o
    0x0800643c   0x0800643c   0x00000010   Code   RO         1541    .text.USBD_CDC_GetDeviceQualifierDescriptor  usbd_cdc.o
    0x0800644c   0x0800644c   0x00000010   Code   RO         1537    .text.USBD_CDC_GetFSCfgDesc  usbd_cdc.o
    0x0800645c   0x0800645c   0x00000010   Code   RO         1535    .text.USBD_CDC_GetHSCfgDesc  usbd_cdc.o
    0x0800646c   0x0800646c   0x00000010   Code   RO         1539    .text.USBD_CDC_GetOtherSpeedCfgDesc  usbd_cdc.o
    0x0800647c   0x0800647c   0x00000082   Code   RO         1523    .text.USBD_CDC_Init  usbd_cdc.o
    0x080064fe   0x080064fe   0x00000002   PAD
    0x08006500   0x08006500   0x0000002c   Code   RO         1551    .text.USBD_CDC_ReceivePacket  usbd_cdc.o
    0x0800652c   0x0800652c   0x0000000e   Code   RO         1543    .text.USBD_CDC_RegisterInterface  usbd_cdc.o
    0x0800653a   0x0800653a   0x00000002   PAD
    0x0800653c   0x0800653c   0x0000000c   Code   RO         1547    .text.USBD_CDC_SetRxBuffer  usbd_cdc.o
    0x08006548   0x08006548   0x00000010   Code   RO         1545    .text.USBD_CDC_SetTxBuffer  usbd_cdc.o
    0x08006558   0x08006558   0x000000c6   Code   RO         1527    .text.USBD_CDC_Setup  usbd_cdc.o
    0x0800661e   0x0800661e   0x00000002   PAD
    0x08006620   0x08006620   0x0000000e   Code   RO         1446    .text.USBD_ClrClassConfig  usbd_core.o
    0x0800662e   0x0800662e   0x00000002   PAD
    0x08006630   0x08006630   0x00000010   Code   RO         1507    .text.USBD_CtlContinueRx  usbd_ioreq.o
    0x08006640   0x08006640   0x00000010   Code   RO         1503    .text.USBD_CtlContinueSendData  usbd_ioreq.o
    0x08006650   0x08006650   0x00000016   Code   RO         1482    .text.USBD_CtlError  usbd_ctlreq.o
    0x08006666   0x08006666   0x00000002   PAD
    0x08006668   0x08006668   0x0000001a   Code   RO         1505    .text.USBD_CtlPrepareRx  usbd_ioreq.o
    0x08006682   0x08006682   0x00000002   PAD
    0x08006684   0x08006684   0x00000016   Code   RO         1511    .text.USBD_CtlReceiveStatus  usbd_ioreq.o
    0x0800669a   0x0800669a   0x00000002   PAD
    0x0800669c   0x0800669c   0x0000001a   Code   RO         1501    .text.USBD_CtlSendData  usbd_ioreq.o
    0x080066b6   0x080066b6   0x00000002   PAD
    0x080066b8   0x080066b8   0x00000016   Code   RO         1509    .text.USBD_CtlSendStatus  usbd_ioreq.o
    0x080066ce   0x080066ce   0x00000002   PAD
    0x080066d0   0x080066d0   0x00000024   Code   RO          296    .text.USBD_FS_ConfigStrDescriptor  usbd_desc.o
    0x080066f4   0x080066f4   0x0000000e   Code   RO          286    .text.USBD_FS_DeviceDescriptor  usbd_desc.o
    0x08006702   0x08006702   0x00000002   PAD
    0x08006704   0x08006704   0x00000028   Code   RO          298    .text.USBD_FS_InterfaceStrDescriptor  usbd_desc.o
    0x0800672c   0x0800672c   0x0000000e   Code   RO          288    .text.USBD_FS_LangIDStrDescriptor  usbd_desc.o
    0x0800673a   0x0800673a   0x00000002   PAD
    0x0800673c   0x0800673c   0x00000024   Code   RO          290    .text.USBD_FS_ManufacturerStrDescriptor  usbd_desc.o
    0x08006760   0x08006760   0x00000030   Code   RO          292    .text.USBD_FS_ProductStrDescriptor  usbd_desc.o
    0x08006790   0x08006790   0x00000170   Code   RO          294    .text.USBD_FS_SerialStrDescriptor  usbd_desc.o
    0x08006900   0x08006900   0x000000d2   Code   RO         1490    .text.USBD_GetString  usbd_ctlreq.o
    0x080069d2   0x080069d2   0x00000002   PAD
    0x080069d4   0x080069d4   0x00000030   Code   RO         1432    .text.USBD_Init     usbd_core.o
    0x08006a04   0x08006a04   0x00000022   Code   RO          256    .text.USBD_LL_ClearStallEP  usbd_conf.o
    0x08006a26   0x08006a26   0x00000002   PAD
    0x08006a28   0x08006a28   0x00000022   Code   RO          250    .text.USBD_LL_CloseEP  usbd_conf.o
    0x08006a4a   0x08006a4a   0x00000002   PAD
    0x08006a4c   0x08006a4c   0x000000ca   Code   RO         1452    .text.USBD_LL_DataInStage  usbd_core.o
    0x08006b16   0x08006b16   0x00000002   PAD
    0x08006b18   0x08006b18   0x0000007c   Code   RO         1450    .text.USBD_LL_DataOutStage  usbd_core.o
    0x08006b94   0x08006b94   0x00000008   Code   RO          266    .text.USBD_LL_GetRxDataSize  usbd_conf.o
    0x08006b9c   0x08006b9c   0x00000086   Code   RO          240    .text.USBD_LL_Init  usbd_conf.o
    0x08006c22   0x08006c22   0x00000002   PAD
    0x08006c24   0x08006c24   0x00000022   Code   RO          258    .text.USBD_LL_IsStallEP  usbd_conf.o
    0x08006c46   0x08006c46   0x00000002   PAD
    0x08006c48   0x08006c48   0x00000028   Code   RO          248    .text.USBD_LL_OpenEP  usbd_conf.o
    0x08006c70   0x08006c70   0x00000022   Code   RO          264    .text.USBD_LL_PrepareReceive  usbd_conf.o
    0x08006c92   0x08006c92   0x00000002   PAD
    0x08006c94   0x08006c94   0x00000054   Code   RO         1454    .text.USBD_LL_Reset  usbd_core.o
    0x08006ce8   0x08006ce8   0x00000014   Code   RO         1460    .text.USBD_LL_Resume  usbd_core.o
    0x08006cfc   0x08006cfc   0x0000001c   Code   RO         1462    .text.USBD_LL_SOF   usbd_core.o
    0x08006d18   0x08006d18   0x00000008   Code   RO         1456    .text.USBD_LL_SetSpeed  usbd_core.o
    0x08006d20   0x08006d20   0x00000022   Code   RO          260    .text.USBD_LL_SetUSBAddress  usbd_conf.o
    0x08006d42   0x08006d42   0x00000002   PAD
    0x08006d44   0x08006d44   0x0000005c   Code   RO         1448    .text.USBD_LL_SetupStage  usbd_core.o
    0x08006da0   0x08006da0   0x00000022   Code   RO          254    .text.USBD_LL_StallEP  usbd_conf.o
    0x08006dc2   0x08006dc2   0x00000002   PAD
    0x08006dc4   0x08006dc4   0x00000022   Code   RO          244    .text.USBD_LL_Start  usbd_conf.o
    0x08006de6   0x08006de6   0x00000002   PAD
    0x08006de8   0x08006de8   0x00000014   Code   RO         1458    .text.USBD_LL_Suspend  usbd_core.o
    0x08006dfc   0x08006dfc   0x00000022   Code   RO          262    .text.USBD_LL_Transmit  usbd_conf.o
    0x08006e1e   0x08006e1e   0x00000002   PAD
    0x08006e20   0x08006e20   0x00000016   Code   RO         1488    .text.USBD_ParseSetupRequest  usbd_ctlreq.o
    0x08006e36   0x08006e36   0x00000002   PAD
    0x08006e38   0x08006e38   0x0000000e   Code   RO         1436    .text.USBD_RegisterClass  usbd_core.o
    0x08006e46   0x08006e46   0x00000002   PAD
    0x08006e48   0x08006e48   0x0000001c   Code   RO         1444    .text.USBD_SetClassConfig  usbd_core.o
    0x08006e64   0x08006e64   0x0000000a   Code   RO         1438    .text.USBD_Start    usbd_core.o
    0x08006e6e   0x08006e6e   0x00000002   PAD
    0x08006e70   0x08006e70   0x000002ea   Code   RO         1480    .text.USBD_StdDevReq  usbd_ctlreq.o
    0x0800715a   0x0800715a   0x00000002   PAD
    0x0800715c   0x0800715c   0x00000148   Code   RO         1486    .text.USBD_StdEPReq  usbd_ctlreq.o
    0x080072a4   0x080072a4   0x00000054   Code   RO         1484    .text.USBD_StdItfReq  usbd_ctlreq.o
    0x080072f8   0x080072f8   0x00000002   Code   RO          272    .text.USBD_static_free  usbd_conf.o
    0x080072fa   0x080072fa   0x00000002   PAD
    0x080072fc   0x080072fc   0x0000000a   Code   RO          270    .text.USBD_static_malloc  usbd_conf.o
    0x08007306   0x08007306   0x00000002   PAD
    0x08007308   0x08007308   0x00000288   Code   RO          536    .text.USB_ActivateEndpoint  stm32f1xx_ll_usb.o
    0x08007590   0x08007590   0x00000004   Code   RO          520    .text.USB_CoreInit  stm32f1xx_ll_usb.o
    0x08007594   0x08007594   0x000000de   Code   RO          538    .text.USB_DeactivateEndpoint  stm32f1xx_ll_usb.o
    0x08007672   0x08007672   0x00000002   PAD
    0x08007674   0x08007674   0x00000004   Code   RO          556    .text.USB_DevConnect  stm32f1xx_ll_usb.o
    0x08007678   0x08007678   0x00000004   Code   RO          558    .text.USB_DevDisconnect  stm32f1xx_ll_usb.o
    0x0800767c   0x0800767c   0x00000026   Code   RO          528    .text.USB_DevInit   stm32f1xx_ll_usb.o
    0x080076a2   0x080076a2   0x00000002   PAD
    0x080076a4   0x080076a4   0x00000014   Code   RO          524    .text.USB_DisableGlobalInt  stm32f1xx_ll_usb.o
    0x080076b8   0x080076b8   0x00000004   Code   RO          572    .text.USB_EP0_OutStart  stm32f1xx_ll_usb.o
    0x080076bc   0x080076bc   0x00000074   Code   RO          550    .text.USB_EPClearStall  stm32f1xx_ll_usb.o
    0x08007730   0x08007730   0x00000032   Code   RO          548    .text.USB_EPSetStall  stm32f1xx_ll_usb.o
    0x08007762   0x08007762   0x00000002   PAD
    0x08007764   0x08007764   0x0000029a   Code   RO          540    .text.USB_EPStartXfer  stm32f1xx_ll_usb.o
    0x080079fe   0x080079fe   0x00000002   PAD
    0x08007a00   0x08007a00   0x00000012   Code   RO          522    .text.USB_EnableGlobalInt  stm32f1xx_ll_usb.o
    0x08007a12   0x08007a12   0x00000002   PAD
    0x08007a14   0x08007a14   0x0000000c   Code   RO          358    .text.USB_LP_CAN1_RX0_IRQHandler  stm32f1xx_it.o
    0x08007a20   0x08007a20   0x00000006   Code   RO          560    .text.USB_ReadInterrupts  stm32f1xx_ll_usb.o
    0x08007a26   0x08007a26   0x00000002   PAD
    0x08007a28   0x08007a28   0x000000b4   Code   RO          578    .text.USB_ReadPMA   stm32f1xx_ll_usb.o
    0x08007adc   0x08007adc   0x00000004   Code   RO          526    .text.USB_SetCurrentMode  stm32f1xx_ll_usb.o
    0x08007ae0   0x08007ae0   0x0000000e   Code   RO          554    .text.USB_SetDevAddress  stm32f1xx_ll_usb.o
    0x08007aee   0x08007aee   0x00000002   PAD
    0x08007af0   0x08007af0   0x000009b0   Code   RO           19    .text.UpdateMain    ui.o
    0x080084a0   0x080084a0   0x00000190   Code   RO           23    .text.UpdateSettings  ui.o
    0x08008630   0x08008630   0x00000294   Code   RO           71    .text.UpdateValues  ui_solider.o
    0x080088c4   0x080088c4   0x00000002   Code   RO          342    .text.UsageFault_Handler  stm32f1xx_it.o
    0x080088c6   0x080088c6   0x00000002   PAD
    0x080088c8   0x080088c8   0x000000ca   Code   RO           31    .text.WriteCached   ui.o
    0x08008992   0x08008992   0x00000002   PAD
    0x08008994   0x08008994   0x000000c2   Code   RO           77    .text.WriteCached   ui_solider.o
    0x08008a56   0x08008a56   0x00000002   PAD
    0x08008a58   0x08008a58   0x0000009c   Code   RO          131    .text.drawHline     st7735_spi.o
    0x08008af4   0x08008af4   0x00000048   Code   RO          135    .text.drawRect      st7735_spi.o
    0x08008b3c   0x08008b3c   0x0000009a   Code   RO          133    .text.drawVline     st7735_spi.o
    0x08008bd6   0x08008bd6   0x00000002   PAD
    0x08008bd8   0x08008bd8   0x00000148   Code   RO          169    .text.handle_temp   main.o
    0x08008d20   0x08008d20   0x00000498   Code   RO          175    .text.main          main.o
    0x080091b8   0x080091b8   0x00000028   Code   RO         1788    i.__0sprintf$8      mc_w.l(printf8.o)
    0x080091e0   0x080091e0   0x0000000a   Code   RO         1862    i.__mathlib_flt_divzero  m_ws.l(funder.o)
    0x080091ea   0x080091ea   0x00000006   Code   RO         1863    i.__mathlib_flt_infnan  m_ws.l(funder.o)
    0x080091f0   0x080091f0   0x00000008   Code   RO         1865    i.__mathlib_flt_invalid  m_ws.l(funder.o)
    0x080091f8   0x080091f8   0x0000000e   Code   RO         1944    i.__scatterload_copy  mc_w.l(handlers.o)
    0x08009206   0x08009206   0x00000002   Code   RO         1945    i.__scatterload_null  mc_w.l(handlers.o)
    0x08009208   0x08009208   0x0000000e   Code   RO         1946    i.__scatterload_zeroinit  mc_w.l(handlers.o)
    0x08009216   0x08009216   0x00000002   PAD
    0x08009218   0x08009218   0x0000000c   Code   RO         1910    i.__set_errno       mc_w.l(errno.o)
    0x08009224   0x08009224   0x00000410   Code   RO         1793    i._printf_core      mc_w.l(printf8.o)
    0x08009634   0x08009634   0x00000024   Code   RO         1794    i._printf_post_padding  mc_w.l(printf8.o)
    0x08009658   0x08009658   0x0000002e   Code   RO         1795    i._printf_pre_padding  mc_w.l(printf8.o)
    0x08009686   0x08009686   0x0000000a   Code   RO         1797    i._sputc            mc_w.l(printf8.o)
    0x08009690   0x08009690   0x00000190   Code   RO         1566    i.logf              m_ws.l(logf.o)
    0x08009820   0x08009820   0x00000040   Data   RO         1567    .constdata          m_ws.l(logf.o)
    0x08009860   0x08009860   0x00000002   Data   RO          677    .rodata..L__const.HAL_RCC_GetSysClockFreq.aPredivFactorTable  stm32f1xx_hal_rcc.o
    0x08009862   0x08009862   0x00000010   Data   RO          408    .rodata.AHBPrescTable  system_stm32f1xx.o
    0x08009872   0x08009872   0x00000008   Data   RO          409    .rodata.APBPrescTable  system_stm32f1xx.o
    0x0800987a   0x0800987a   0x00000d5c   Data   RO          155    .rodata.Font11x18   fonts.o
    0x0800a5d6   0x0800a5d6   0x0000134c   Data   RO          156    .rodata.Font16x26   fonts.o
    0x0800b922   0x0800b922   0x0000076c   Data   RO          150    .rodata.Font7x10    fonts.o
    0x0800c08e   0x0800c08e   0x00000010   Data   RO          676    .rodata.cst16       stm32f1xx_hal_rcc.o
    0x0800c09e   0x0800c09e   0x0000003b   Data   RO          139    .rodata.init_cmds1  st7735_spi.o
    0x0800c0d9   0x0800c0d9   0x0000000d   Data   RO          140    .rodata.init_cmds2  st7735_spi.o
    0x0800c0e6   0x0800c0e6   0x0000002b   Data   RO          141    .rodata.init_cmds3  st7735_spi.o
    0x0800c111   0x0800c111   0x00000040   Data   RO           35    .rodata.str1.1      ui.o
    0x0800c151   0x0800c151   0x0000000a   Data   RO           81    .rodata.str1.1      ui_solider.o
    0x0800c15b   0x0800c15b   0x00000001   PAD
    0x0800c15c   0x0800c15c   0x00000020   Data   RO         1943    Region$$Table       anon$$obj.o


    Execution Region RW_IRAM1 (Exec base: 0x20000000, Load base: 0x0800c180, Size: 0x00001518, Max: 0x00005000, ABSOLUTE, COMPRESSED[0x00000108])

    Exec Addr    Load Addr    Size         Type   Attr      Idx    E Section Name        Object

    0x20000000   COMPRESSED   0x00000004   Data   RW         1911    .data               mc_w.l(errno.o)
    0x20000004   COMPRESSED   0x00000018   Data   RW           36    .data..L_MergedGlobals  ui.o
    0x2000001c   COMPRESSED   0x0000000c   Data   RW           82    .data..L_MergedGlobals  ui_solider.o
    0x20000028   COMPRESSED   0x00000008   Data   RW          639    .data..L_MergedGlobals  stm32f1xx_hal.o
    0x20000030   COMPRESSED   0x0000001c   Data   RW          300    .data.FS_Desc       usbd_desc.o
    0x2000004c   COMPRESSED   0x00000008   Data   RW          152    .data.Font_11x18    fonts.o
    0x20000054   COMPRESSED   0x00000008   Data   RW          153    .data.Font_16x26    fonts.o
    0x2000005c   COMPRESSED   0x00000008   Data   RW          151    .data.Font_7x10     fonts.o
    0x20000064   COMPRESSED   0x00000040   Data   RW          182    .data.PowerStage    main.o
    0x200000a4   COMPRESSED   0x00000004   Data   RW          407    .data.SystemCoreClock  system_stm32f1xx.o
    0x200000a8   COMPRESSED   0x00000038   Data   RW         1553    .data.USBD_CDC      usbd_cdc.o
    0x200000e0   COMPRESSED   0x00000043   Data   RW         1555    .data.USBD_CDC_CfgFSDesc  usbd_cdc.o
    0x20000123   COMPRESSED   0x00000001   PAD
    0x20000124   COMPRESSED   0x00000043   Data   RW         1554    .data.USBD_CDC_CfgHSDesc  usbd_cdc.o
    0x20000167   COMPRESSED   0x00000001   PAD
    0x20000168   COMPRESSED   0x0000000a   Data   RW         1557    .data.USBD_CDC_DeviceQualifierDesc  usbd_cdc.o
    0x20000172   COMPRESSED   0x00000002   PAD
    0x20000174   COMPRESSED   0x00000043   Data   RW         1556    .data.USBD_CDC_OtherSpeedCfgDesc  usbd_cdc.o
    0x200001b7   COMPRESSED   0x00000001   PAD
    0x200001b8   COMPRESSED   0x00000012   Data   RW          301    .data.USBD_FS_DeviceDesc  usbd_desc.o
    0x200001ca   COMPRESSED   0x00000002   PAD
    0x200001cc   COMPRESSED   0x00000010   Data   RW          323    .data.USBD_Interface_fops_FS  usbd_cdc_if.o
    0x200001dc   COMPRESSED   0x00000004   Data   RW          302    .data.USBD_LangIDDesc  usbd_desc.o
    0x200001e0   COMPRESSED   0x0000001a   Data   RW          303    .data.USBD_StringSerial  usbd_desc.o
    0x200001fa   COMPRESSED   0x00000002   Data   RW           79    .data.solider_pwm_ccr  ui_solider.o
    0x200001fc   COMPRESSED   0x00000004   PAD
    0x20000200        -       0x00000050   Zero   RW          195    .bss..L_MergedGlobals  main.o
    0x20000250        -       0x00000078   Zero   RW           83    .bss..L_MergedGlobals.14  ui_solider.o
    0x200002c8        -       0x00000070   Zero   RW           84    .bss..L_MergedGlobals.15  ui_solider.o
    0x20000338        -       0x00000060   Zero   RW          196    .bss..L_MergedGlobals.2  main.o
    0x20000398        -       0x00000070   Zero   RW           37    .bss..L_MergedGlobals.34  ui.o
    0x20000408        -       0x00000070   Zero   RW           38    .bss..L_MergedGlobals.35  ui.o
    0x20000478        -       0x00000060   Zero   RW           39    .bss..L_MergedGlobals.36  ui.o
    0x200004d8        -       0x00000040   Zero   RW           40    .bss..L_MergedGlobals.37  ui.o
    0x20000518        -       0x00000001   Zero   RW         1492    .bss.USBD_SetConfig.cfgidx  usbd_ctlreq.o
    0x20000519   COMPRESSED   0x00000003   PAD
    0x2000051c        -       0x00000200   Zero   RW          304    .bss.USBD_StrDesc   usbd_desc.o
    0x2000071c        -       0x00000220   Zero   RW          277    .bss.USBD_static_malloc.mem  usbd_conf.o
    0x2000093c        -       0x00000040   Zero   RW          324    .bss.UserRxBufferFS  usbd_cdc_if.o
    0x2000097c        -       0x00000040   Zero   RW          325    .bss.UserTxBufferFS  usbd_cdc_if.o
    0x200009bc        -       0x000002c4   Zero   RW          207    .bss.hUsbDeviceFS   usb_device.o
    0x20000c80        -       0x00000044   Zero   RW          189    .bss.hdma_adc1      main.o
    0x20000cc4        -       0x00000044   Zero   RW          191    .bss.hdma_spi1_tx   main.o
    0x20000d08        -       0x0000026c   Zero   RW          276    .bss.hpcd_USB_FS    usbd_conf.o
    0x20000f74        -       0x00000058   Zero   RW          190    .bss.hspi1          main.o
    0x20000fcc        -       0x00000040   Zero   RW          192    .bss.htim1          main.o
    0x2000100c        -       0x00000040   Zero   RW          187    .bss.htim2          main.o
    0x2000104c        -       0x00000040   Zero   RW          188    .bss.htim3          main.o
    0x2000108c        -       0x00000040   Zero   RW          193    .bss.htim4          main.o
    0x200010cc   COMPRESSED   0x00000004   PAD
    0x200010d0        -       0x00000020   Zero   RW          864    .bss.pFlash         stm32f1xx_hal_flash.o
    0x200010f0        -       0x00000024   Zero   RW           80    .bss.sol            ui_solider.o
    0x20001114        -       0x00000004   Zero   RW          638    .bss.uwTick         stm32f1xx_hal.o
    0x20001118        -       0x00000400   Zero   RW            1    STACK               startup_stm32f103xb.o


==============================================================================

Image component sizes


      Code (inc. data)   RO Data    RW Data    ZI Data      Debug   Object Name

         0          0      10260         24          0        945   fonts.o
      3646          0          0         64        656      21537   main.o
      1642          0        115          0          0      15676   st7735_spi.o
        36          8        236          0       1024        808   startup_stm32f103xb.o
       188          0          0          8          4       5725   stm32f1xx_hal.o
      2596          0          0          0          0      13715   stm32f1xx_hal_adc.o
       248          0          0          0          0       9441   stm32f1xx_hal_adc_ex.o
       196          0          0          0          0       8429   stm32f1xx_hal_cortex.o
       688          0          0          0          0       8572   stm32f1xx_hal_dma.o
       542          0          0          0         32       6074   stm32f1xx_hal_flash.o
       238          0          0          0          0       7169   stm32f1xx_hal_flash_ex.o
       550         22          0          0          0       4662   stm32f1xx_hal_gpio.o
      1056          0          0          0          0      10528   stm32f1xx_hal_msp.o
      2096          0          0          0          0      12136   stm32f1xx_hal_pcd.o
        64          0          0          0          0       4094   stm32f1xx_hal_pcd_ex.o
      1504          0         18          0          0       8073   stm32f1xx_hal_rcc.o
       506         20          0          0          0       3672   stm32f1xx_hal_rcc_ex.o
       714          0          0          0          0      25670   stm32f1xx_hal_spi.o
      2288          4          0          0          0      50569   stm32f1xx_hal_tim.o
       296          0          0          0          0      17071   stm32f1xx_hal_tim_ex.o
       110          0          0          0          0       7232   stm32f1xx_it.o
      1998          6          0          0          0      15638   stm32f1xx_ll_usb.o
        80          0         24          4          0       2130   system_stm32f1xx.o
      6598        188         64         24        384      20227   ui.o
      3446         48         10         14        268      13758   ui_solider.o
       114          0          0          0        708       2906   usb_device.o
       712          0          0        267          0      10193   usbd_cdc.o
        80          0          0         16        128       4387   usbd_cdc_if.o
       674          0          0          0       1164      16024   usbd_conf.o
       692          0          0          0          0       7942   usbd_core.o
      1412         40          0          0          1       9229   usbd_ctlreq.o
       556         64          0         76        512       4138   usbd_desc.o
       128          0          0          0          0       4433   usbd_ioreq.o

    ----------------------------------------------------------------------
     35924        400      10760        504       4892     352803   Object Totals
         0          0         32          0          0          0   (incl. Generated)
       230          0          1          7         11          0   (incl. Padding)

    ----------------------------------------------------------------------

      Code (inc. data)   RO Data    RW Data    ZI Data      Debug   Library Member Name

        24          0          0          0          0        204   funder.o
       400         38         64          0          0        132   logf.o
        86          0          0          0          0          0   __dczerorl2.o
         0          0          0          0          0          0   entry.o
         0          0          0          0          0          0   entry10a.o
         0          0          0          0          0          0   entry11a.o
         8          4          0          0          0          0   entry2.o
         4          0          0          0          0          0   entry5.o
         0          0          0          0          0          0   entry7b.o
         0          0          0          0          0          0   entry8b.o
         8          4          0          0          0          0   entry9a.o
        12          6          0          4          0         68   errno.o
        30          0          0          0          0          0   handlers.o
        48         10          0          0          0         68   init.o
         0          0          0          0          0          0   iusefp.o
        30          0          0          0          0         68   llshl.o
        32          0          0          0          0         68   llushr.o
      1172         50          0          0          0        420   printf8.o
        28          0          0          0          0         76   strcmp.o
        14          0          0          0          0         68   strlen.o
        24          0          0          0          0         76   strncpy.o
        98          0          0          0          0         92   uldiv.o
       176          0          0          0          0        140   fadd.o
        28          0          0          0          0         68   fcmpge.o
        28          0          0          0          0         68   fcmpgt.o
        28          0          0          0          0         68   fcmple.o
        28          0          0          0          0         68   fcmplt.o
       124          0          0          0          0         88   fdiv.o
       110          0          0          0          0        168   fepilogue.o
        50          0          0          0          0         68   ffixi.o
        40          0          0          0          0         68   ffixui.o
        18          0          0          0          0         68   fflti.o
        10          0          0          0          0         68   ffltui.o
       100          0          0          0          0         76   fmul.o
        24          0          0          0          0         68   fscalb.o

    ----------------------------------------------------------------------
      2784        112         64          4          0       2424   Library Totals
         2          0          0          0          0          0   (incl. Padding)

    ----------------------------------------------------------------------

      Code (inc. data)   RO Data    RW Data    ZI Data      Debug   Library Name

       424         38         64          0          0        336   m_ws.l
      1594         74          0          4          0       1004   mc_w.l
       764          0          0          0          0       1084   mf_w.l

    ----------------------------------------------------------------------
      2784        112         64          4          0       2424   Library Totals

    ----------------------------------------------------------------------

==============================================================================


      Code (inc. data)   RO Data    RW Data    ZI Data      Debug   

     38708        512      10824        508       4892     353507   Grand Totals
     38708        512      10824        264       4892     353507   ELF Image Totals (compressed)
     38708        512      10824        264          0          0   ROM Totals

==============================================================================

    Total RO  Size (Code + RO Data)                49532 (  48.37kB)
    Total RW  Size (RW Data + ZI Data)              5400 (   5.27kB)
    Total ROM Size (Code + RO Data + RW Data)      49796 (  48.63kB)

==============================================================================

